Archive member included to satisfy reference by file (symbol)

c:/program files (x86)/gnu arm embedded toolchain/10 2021.10/bin/../lib/gcc/arm-none-eabi/10.3.1/../../../../arm-none-eabi/lib/thumb/v7-m/nofp\libc.a(lib_a-atof.o)
                              OBJECTS/rs485.o (atof)
c:/program files (x86)/gnu arm embedded toolchain/10 2021.10/bin/../lib/gcc/arm-none-eabi/10.3.1/../../../../arm-none-eabi/lib/thumb/v7-m/nofp\libc.a(lib_a-atoi.o)
                              OBJECTS/rtclock.o (atoi)
c:/program files (x86)/gnu arm embedded toolchain/10 2021.10/bin/../lib/gcc/arm-none-eabi/10.3.1/../../../../arm-none-eabi/lib/thumb/v7-m/nofp\libc.a(lib_a-errno.o)
                              OBJECTS/syscalls.o (__errno)
c:/program files (x86)/gnu arm embedded toolchain/10 2021.10/bin/../lib/gcc/arm-none-eabi/10.3.1/../../../../arm-none-eabi/lib/thumb/v7-m/nofp\libc.a(lib_a-impure.o)
                              c:/program files (x86)/gnu arm embedded toolchain/10 2021.10/bin/../lib/gcc/arm-none-eabi/10.3.1/../../../../arm-none-eabi/lib/thumb/v7-m/nofp\libc.a(lib_a-errno.o) (_impure_ptr)
c:/program files (x86)/gnu arm embedded toolchain/10 2021.10/bin/../lib/gcc/arm-none-eabi/10.3.1/../../../../arm-none-eabi/lib/thumb/v7-m/nofp\libc.a(lib_a-itoa.o)
                              OBJECTS/rtclock.o (itoa)
c:/program files (x86)/gnu arm embedded toolchain/10 2021.10/bin/../lib/gcc/arm-none-eabi/10.3.1/../../../../arm-none-eabi/lib/thumb/v7-m/nofp\libc.a(lib_a-memcpy.o)
                              OBJECTS/queue.o (memcpy)
c:/program files (x86)/gnu arm embedded toolchain/10 2021.10/bin/../lib/gcc/arm-none-eabi/10.3.1/../../../../arm-none-eabi/lib/thumb/v7-m/nofp\libc.a(lib_a-memset.o)
                              OBJECTS/syscalls.o (memset)
c:/program files (x86)/gnu arm embedded toolchain/10 2021.10/bin/../lib/gcc/arm-none-eabi/10.3.1/../../../../arm-none-eabi/lib/thumb/v7-m/nofp\libc.a(lib_a-strcat.o)
                              OBJECTS/rtclock.o (strcat)
c:/program files (x86)/gnu arm embedded toolchain/10 2021.10/bin/../lib/gcc/arm-none-eabi/10.3.1/../../../../arm-none-eabi/lib/thumb/v7-m/nofp\libc.a(lib_a-strcmp.o)
                              OBJECTS/modem.o (strcmp)
c:/program files (x86)/gnu arm embedded toolchain/10 2021.10/bin/../lib/gcc/arm-none-eabi/10.3.1/../../../../arm-none-eabi/lib/thumb/v7-m/nofp\libc.a(lib_a-strcpy.o)
                              OBJECTS/smp_protocol.o (strcpy)
c:/program files (x86)/gnu arm embedded toolchain/10 2021.10/bin/../lib/gcc/arm-none-eabi/10.3.1/../../../../arm-none-eabi/lib/thumb/v7-m/nofp\libc.a(lib_a-strlen-stub.o)
                              OBJECTS/rtclock.o (strlen)
c:/program files (x86)/gnu arm embedded toolchain/10 2021.10/bin/../lib/gcc/arm-none-eabi/10.3.1/../../../../arm-none-eabi/lib/thumb/v7-m/nofp\libc.a(lib_a-strncpy.o)
                              OBJECTS/tasks.o (strncpy)
c:/program files (x86)/gnu arm embedded toolchain/10 2021.10/bin/../lib/gcc/arm-none-eabi/10.3.1/../../../../arm-none-eabi/lib/thumb/v7-m/nofp\libc.a(lib_a-strtod.o)
                              c:/program files (x86)/gnu arm embedded toolchain/10 2021.10/bin/../lib/gcc/arm-none-eabi/10.3.1/../../../../arm-none-eabi/lib/thumb/v7-m/nofp\libc.a(lib_a-atof.o) (strtod)
c:/program files (x86)/gnu arm embedded toolchain/10 2021.10/bin/../lib/gcc/arm-none-eabi/10.3.1/../../../../arm-none-eabi/lib/thumb/v7-m/nofp\libc.a(lib_a-strtol.o)
                              c:/program files (x86)/gnu arm embedded toolchain/10 2021.10/bin/../lib/gcc/arm-none-eabi/10.3.1/../../../../arm-none-eabi/lib/thumb/v7-m/nofp\libc.a(lib_a-atoi.o) (_strtol_r)
c:/program files (x86)/gnu arm embedded toolchain/10 2021.10/bin/../lib/gcc/arm-none-eabi/10.3.1/../../../../arm-none-eabi/lib/thumb/v7-m/nofp\libc.a(lib_a-utoa.o)
                              c:/program files (x86)/gnu arm embedded toolchain/10 2021.10/bin/../lib/gcc/arm-none-eabi/10.3.1/../../../../arm-none-eabi/lib/thumb/v7-m/nofp\libc.a(lib_a-itoa.o) (__utoa)
c:/program files (x86)/gnu arm embedded toolchain/10 2021.10/bin/../lib/gcc/arm-none-eabi/10.3.1/../../../../arm-none-eabi/lib/thumb/v7-m/nofp\libc.a(lib_a-ctype_.o)
                              c:/program files (x86)/gnu arm embedded toolchain/10 2021.10/bin/../lib/gcc/arm-none-eabi/10.3.1/../../../../arm-none-eabi/lib/thumb/v7-m/nofp\libc.a(lib_a-strtol.o) (_ctype_)
c:/program files (x86)/gnu arm embedded toolchain/10 2021.10/bin/../lib/gcc/arm-none-eabi/10.3.1/../../../../arm-none-eabi/lib/thumb/v7-m/nofp\libc.a(lib_a-gdtoa-gethex.o)
                              c:/program files (x86)/gnu arm embedded toolchain/10 2021.10/bin/../lib/gcc/arm-none-eabi/10.3.1/../../../../arm-none-eabi/lib/thumb/v7-m/nofp\libc.a(lib_a-strtod.o) (__gethex)
c:/program files (x86)/gnu arm embedded toolchain/10 2021.10/bin/../lib/gcc/arm-none-eabi/10.3.1/../../../../arm-none-eabi/lib/thumb/v7-m/nofp\libc.a(lib_a-gdtoa-hexnan.o)
[...]
Memory Configuration

Name             Origin             Length             Attributes
RAM              0x20000000         0x0000c000         xrw
EXTSRAM          0x68000000         0x00000000         xrw
FLASH            0x08000000         0x0003f800         xr
EEMUL            0x0803f800         0x00000800         xrw
FLASHB1          0x00000000         0x00000000         xr
EXTMEMB0         0x00000000         0x00000000         xr
EXTMEMB1         0x00000000         0x00000000         xr
EXTMEMB2         0x00000000         0x00000000         xr
EXTMEMB3         0x00000000         0x00000000         xr
*default*        0x00000000         0xffffffff

Linker script and memory map

LOAD OBJECTS/core_cm3.o
LOAD OBJECTS/startup_stm32f10x_hd_mthomas.o
LOAD OBJECTS/syscalls.o
LOAD OBJECTS/hwinit.o
LOAD OBJECTS/tasks.o
LOAD OBJECTS/queue.o
LOAD OBJECTS/list.o
LOAD OBJECTS/port.o
LOAD OBJECTS/heap_2.o
LOAD OBJECTS/stm32f10x_adc.o
LOAD OBJECTS/stm32f10x_usart.o
LOAD OBJECTS/stm32f10x_flash.o
LOAD OBJECTS/stm32f10x_gpio.o
LOAD OBJECTS/stm32f10x_rcc.o
LOAD OBJECTS/stm32f10x_spi.o
LOAD OBJECTS/stm32f10x_rtc.o
LOAD OBJECTS/stm32f10x_bkp.o
LOAD OBJECTS/stm32f10x_pwr.o
LOAD OBJECTS/stm32f10x_iwdg.o
LOAD OBJECTS/stm32f10x_dma.o
LOAD OBJECTS/stm32f10x_tim.o
LOAD OBJECTS/stm32f10x_i2c.o
LOAD OBJECTS/misc.o
LOAD OBJECTS/adc.o
LOAD OBJECTS/uart.o
LOAD OBJECTS/pwmcapture.o
LOAD OBJECTS/rtclock.o
LOAD OBJECTS/rvnet.o
LOAD OBJECTS/error.o
LOAD OBJECTS/rvnettcp.o
LOAD OBJECTS/memman.o
LOAD OBJECTS/crc.o
LOAD OBJECTS/main.o
LOAD OBJECTS/stm32f10x_it.o
LOAD OBJECTS/gprscon.o
LOAD OBJECTS/led.o
LOAD OBJECTS/clock.o
LOAD OBJECTS/logica.o
LOAD OBJECTS/rs485.o
LOAD OBJECTS/usbtask.o
LOAD OBJECTS/reletest.o
LOAD OBJECTS/iec61107.o
LOAD OBJECTS/smp_protocol.o
LOAD OBJECTS/usermemory.o
LOAD OBJECTS/diskrets.o
LOAD OBJECTS/relay.o
LOAD OBJECTS/usart2.o
LOAD OBJECTS/modem.o
LOAD OBJECTS/journal.o
LOAD OBJECTS/translator.o
LOAD OBJECTS/i2c_ee.o
LOAD OBJECTS/mios32_iic.o
LOAD OBJECTS/mios32_irq.o
LOAD OBJECTS/usb_desc.o
LOAD OBJECTS/usb_endp.o
LOAD OBJECTS/usb_istr.o
LOAD OBJECTS/usb_prop.o
LOAD OBJECTS/usb_pwr.o
LOAD OBJECTS/hw_config.o
LOAD OBJECTS/usb_core.o
LOAD OBJECTS/usb_init.o
LOAD OBJECTS/usb_int.o
LOAD OBJECTS/usb_mem.o
LOAD OBJECTS/usb_regs.o
LOAD OBJECTS/usb_sil.o
LOAD c:/program files (x86)/gnu arm embedded toolchain/10 2021.10/bin/../lib/gcc/arm-none-eabi/10.3.1/../../../../arm-none-eabi/lib/thumb/v7-m/nofp\libc.a
LOAD c:/program files (x86)/gnu arm embedded toolchain/10 2021.10/bin/../lib/gcc/arm-none-eabi/10.3.1/../../../../arm-none-eabi/lib/thumb/v7-m/nofp\libm.a
LOAD c:/program files (x86)/gnu arm embedded toolchain/10 2021.10/bin/../lib/gcc/arm-none-eabi/10.3.1/../../../../arm-none-eabi/lib/thumb/v7-m/nofp\libc.a
LOAD c:/program files (x86)/gnu arm embedded toolchain/10 2021.10/bin/../lib/gcc/arm-none-eabi/10.3.1/thumb/v7-m/nofp\libgcc.a
START GROUP
LOAD c:/program files (x86)/gnu arm embedded toolchain/10 2021.10/bin/../lib/gcc/arm-none-eabi/10.3.1/thumb/v7-m/nofp\libgcc.a
LOAD c:/program files (x86)/gnu arm embedded toolchain/10 2021.10/bin/../lib/gcc/arm-none-eabi/10.3.1/../../../../arm-none-eabi/lib/thumb/v7-m/nofp\libg.a
LOAD c:/program files (x86)/gnu arm embedded toolchain/10 2021.10/bin/../lib/gcc/arm-none-eabi/10.3.1/../../../../arm-none-eabi/lib/thumb/v7-m/nofp\libc.a
END GROUP
                0x2000c000                _estack = (ORIGIN (RAM) + LENGTH (RAM))
                0x0803f800                _seemul = ORIGIN (EEMUL)
                0x00000100                _Minimum_Stack_Size = 0x100
                0x00000001                ASSERT ((ORIGIN (FLASH) == ALIGN (ORIGIN (FLASH), 0x80)), Start of memory region flash not aligned for startup vector table)

.text           0x08000000     0xce6c
                0x08000000                . = ALIGN (0x80)
                0x00000000                _isr_vectorsflash_offs = (. - 0x8000000)
 *(.isr_vectorsflash)
 .isr_vectorsflash
                0x08000000        0x8 OBJECTS/startup_stm32f10x_hd_mthomas.o
                0x08000000                g_pfnVectorsStartup
                0x08000008                . = ALIGN (0x4)
 *(.text)
 .text          0x08000008       0xec c:/program files (x86)/gnu arm embedded toolchain/10 2021.10/bin/../lib/gcc/arm-none-eabi/10.3.1/../../../../arm-none-eabi/lib/thumb/v7-m/nofp\libc.a(lib_a-memcpy.o)
                0x08000008                memcpy
 *(.text.*)
 .text.Reset_Handler
                0x080000f4       0x38 OBJECTS/startup_stm32f10x_hd_mthomas.o
                0x080000f4                Reset_Handler
 .text.__Init_Data
                0x0800012c       0x68 OBJECTS/startup_stm32f10x_hd_mthomas.o
                0x0800012c                __Init_Data
 .text.Default_Handler
                0x08000194        0x6 OBJECTS/startup_stm32f10x_hd_mthomas.o
                0x08000194                EXTI2_IRQHandler
                0x08000194                TIM8_TRG_COM_IRQHandler
                0x08000194                TIM1_CC_IRQHandler
                0x08000194                TIM6_IRQHandler
                0x08000194                PVD_IRQHandler
                0x08000194                SDIO_IRQHandler
                0x08000194                EXTI3_IRQHandler
                0x08000194                EXTI0_IRQHandler
                0x08000194                I2C2_EV_IRQHandler
                0x08000194                ADC1_2_IRQHandler
                0x08000194                SPI1_IRQHandler
                0x08000194                TAMPER_IRQHandler
                0x08000194                TIM8_UP_IRQHandler
                0x08000194                DMA2_Channel2_IRQHandler
                0x08000194                DMA1_Channel4_IRQHandler
                0x08000194                USART3_IRQHandler
                0x08000194                RTC_IRQHandler
                0x08000194                DMA1_Channel7_IRQHandler
                0x08000194                CAN1_RX1_IRQHandler
                0x08000194                UART5_IRQHandler
                0x08000194                ADC3_IRQHandler
                0x08000194                TIM4_IRQHandler
                0x08000194                DMA2_Channel1_IRQHandler
                0x08000194                DMA1_Channel6_IRQHandler
                0x08000194                TIM3_IRQHandler
                0x08000194                RCC_IRQHandler
                0x08000194                TIM1_TRG_COM_IRQHandler
                0x08000194                DMA1_Channel1_IRQHandler
                0x08000194                Default_Handler
                0x08000194                EXTI15_10_IRQHandler
                0x08000194                TIM7_IRQHandler
                0x08000194                EXTI9_5_IRQHandler
                0x08000194                SPI2_IRQHandler
                0x08000194                DMA1_Channel5_IRQHandler
                0x08000194                EXTI4_IRQHandler
                0x08000194                USB_HP_CAN1_TX_IRQHandler
                0x08000194                FSMC_IRQHandler
                0x08000194                TIM1_UP_IRQHandler
                0x08000194                WWDG_IRQHandler
                0x08000194                TIM2_IRQHandler
                0x08000194                TIM1_BRK_IRQHandler
                0x08000194                EXTI1_IRQHandler
                0x08000194                RTCAlarm_IRQHandler
                0x08000194                USART2_IRQHandler
                0x08000194                I2C2_ER_IRQHandler
                0x08000194                TIM8_BRK_IRQHandler
                0x08000194                CAN1_SCE_IRQHandler
                0x08000194                FLASH_IRQHandler
                0x08000194                USART1_IRQHandler
                0x08000194                SPI3_IRQHandler
                0x08000194                MMI_Handler
                0x08000194                USBWakeUp_IRQHandler
 *fill*         0x0800019a        0x2 
 .text.RCC_Configuration
                0x0800019c       0xd4 OBJECTS/hwinit.o
                0x0800019c                RCC_Configuration
 .text.NVIC_Configuration
                0x08000270      0x124 OBJECTS/hwinit.o
                0x08000270                NVIC_Configuration
 .text.hwInit   0x08000394       0x28 OBJECTS/hwinit.o
                0x08000394                hwInit
 .text.xTaskGenericCreate
                0x080003bc      0x168 OBJECTS/tasks.o
                0x080003bc                xTaskGenericCreate
 .text.vTaskDelay
                0x08000524       0xa0 OBJECTS/tasks.o
                0x08000524                vTaskDelay
 .text.vTaskStartScheduler
                0x080005c4       0x64 OBJECTS/tasks.o
                0x080005c4                vTaskStartScheduler
 .text.vTaskSuspendAll
                0x08000628       0x1c OBJECTS/tasks.o
                0x08000628                vTaskSuspendAll
 .text.xTaskResumeAll
                0x08000644      0x118 OBJECTS/tasks.o
                0x08000644                xTaskResumeAll
 .text.vTaskIncrementTick
                0x0800075c       0xfc OBJECTS/tasks.o
                0x0800075c                vTaskIncrementTick
 .text.vTaskSwitchContext
                0x08000858       0x90 OBJECTS/tasks.o
                0x08000858                vTaskSwitchContext
 .text.vTaskPlaceOnEventList
                0x080008e8       0xa8 OBJECTS/tasks.o
                0x080008e8                vTaskPlaceOnEventList
 .text.xTaskRemoveFromEventList
                0x08000990       0xb4 OBJECTS/tasks.o
                0x08000990                xTaskRemoveFromEventList
 .text.vTaskSetTimeOutState
                0x08000a44       0x2c OBJECTS/tasks.o
                0x08000a44                vTaskSetTimeOutState
 .text.xTaskCheckForTimeOut
                0x08000a70       0x94 OBJECTS/tasks.o
                0x08000a70                xTaskCheckForTimeOut
 .text.vTaskMissedYield
                0x08000b04       0x18 OBJECTS/tasks.o
                0x08000b04                vTaskMissedYield
 .text.prvIdleTask
                0x08000b1c       0x30 OBJECTS/tasks.o
 .text.prvInitialiseTCBVariables
                0x08000b4c       0x74 OBJECTS/tasks.o
 .text.prvInitialiseTaskLists
                0x08000bc0       0x84 OBJECTS/tasks.o
 .text.prvCheckTasksWaitingTermination
                0x08000c44       0x9c OBJECTS/tasks.o
 .text.prvAllocateTCBAndStack
                0x08000ce0       0x64 OBJECTS/tasks.o
 .text.prvDeleteTCB
                0x08000d44       0x24 OBJECTS/tasks.o
 .text.xTaskGetCurrentTaskHandle
                0x08000d68       0x1c OBJECTS/tasks.o
                0x08000d68                xTaskGetCurrentTaskHandle
 .text.vTaskPriorityInherit
                0x08000d84       0xac OBJECTS/tasks.o
                0x08000d84                vTaskPriorityInherit
 .text.vTaskPriorityDisinherit
                0x08000e30       0x84 OBJECTS/tasks.o
                0x08000e30                vTaskPriorityDisinherit
 .text.xQueueCreateMutex
                0x08000eb4       0x84 OBJECTS/queue.o
                0x08000eb4                xQueueCreateMutex
 .text.xQueueGenericSend
                0x08000f38      0x138 OBJECTS/queue.o
                0x08000f38                xQueueGenericSend
 .text.xQueueGenericReceive
                0x08001070      0x1a0 OBJECTS/queue.o
                0x08001070                xQueueGenericReceive
 .text.prvCopyDataToQueue
                0x08001210       0xc0 OBJECTS/queue.o
 .text.prvCopyDataFromQueue
                0x080012d0       0x50 OBJECTS/queue.o
 .text.prvUnlockQueue
                0x08001320       0xa8 OBJECTS/queue.o
 .text.prvIsQueueEmpty
                0x080013c8       0x34 OBJECTS/queue.o
 .text.prvIsQueueFull
                0x080013fc       0x38 OBJECTS/queue.o
 .text.vListInitialise
                0x08001434       0x3e OBJECTS/list.o
                0x08001434                vListInitialise
 .text.vListInitialiseItem
                0x08001472       0x18 OBJECTS/list.o
                0x08001472                vListInitialiseItem
 .text.vListInsertEnd
                0x0800148a       0x4e OBJECTS/list.o
                0x0800148a                vListInsertEnd
 .text.vListInsert
                0x080014d8       0x70 OBJECTS/list.o
                0x080014d8                vListInsert
 .text.vListRemove
                0x08001548       0x4e OBJECTS/list.o
                0x08001548                vListRemove
 .text.pxPortInitialiseStack
                0x08001596       0x50 OBJECTS/port.o
                0x08001596                pxPortInitialiseStack
 *fill*         0x080015e6        0x2 
 .text.vPortSVCHandler
                0x080015e8       0x24 OBJECTS/port.o
                0x080015e8                vPortSVCHandler
 .text.vPortStartFirstTask
                0x0800160c       0x14 OBJECTS/port.o
                0x0800160c                vPortStartFirstTask
 .text.xPortStartScheduler
                0x08001620       0x40 OBJECTS/port.o
                0x08001620                xPortStartScheduler
 .text.vPortYieldFromISR
                0x08001660       0x18 OBJECTS/port.o
                0x08001660                vPortYieldFromISR
 .text.vPortEnterCritical
                0x08001678       0x24 OBJECTS/port.o
                0x08001678                vPortEnterCritical
 .text.vPortExitCritical
                0x0800169c       0x2c OBJECTS/port.o
                0x0800169c                vPortExitCritical
 .text.xPortPendSVHandler
                0x080016c8       0x40 OBJECTS/port.o
                0x080016c8                xPortPendSVHandler
 .text.xPortSysTickHandler
                0x08001708       0x38 OBJECTS/port.o
                0x08001708                xPortSysTickHandler
 .text.prvSetupTimerInterrupt
                0x08001740       0x24 OBJECTS/port.o
 .text.pvPortMalloc
                0x08001764      0x154 OBJECTS/heap_2.o
                0x08001764                pvPortMalloc
 .text.vPortFree
                0x080018b8       0x7c OBJECTS/heap_2.o
                0x080018b8                vPortFree
 .text.xPortGetFreeHeapSize
                0x08001934       0x14 OBJECTS/heap_2.o
                0x08001934                xPortGetFreeHeapSize
 .text.FLASH_SetLatency
                0x08001948       0x38 OBJECTS/stm32f10x_flash.o
                0x08001948                FLASH_SetLatency
 .text.FLASH_PrefetchBufferCmd
                0x08001980       0x30 OBJECTS/stm32f10x_flash.o
                0x08001980                FLASH_PrefetchBufferCmd
 .text.FLASH_Unlock
                0x080019b0       0x24 OBJECTS/stm32f10x_flash.o
                0x080019b0                FLASH_Unlock
 .text.FLASH_Lock
                0x080019d4       0x1c OBJECTS/stm32f10x_flash.o
                0x080019d4                FLASH_Lock
 .text.FLASH_ErasePage
                0x080019f0       0x70 OBJECTS/stm32f10x_flash.o
                0x080019f0                FLASH_ErasePage
 .text.FLASH_ClearFlag
                0x08001a60       0x20 OBJECTS/stm32f10x_flash.o
                0x08001a60                FLASH_ClearFlag
 .text.FLASH_GetStatus
                0x08001a80       0x54 OBJECTS/stm32f10x_flash.o
                0x08001a80                FLASH_GetStatus
 .text.FLASH_WaitForLastOperation
                0x08001ad4       0x50 OBJECTS/stm32f10x_flash.o
                0x08001ad4                FLASH_WaitForLastOperation
 .text.delay    0x08001b24       0x28 OBJECTS/stm32f10x_flash.o
 .text.WriteFlash
                0x08001b4c       0x7c OBJECTS/stm32f10x_flash.o
                0x08001b4c                WriteFlash
 .text.GPIO_Init
                0x08001bc8      0x178 OBJECTS/stm32f10x_gpio.o
                0x08001bc8                GPIO_Init
 .text.GPIO_StructInit
                0x08001d40       0x26 OBJECTS/stm32f10x_gpio.o
                0x08001d40                GPIO_StructInit
 .text.GPIO_SetBits
                0x08001d66       0x1c OBJECTS/stm32f10x_gpio.o
                0x08001d66                GPIO_SetBits
 .text.GPIO_ResetBits
                0x08001d82       0x1c OBJECTS/stm32f10x_gpio.o
                0x08001d82                GPIO_ResetBits
 *fill*         0x08001d9e        0x2 
 .text.GPIO_PinRemapConfig
                0x08001da0       0xc4 OBJECTS/stm32f10x_gpio.o
                0x08001da0                GPIO_PinRemapConfig
 .text.RCC_DeInit
                0x08001e64       0x5c OBJECTS/stm32f10x_rcc.o
                0x08001e64                RCC_DeInit
 .text.RCC_HSEConfig
                0x08001ec0       0x5c OBJECTS/stm32f10x_rcc.o
                0x08001ec0                RCC_HSEConfig
 .text.RCC_WaitForHSEStartUp
                0x08001f1c       0x58 OBJECTS/stm32f10x_rcc.o
                0x08001f1c                RCC_WaitForHSEStartUp
 .text.RCC_PLLConfig
                0x08001f74       0x3c OBJECTS/stm32f10x_rcc.o
                0x08001f74                RCC_PLLConfig
 .text.RCC_PLLCmd
                0x08001fb0       0x20 OBJECTS/stm32f10x_rcc.o
                0x08001fb0                RCC_PLLCmd
 .text.RCC_SYSCLKConfig
                0x08001fd0       0x38 OBJECTS/stm32f10x_rcc.o
                0x08001fd0                RCC_SYSCLKConfig
 .text.RCC_GetSYSCLKSource
                0x08002008       0x1c OBJECTS/stm32f10x_rcc.o
                0x08002008                RCC_GetSYSCLKSource
 .text.RCC_HCLKConfig
                0x08002024       0x38 OBJECTS/stm32f10x_rcc.o
                0x08002024                RCC_HCLKConfig
 .text.RCC_PCLK1Config
                0x0800205c       0x38 OBJECTS/stm32f10x_rcc.o
                0x0800205c                RCC_PCLK1Config
 .text.RCC_PCLK2Config
                0x08002094       0x38 OBJECTS/stm32f10x_rcc.o
                0x08002094                RCC_PCLK2Config
 .text.RCC_LSEConfig
                0x080020cc       0x40 OBJECTS/stm32f10x_rcc.o
                0x080020cc                RCC_LSEConfig
 .text.RCC_GetClocksFreq
                0x0800210c      0x170 OBJECTS/stm32f10x_rcc.o
                0x0800210c                RCC_GetClocksFreq
 .text.RCC_APB2PeriphClockCmd
                0x0800227c       0x3c OBJECTS/stm32f10x_rcc.o
                0x0800227c                RCC_APB2PeriphClockCmd
 .text.RCC_APB1PeriphClockCmd
                0x080022b8       0x3c OBJECTS/stm32f10x_rcc.o
                0x080022b8                RCC_APB1PeriphClockCmd
 .text.RCC_GetFlagStatus
                0x080022f4       0x74 OBJECTS/stm32f10x_rcc.o
                0x080022f4                RCC_GetFlagStatus
 .text.BKP_WriteBackupRegister
                0x08002368       0x38 OBJECTS/stm32f10x_bkp.o
                0x08002368                BKP_WriteBackupRegister
 .text.BKP_ReadBackupRegister
                0x080023a0       0x30 OBJECTS/stm32f10x_bkp.o
                0x080023a0                BKP_ReadBackupRegister
 .text.PWR_BackupAccessCmd
                0x080023d0       0x20 OBJECTS/stm32f10x_pwr.o
                0x080023d0                PWR_BackupAccessCmd
 .text.IWDG_WriteAccessCmd
                0x080023f0       0x20 OBJECTS/stm32f10x_iwdg.o
                0x080023f0                IWDG_WriteAccessCmd
 .text.IWDG_SetPrescaler
                0x08002410       0x20 OBJECTS/stm32f10x_iwdg.o
                0x08002410                IWDG_SetPrescaler
 .text.IWDG_SetReload
                0x08002430       0x20 OBJECTS/stm32f10x_iwdg.o
                0x08002430                IWDG_SetReload
 .text.IWDG_ReloadCounter
                0x08002450       0x18 OBJECTS/stm32f10x_iwdg.o
                0x08002450                IWDG_ReloadCounter
 .text.IWDG_Enable
                0x08002468       0x18 OBJECTS/stm32f10x_iwdg.o
                0x08002468                IWDG_Enable
 .text.DMA_DeInit
                0x08002480      0x174 OBJECTS/stm32f10x_dma.o
                0x08002480                DMA_DeInit
 .text.DMA_Init
                0x080025f4       0x7c OBJECTS/stm32f10x_dma.o
                0x080025f4                DMA_Init
 .text.DMA_Cmd  0x08002670       0x36 OBJECTS/stm32f10x_dma.o
                0x08002670                DMA_Cmd
 .text.DMA_ITConfig
                0x080026a6       0x3a OBJECTS/stm32f10x_dma.o
                0x080026a6                DMA_ITConfig
 .text.DMA_GetCurrDataCounter
                0x080026e0       0x18 OBJECTS/stm32f10x_dma.o
                0x080026e0                DMA_GetCurrDataCounter
 .text.DMA_ClearFlag
                0x080026f8       0x34 OBJECTS/stm32f10x_dma.o
                0x080026f8                DMA_ClearFlag
 .text.TIM_GetCapture3
                0x0800272c       0x18 OBJECTS/stm32f10x_tim.o
                0x0800272c                TIM_GetCapture3
 .text.TIM_GetCapture4
                0x08002744       0x1a OBJECTS/stm32f10x_tim.o
                0x08002744                TIM_GetCapture4
 .text.TIM_GetITStatus
                0x0800275e       0x52 OBJECTS/stm32f10x_tim.o
                0x0800275e                TIM_GetITStatus
 .text.TIM_ClearITPendingBit
                0x080027b0       0x20 OBJECTS/stm32f10x_tim.o
                0x080027b0                TIM_ClearITPendingBit
 .text.I2C_Init
                0x080027d0      0x188 OBJECTS/stm32f10x_i2c.o
                0x080027d0                I2C_Init
 .text.I2C_Cmd  0x08002958       0x3e OBJECTS/stm32f10x_i2c.o
                0x08002958                I2C_Cmd
 .text.I2C_GenerateSTART
                0x08002996       0x3e OBJECTS/stm32f10x_i2c.o
                0x08002996                I2C_GenerateSTART
 .text.I2C_GenerateSTOP
                0x080029d4       0x3e OBJECTS/stm32f10x_i2c.o
                0x080029d4                I2C_GenerateSTOP
 .text.I2C_AcknowledgeConfig
                0x08002a12       0x3e OBJECTS/stm32f10x_i2c.o
                0x08002a12                I2C_AcknowledgeConfig
 .text.I2C_ITConfig
                0x08002a50       0x46 OBJECTS/stm32f10x_i2c.o
                0x08002a50                I2C_ITConfig
 .text.I2C_SendData
                0x08002a96       0x1e OBJECTS/stm32f10x_i2c.o
                0x08002a96                I2C_SendData
 .text.I2C_ReceiveData
                0x08002ab4       0x1a OBJECTS/stm32f10x_i2c.o
                0x08002ab4                I2C_ReceiveData
 .text.I2C_Send7bitAddress
                0x08002ace       0x3a OBJECTS/stm32f10x_i2c.o
                0x08002ace                I2C_Send7bitAddress
 .text.I2C_ReadRegister
                0x08002b08       0x2c OBJECTS/stm32f10x_i2c.o
                0x08002b08                I2C_ReadRegister
 .text.I2C_GetLastEvent
                0x08002b34       0x42 OBJECTS/stm32f10x_i2c.o
                0x08002b34                I2C_GetLastEvent
 .text.I2C_CheckEvent
                0x08002b76       0x5a OBJECTS/stm32f10x_i2c.o
                0x08002b76                I2C_CheckEvent
 .text.I2C_GetFlagStatus
                0x08002bd0       0x64 OBJECTS/stm32f10x_i2c.o
                0x08002bd0                I2C_GetFlagStatus
 .text.I2C_ClearFlag
                0x08002c34       0x2c OBJECTS/stm32f10x_i2c.o
                0x08002c34                I2C_ClearFlag
 .text.I2C_ClearITPendingBit
                0x08002c60       0x2c OBJECTS/stm32f10x_i2c.o
                0x08002c60                I2C_ClearITPendingBit
 .text.NVIC_PriorityGroupConfig
                0x08002c8c       0x24 OBJECTS/misc.o
                0x08002c8c                NVIC_PriorityGroupConfig
 .text.NVIC_Init
                0x08002cb0       0xc4 OBJECTS/misc.o
                0x08002cb0                NVIC_Init
 .text.NVIC_SetVectorTable
                0x08002d74       0x2c OBJECTS/misc.o
                0x08002d74                NVIC_SetVectorTable
 .text.NVIC_EnableIRQ
                0x08002da0       0x30 OBJECTS/uart.o
 .text.NVIC_SetPriority
                0x08002dd0       0x54 OBJECTS/uart.o
 .text.UART4_IRQHandler
                0x08002e24        0xc OBJECTS/uart.o
                0x08002e24                UART4_IRQHandler
 .text.uart4TxDMAConfiguration
                0x08002e30       0x6c OBJECTS/uart.o
                0x08002e30                uart4TxDMAConfiguration
 .text.uart3TxTask
                0x08002e9c       0xb8 OBJECTS/uart.o
                0x08002e9c                uart3TxTask
 .text.DMA2_Channel4_5_IRQHandler
                0x08002f54       0x30 OBJECTS/uart.o
                0x08002f54                DMA2_Channel4_5_IRQHandler
 .text.DMA2_Channel3_IRQHandler
                0x08002f84       0x3c OBJECTS/uart.o
                0x08002f84                DMA2_Channel3_IRQHandler
 .text.TIM8_CC_IRQHandler
                0x08002fc0      0x114 OBJECTS/pwmcapture.o
                0x08002fc0                TIM8_CC_IRQHandler
 .text.leap_year
                0x080030d4       0x54 OBJECTS/rtclock.o
                0x080030d4                leap_year
 .text.at91_bcd_int
                0x08003128       0x2c OBJECTS/rtclock.o
                0x08003128                at91_bcd_int
 .text.GetDayOfWeek
                0x08003154       0xb8 OBJECTS/rtclock.o
                0x08003154                GetDayOfWeek
 .text.at91_int_bcd
                0x0800320c       0x68 OBJECTS/rtclock.o
                0x0800320c                at91_int_bcd
 .text.UpdateTime
                0x08003274      0x1d0 OBJECTS/rtclock.o
                0x08003274                UpdateTime
 .text.rtcInit  0x08003444      0x1c8 OBJECTS/rtclock.o
                0x08003444                rtcInit
 .text.rtcGetDataTimeOff
                0x0800360c       0x9c OBJECTS/rtclock.o
                0x0800360c                rtcGetDataTimeOff
 .text.rtcGetDataTime
                0x080036a8       0x58 OBJECTS/rtclock.o
                0x080036a8                rtcGetDataTime
 .text.rtcSetDataTime
                0x08003700      0x1ec OBJECTS/rtclock.o
                0x08003700                rtcSetDataTime
 .text.rtcSetLocalDataTime
                0x080038ec      0x20c OBJECTS/rtclock.o
                0x080038ec                rtcSetLocalDataTime
 .text.itoaFix  0x08003af8       0x70 OBJECTS/rtclock.o
                0x08003af8                itoaFix
 .text.rtcGetiFixDateTime
                0x08003b68      0x12c OBJECTS/rtclock.o
                0x08003b68                rtcGetiFixDateTime
 .text.rtcSetiFixDateTime
                0x08003c94      0x13c OBJECTS/rtclock.o
                0x08003c94                rtcSetiFixDateTime
 .text.I2C_Time_BufferRead
                0x08003dd0      0x500 OBJECTS/rtclock.o
                0x08003dd0                I2C_Time_BufferRead
 .text.I2C_Time_BufferWrite
                0x080042d0      0x2f0 OBJECTS/rtclock.o
                0x080042d0                I2C_Time_BufferWrite
 .text.atcIncrementCounter
                0x080045c0       0x1c OBJECTS/rtclock.o
                0x080045c0                atcIncrementCounter
 .text.atcResetCounter
                0x080045dc       0x24 OBJECTS/rtclock.o
                0x080045dc                atcResetCounter
 .text.atcGetCounter
                0x08004600       0x14 OBJECTS/rtclock.o
                0x08004600                atcGetCounter
 .text.ErrorCreate
                0x08004614       0xac OBJECTS/error.o
                0x08004614                ErrorCreate
 .text.MemManInit
                0x080046c0       0x94 OBJECTS/memman.o
                0x080046c0                MemManInit
 .text.CopyDataBytes
                0x08004754       0x36 OBJECTS/memman.o
                0x08004754                CopyDataBytes
 .text.GetDefaultHandler
                0x0800478a       0x1c OBJECTS/memman.o
                0x0800478a                GetDefaultHandler
 .text.SetDefaultHandler
                0x080047a6       0x1c OBJECTS/memman.o
                0x080047a6                SetDefaultHandler
 *fill*         0x080047c2        0x2 
 .text.MemGetWords
                0x080047c4       0xa4 OBJECTS/memman.o
                0x080047c4                MemGetWords
 .text.MemSetWords
                0x08004868       0xa4 OBJECTS/memman.o
                0x08004868                MemSetWords
 .text.SetCRC   0x0800490c       0x60 OBJECTS/crc.o
                0x0800490c                SetCRC
 .text.main     0x0800496c       0xe4 OBJECTS/main.o
                0x0800496c                main
 .text.vApplicationIdleHook
                0x08004a50        0xc OBJECTS/main.o
                0x08004a50                vApplicationIdleHook
 .text.vApplicationTickHook
                0x08004a5c       0x28 OBJECTS/main.o
                0x08004a5c                vApplicationTickHook
 .text.GPIO_Configuration
                0x08004a84      0x158 OBJECTS/main.o
                0x08004a84                GPIO_Configuration
 .text.IWD_Start
                0x08004bdc       0x3c OBJECTS/main.o
                0x08004bdc                IWD_Start
 .text.__DSB    0x08004c18       0x10 OBJECTS/stm32f10x_it.o
 .text.NVIC_SystemReset
                0x08004c28       0x28 OBJECTS/stm32f10x_it.o
 .text.NMI_Handler
                0x08004c50        0xc OBJECTS/stm32f10x_it.o
                0x08004c50                NMI_Handler
 .text.HardFault_Handler
                0x08004c5c       0x10 OBJECTS/stm32f10x_it.o
                0x08004c5c                HardFault_Handler
 .text.USB_LP_CAN1_RX0_IRQHandler
                0x08004c6c       0x10 OBJECTS/stm32f10x_it.o
                0x08004c6c                USB_LP_CAN1_RX0_IRQHandler
 .text.MemManage_Handler
                0x08004c7c        0x6 OBJECTS/stm32f10x_it.o
                0x08004c7c                MemManage_Handler
 .text.BusFault_Handler
                0x08004c82        0x6 OBJECTS/stm32f10x_it.o
                0x08004c82                BusFault_Handler
 .text.UsageFault_Handler
                0x08004c88        0x6 OBJECTS/stm32f10x_it.o
                0x08004c88                UsageFault_Handler
 .text.DebugMon_Handler
                0x08004c8e        0xc OBJECTS/stm32f10x_it.o
                0x08004c8e                DebugMon_Handler
 *fill*         0x08004c9a        0x2 
 .text.GprsIdleIncMSec
                0x08004c9c       0x28 OBJECTS/gprscon.o
                0x08004c9c                GprsIdleIncMSec
 .text.vClockTask
                0x08004cc4       0x84 OBJECTS/clock.o
                0x08004cc4                vClockTask
 .text.vLogicaTask
                0x08004d48       0x50 OBJECTS/logica.o
                0x08004d48                vLogicaTask
 .text.MemInit  0x08004d98      0x108 OBJECTS/usermemory.o
                0x08004d98                MemInit
 .text.GetRam   0x08004ea0       0x54 OBJECTS/usermemory.o
                0x08004ea0                GetRam
 .text.SetRam   0x08004ef4       0x54 OBJECTS/usermemory.o
                0x08004ef4                SetRam
 .text.GetSignature
                0x08004f48       0xf4 OBJECTS/usermemory.o
                0x08004f48                GetSignature
 .text.GetEeprom
                0x0800503c      0x100 OBJECTS/usermemory.o
                0x0800503c                GetEeprom
 .text.SetEeprom
                0x0800513c      0x170 OBJECTS/usermemory.o
                0x0800513c                SetEeprom
 .text.GetRtc   0x080052ac      0x1f4 OBJECTS/usermemory.o
                0x080052ac                GetRtc
 .text.SetRtc   0x080054a0      0x118 OBJECTS/usermemory.o
                0x080054a0                SetRtc
 .text.GetFlash
                0x080055b8       0x54 OBJECTS/usermemory.o
                0x080055b8                GetFlash
 .text.SetFlash
                0x0800560c      0x2a4 OBJECTS/usermemory.o
                0x0800560c                SetFlash
 .text.Buffercmp
                0x080058b0       0x4c OBJECTS/usermemory.o
                0x080058b0                Buffercmp
 .text.NVIC_EnableIRQ
                0x080058fc       0x30 OBJECTS/usart2.o
 .text.NVIC_SetPriority
                0x0800592c       0x54 OBJECTS/usart2.o
 .text.TIM5_IRQHandler
                0x08005980       0x60 OBJECTS/usart2.o
                0x08005980                TIM5_IRQHandler
 .text.uart2GetChar
                0x080059e0       0x5c OBJECTS/usart2.o
                0x080059e0                uart2GetChar
 .text.uart2PutChar
                0x08005a3c       0x64 OBJECTS/usart2.o
                0x08005a3c                uart2PutChar
 .text.uart2TxTask
                0x08005aa0       0xb8 OBJECTS/usart2.o
                0x08005aa0                uart2TxTask
 .text.uart2Read
                0x08005b58       0x5c OBJECTS/usart2.o
                0x08005b58                uart2Read
 .text.uart2Write
                0x08005bb4       0x4c OBJECTS/usart2.o
                0x08005bb4                uart2Write
 .text.DMA1_Channel2_IRQHandler
                0x08005c00       0x2c OBJECTS/usart2.o
                0x08005c00                DMA1_Channel2_IRQHandler
 .text.DMA1_Channel3_IRQHandler
                0x08005c2c       0x50 OBJECTS/usart2.o
                0x08005c2c                DMA1_Channel3_IRQHandler
 .text.uartTxDMAConfiguration
                0x08005c7c       0x88 OBJECTS/usart2.o
                0x08005c7c                uartTxDMAConfiguration
 .text.ModemWrite
                0x08005d04       0x44 OBJECTS/modem.o
                0x08005d04                ModemWrite
 .text.CSQ      0x08005d48       0xf0 OBJECTS/modem.o
                0x08005d48                CSQ
 .text.GSM_clock
                0x08005e38      0x234 OBJECTS/modem.o
                0x08005e38                GSM_clock
 .text.reverse  0x0800606c       0x74 OBJECTS/journal.o
                0x0800606c                reverse
 .text.itoa1    0x080060e0       0x9c OBJECTS/journal.o
                0x080060e0                itoa1
 .text.itoa_n   0x0800617c       0xb4 OBJECTS/journal.o
                0x0800617c                itoa_n
 .text.atoi1    0x08006230       0x44 OBJECTS/journal.o
                0x08006230                atoi1
 .text.GetTimeString
                0x08006274       0xb8 OBJECTS/journal.o
                0x08006274                GetTimeString
 .text.GetDateString
                0x0800632c       0xbc OBJECTS/journal.o
                0x0800632c                GetDateString
 .text.GetTimeStringOff
                0x080063e8       0xb8 OBJECTS/journal.o
                0x080063e8                GetTimeStringOff
 .text.GetDateStringOff
                0x080064a0       0xbc OBJECTS/journal.o
                0x080064a0                GetDateStringOff
 .text.JrnlClear
                0x0800655c       0xa4 OBJECTS/journal.o
                0x0800655c                JrnlClear
 .text.JrnlWrite
                0x08006600      0x1f0 OBJECTS/journal.o
                0x08006600                JrnlWrite
 .text.JrnlWriteOff
                0x080067f0      0x1cc OBJECTS/journal.o
                0x080067f0                JrnlWriteOff
 .text.GetJrnlLength
                0x080069bc       0x30 OBJECTS/journal.o
                0x080069bc                GetJrnlLength
 .text.JournalConf
                0x080069ec       0xb8 OBJECTS/journal.o
                0x080069ec                JournalConf
 .text.Reset    0x08006aa4       0x78 OBJECTS/translator.o
                0x08006aa4                Reset
 .text.GetChannelBitSignal
                0x08006b1c       0x4c OBJECTS/translator.o
                0x08006b1c                GetChannelBitSignal
 .text.GetChannelBitRepare
                0x08006b68       0x4e OBJECTS/translator.o
                0x08006b68                GetChannelBitRepare
 .text.GetChannelBitDirect
                0x08006bb6       0x4e OBJECTS/translator.o
                0x08006bb6                GetChannelBitDirect
 .text.GetChannelBitReserv
                0x08006c04       0x4e OBJECTS/translator.o
                0x08006c04                GetChannelBitReserv
 .text.SetChannelBitSignal
                0x08006c52       0xae OBJECTS/translator.o
                0x08006c52                SetChannelBitSignal
 .text.SetChannelBitRepare
                0x08006d00       0xcc OBJECTS/translator.o
                0x08006d00                SetChannelBitRepare
 .text.SetChannelBitDirect
                0x08006dcc       0xb2 OBJECTS/translator.o
                0x08006dcc                SetChannelBitDirect
 .text.SetChannelBitReserv
                0x08006e7e       0xb2 OBJECTS/translator.o
                0x08006e7e                SetChannelBitReserv
 .text.GetDiskretFromRam
                0x08006f30       0x58 OBJECTS/translator.o
                0x08006f30                GetDiskretFromRam
 .text.SetRelayToRam
                0x08006f88       0xac OBJECTS/translator.o
                0x08006f88                SetRelayToRam
 .text.CheckDiscretMask
                0x08007034      0x12c OBJECTS/translator.o
                0x08007034                CheckDiscretMask
 .text.CheckDiscretMaskNegative
                0x08007160      0x104 OBJECTS/translator.o
                0x08007160                CheckDiscretMaskNegative
 .text.CheckCUSignal
                0x08007264      0x13c OBJECTS/translator.o
                0x08007264                CheckCUSignal
 .text.CheckErrors
                0x080073a0      0x224 OBJECTS/translator.o
                0x080073a0                CheckErrors
 .text.CheckDiscretsErrors
                0x080075c4      0x1dc OBJECTS/translator.o
                0x080075c4                CheckDiscretsErrors
 .text.CheckPowerOn
                0x080077a0      0x174 OBJECTS/translator.o
                0x080077a0                CheckPowerOn
 .text.DoProgram
                0x08007914     0x1554 OBJECTS/translator.o
                0x08007914                DoProgram
 .text.I2C_Configuration
                0x08008e68       0x74 OBJECTS/i2c_ee.o
                0x08008e68                I2C_Configuration
 .text.I2C_EE_BufferWrite
                0x08008edc      0x158 OBJECTS/i2c_ee.o
                0x08008edc                I2C_EE_BufferWrite
 .text.I2C_EE_PageWrite
                0x08009034      0x2ec OBJECTS/i2c_ee.o
                0x08009034                I2C_EE_PageWrite
 .text.I2C_EE_BufferRead
                0x08009320      0x46c OBJECTS/i2c_ee.o
                0x08009320                I2C_EE_BufferRead
 .text.I2C_EE_WaitEepromStandbyState
                0x0800978c      0x170 OBJECTS/i2c_ee.o
                0x0800978c                I2C_EE_WaitEepromStandbyState
 .text.I2C_EE_Relaunch
                0x080098fc      0x12c OBJECTS/i2c_ee.o
                0x080098fc                I2C_EE_Relaunch
 .text.EV_IRQHandler
                0x08009a28      0x2f0 OBJECTS/mios32_iic.o
 .text.ER_IRQHandler
                0x08009d18       0xc4 OBJECTS/mios32_iic.o
 .text.I2C1_EV_IRQHandler
                0x08009ddc       0x18 OBJECTS/mios32_iic.o
                0x08009ddc                I2C1_EV_IRQHandler
 .text.I2C1_ER_IRQHandler
                0x08009df4       0x18 OBJECTS/mios32_iic.o
                0x08009df4                I2C1_ER_IRQHandler
 .text.EP1_IN_Callback
                0x08009e0c       0x8c OBJECTS/usb_endp.o
                0x08009e0c                EP1_IN_Callback
 .text.EP3_OUT_Callback
                0x08009e98       0x50 OBJECTS/usb_endp.o
                0x08009e98                EP3_OUT_Callback
 .text.SOF_Callback
                0x08009ee8       0x34 OBJECTS/usb_endp.o
                0x08009ee8                SOF_Callback
 .text.USB_Istr
                0x08009f1c       0x98 OBJECTS/usb_istr.o
                0x08009f1c                USB_Istr
 .text.Virtual_Com_Port_init
                0x08009fb4       0x38 OBJECTS/usb_prop.o
                0x08009fb4                Virtual_Com_Port_init
 .text.Virtual_Com_Port_Reset
                0x08009fec      0x11c OBJECTS/usb_prop.o
                0x08009fec                Virtual_Com_Port_Reset
 .text.Virtual_Com_Port_Status_In
                0x0800a108       0x20 OBJECTS/usb_prop.o
                0x0800a108                Virtual_Com_Port_Status_In
 .text.Virtual_Com_Port_Status_Out
                0x0800a128        0xc OBJECTS/usb_prop.o
                0x0800a128                Virtual_Com_Port_Status_Out
 .text.Virtual_Com_Port_Data_Setup
                0x0800a134       0x80 OBJECTS/usb_prop.o
                0x0800a134                Virtual_Com_Port_Data_Setup
 .text.Virtual_Com_Port_NoData_Setup
                0x0800a1b4       0x3c OBJECTS/usb_prop.o
                0x0800a1b4                Virtual_Com_Port_NoData_Setup
 .text.Virtual_Com_Port_GetDeviceDescriptor
                0x0800a1f0       0x28 OBJECTS/usb_prop.o
                0x0800a1f0                Virtual_Com_Port_GetDeviceDescriptor
 .text.Virtual_Com_Port_GetConfigDescriptor
                0x0800a218       0x28 OBJECTS/usb_prop.o
                0x0800a218                Virtual_Com_Port_GetConfigDescriptor
 .text.Virtual_Com_Port_GetStringDescriptor
                0x0800a240       0x44 OBJECTS/usb_prop.o
                0x0800a240                Virtual_Com_Port_GetStringDescriptor
 .text.Virtual_Com_Port_Get_Interface_Setting
                0x0800a284       0x30 OBJECTS/usb_prop.o
                0x0800a284                Virtual_Com_Port_Get_Interface_Setting
 .text.Virtual_Com_Port_GetLineCoding
                0x0800a2b4       0x30 OBJECTS/usb_prop.o
                0x0800a2b4                Virtual_Com_Port_GetLineCoding
 .text.Virtual_Com_Port_SetLineCoding
                0x0800a2e4       0x30 OBJECTS/usb_prop.o
                0x0800a2e4                Virtual_Com_Port_SetLineCoding
 .text.PowerOn  0x0800a314       0x54 OBJECTS/usb_pwr.o
                0x0800a314                PowerOn
 .text.USB_Cable_Config
                0x0800a368       0x14 OBJECTS/hw_config.o
                0x0800a368                USB_Cable_Config
 .text.Handle_USBAsynchXfer
                0x0800a37c       0x20 OBJECTS/hw_config.o
                0x0800a37c                Handle_USBAsynchXfer
 .text.Get_SerialNum
                0x0800a39c       0x5c OBJECTS/hw_config.o
                0x0800a39c                Get_SerialNum
 .text.IntToUnicode
                0x0800a3f8       0x7c OBJECTS/hw_config.o
 .text.Standard_GetConfiguration
                0x0800a474       0x3c OBJECTS/usb_core.o
                0x0800a474                Standard_GetConfiguration
 .text.Standard_SetConfiguration
                0x0800a4b0       0x50 OBJECTS/usb_core.o
                0x0800a4b0                Standard_SetConfiguration
 .text.Standard_GetInterface
                0x0800a500       0x3c OBJECTS/usb_core.o
                0x0800a500                Standard_GetInterface
 .text.Standard_SetInterface
                0x0800a53c       0x88 OBJECTS/usb_core.o
                0x0800a53c                Standard_SetInterface
 .text.Standard_GetStatus
                0x0800a5c4      0x138 OBJECTS/usb_core.o
                0x0800a5c4                Standard_GetStatus
 .text.Standard_ClearFeature
                0x0800a6fc      0x1e8 OBJECTS/usb_core.o
                0x0800a6fc                Standard_ClearFeature
 .text.Standard_SetEndPointFeature
                0x0800a8e4      0x114 OBJECTS/usb_core.o
                0x0800a8e4                Standard_SetEndPointFeature
 .text.Standard_SetDeviceFeature
                0x0800a9f8       0x2c OBJECTS/usb_core.o
                0x0800a9f8                Standard_SetDeviceFeature
 .text.Standard_GetDescriptorData
                0x0800aa24       0x48 OBJECTS/usb_core.o
                0x0800aa24                Standard_GetDescriptorData
 .text.DataStageOut
                0x0800aa6c      0x110 OBJECTS/usb_core.o
 .text.DataStageIn
                0x0800ab7c      0x118 OBJECTS/usb_core.o
 .text.NoData_Setup0
                0x0800ac94      0x1b4 OBJECTS/usb_core.o
 .text.Data_Setup0
                0x0800ae48      0x330 OBJECTS/usb_core.o
 .text.Setup0_Process
                0x0800b178       0xe8 OBJECTS/usb_core.o
                0x0800b178                Setup0_Process
 .text.In0_Process
                0x0800b260       0x9c OBJECTS/usb_core.o
                0x0800b260                In0_Process
 .text.Out0_Process
                0x0800b2fc       0x7c OBJECTS/usb_core.o
                0x0800b2fc                Out0_Process
 .text.Post0_Process
                0x0800b378       0x54 OBJECTS/usb_core.o
                0x0800b378                Post0_Process
 .text.SetDeviceAddress
                0x0800b3cc       0x7c OBJECTS/usb_core.o
                0x0800b3cc                SetDeviceAddress
 .text.NOP_Process
                0x0800b448        0xc OBJECTS/usb_core.o
                0x0800b448                NOP_Process
 .text.CTR_LP   0x0800b454      0x30c OBJECTS/usb_int.o
                0x0800b454                CTR_LP
 .text.UserToPMABufferCopy
                0x0800b760       0x76 OBJECTS/usb_mem.o
                0x0800b760                UserToPMABufferCopy
 .text.PMAToUserBufferCopy
                0x0800b7d6       0x5c OBJECTS/usb_mem.o
                0x0800b7d6                PMAToUserBufferCopy
 *fill*         0x0800b832        0x2 
 .text.SetBTABLE
                0x0800b834       0x24 OBJECTS/usb_regs.o
                0x0800b834                SetBTABLE
 .text.SetEPType
                0x0800b858       0x4c OBJECTS/usb_regs.o
                0x0800b858                SetEPType
 .text.SetEPTxStatus
                0x0800b8a4       0x70 OBJECTS/usb_regs.o
                0x0800b8a4                SetEPTxStatus
 .text.SetEPRxStatus
                0x0800b914       0x70 OBJECTS/usb_regs.o
                0x0800b914                SetEPRxStatus
 .text.SetEPTxValid
                0x0800b984       0x54 OBJECTS/usb_regs.o
                0x0800b984                SetEPTxValid
 .text.SetEPRxValid
                0x0800b9d8       0x54 OBJECTS/usb_regs.o
                0x0800b9d8                SetEPRxValid
 .text.Clear_Status_Out
                0x0800ba2c       0x48 OBJECTS/usb_regs.o
                0x0800ba2c                Clear_Status_Out
 .text.ClearDTOG_RX
                0x0800ba74       0x5a OBJECTS/usb_regs.o
                0x0800ba74                ClearDTOG_RX
 .text.ClearDTOG_TX
                0x0800bace       0x5a OBJECTS/usb_regs.o
                0x0800bace                ClearDTOG_TX
 .text.SetEPTxAddr
                0x0800bb28       0x40 OBJECTS/usb_regs.o
                0x0800bb28                SetEPTxAddr
 .text.SetEPRxAddr
                0x0800bb68       0x44 OBJECTS/usb_regs.o
                0x0800bb68                SetEPRxAddr
 .text.GetEPTxAddr
                0x0800bbac       0x34 OBJECTS/usb_regs.o
                0x0800bbac                GetEPTxAddr
 .text.GetEPRxAddr
                0x0800bbe0       0x34 OBJECTS/usb_regs.o
                0x0800bbe0                GetEPRxAddr
 .text.SetEPTxCount
                0x0800bc14       0x3c OBJECTS/usb_regs.o
                0x0800bc14                SetEPTxCount
 .text.SetEPRxCount
                0x0800bc50       0x84 OBJECTS/usb_regs.o
                0x0800bc50                SetEPRxCount
 .text.GetEPRxCount
                0x0800bcd4       0x3c OBJECTS/usb_regs.o
                0x0800bcd4                GetEPRxCount
 .text.ByteSwap
                0x0800bd10       0x2e OBJECTS/usb_regs.o
                0x0800bd10                ByteSwap
 *fill*         0x0800bd3e        0x2 
 .text.USB_SIL_Init
                0x0800bd40       0x30 OBJECTS/usb_sil.o
                0x0800bd40                USB_SIL_Init
 .text.USB_SIL_Read
                0x0800bd70       0x58 OBJECTS/usb_sil.o
                0x0800bd70                USB_SIL_Read
 .text.atoi     0x0800bdc8        0x8 c:/program files (x86)/gnu arm embedded toolchain/10 2021.10/bin/../lib/gcc/arm-none-eabi/10.3.1/../../../../arm-none-eabi/lib/thumb/v7-m/nofp\libc.a(lib_a-atoi.o)
                0x0800bdc8                atoi
 .text.__errno  0x0800bdd0        0xc c:/program files (x86)/gnu arm embedded toolchain/10 2021.10/bin/../lib/gcc/arm-none-eabi/10.3.1/../../../../arm-none-eabi/lib/thumb/v7-m/nofp\libc.a(lib_a-errno.o)
                0x0800bdd0                __errno
 .text.memset   0x0800bddc       0xa4 c:/program files (x86)/gnu arm embedded toolchain/10 2021.10/bin/../lib/gcc/arm-none-eabi/10.3.1/../../../../arm-none-eabi/lib/thumb/v7-m/nofp\libc.a(lib_a-memset.o)
                0x0800bddc                memset
 .text.strcat   0x0800be80       0x40 c:/program files (x86)/gnu arm embedded toolchain/10 2021.10/bin/../lib/gcc/arm-none-eabi/10.3.1/../../../../arm-none-eabi/lib/thumb/v7-m/nofp\libc.a(lib_a-strcat.o)
                0x0800be80                strcat
 .text.strcpy   0x0800bec0       0xbc c:/program files (x86)/gnu arm embedded toolchain/10 2021.10/bin/../lib/gcc/arm-none-eabi/10.3.1/../../../../arm-none-eabi/lib/thumb/v7-m/nofp\libc.a(lib_a-strcpy.o)
                0x0800bec0                strcpy
 .text.strlen   0x0800bf7c       0x5c c:/program files (x86)/gnu arm embedded toolchain/10 2021.10/bin/../lib/gcc/arm-none-eabi/10.3.1/../../../../arm-none-eabi/lib/thumb/v7-m/nofp\libc.a(lib_a-strlen-stub.o)
                0x0800bf7c                strlen
 .text.strncpy  0x0800bfd8       0x68 c:/program files (x86)/gnu arm embedded toolchain/10 2021.10/bin/../lib/gcc/arm-none-eabi/10.3.1/../../../../arm-none-eabi/lib/thumb/v7-m/nofp\libc.a(lib_a-strncpy.o)
                0x0800bfd8                strncpy
 .text._strtol_l.part.0
                0x0800c040      0x120 c:/program files (x86)/gnu arm embedded toolchain/10 2021.10/bin/../lib/gcc/arm-none-eabi/10.3.1/../../../../arm-none-eabi/lib/thumb/v7-m/nofp\libc.a(lib_a-strtol.o)
 .text.strtol   0x0800c160       0x2c c:/program files (x86)/gnu arm embedded toolchain/10 2021.10/bin/../lib/gcc/arm-none-eabi/10.3.1/../../../../arm-none-eabi/lib/thumb/v7-m/nofp\libc.a(lib_a-strtol.o)
                0x0800c160                strtol
 *(.stub .gnu.linkonce.t.*)
 *(.rodata .rodata.* .gnu.linkonce.r.*)
 .rodata        0x0800c18c        0x5 OBJECTS/tasks.o
 *fill*         0x0800c191        0x3 
 .rodata        0x0800c194       0x12 OBJECTS/rtclock.o
 *fill*         0x0800c1a6        0x2 
 .rodata        0x0800c1a8       0x1f OBJECTS/memman.o
 *fill*         0x0800c1c7        0x1 
 .rodata.crc16_table
                0x0800c1c8      0x400 OBJECTS/crc.o
                0x0800c1c8                crc16_table
 .rodata        0x0800c5c8        0xe OBJECTS/main.o
 *fill*         0x0800c5d6        0x2 
 .rodata        0x0800c5d8        0xf OBJECTS/clock.o
 *fill*         0x0800c5e7        0x1 
 .rodata        0x0800c5e8       0x6b OBJECTS/usermemory.o
 *fill*         0x0800c653        0x1 
 .rodata        0x0800c654      0x3da OBJECTS/modem.o
 *fill*         0x0800ca2e        0x2 
 .rodata        0x0800ca30       0xdf OBJECTS/journal.o
 *fill*         0x0800cb0f        0x1 
 .rodata        0x0800cb10      0x19d OBJECTS/translator.o
 *fill*         0x0800ccad        0x3 
 .rodata.Virtual_Com_Port_DeviceDescriptor
                0x0800ccb0       0x12 OBJECTS/usb_desc.o
                0x0800ccb0                Virtual_Com_Port_DeviceDescriptor
 *fill*         0x0800ccc2        0x2 
 .rodata.Virtual_Com_Port_ConfigDescriptor
                0x0800ccc4       0x43 OBJECTS/usb_desc.o
                0x0800ccc4                Virtual_Com_Port_ConfigDescriptor
 *fill*         0x0800cd07        0x1 
 .rodata.Virtual_Com_Port_StringLangID
                0x0800cd08        0x4 OBJECTS/usb_desc.o
                0x0800cd08                Virtual_Com_Port_StringLangID
 .rodata.Virtual_Com_Port_StringVendor
                0x0800cd0c       0x26 OBJECTS/usb_desc.o
                0x0800cd0c                Virtual_Com_Port_StringVendor
 *fill*         0x0800cd32        0x2 
 .rodata.Virtual_Com_Port_StringProduct
                0x0800cd34       0x32 OBJECTS/usb_desc.o
                0x0800cd34                Virtual_Com_Port_StringProduct
 *fill*         0x0800cd66        0x2 
 .rodata._ctype_
                0x0800cd68      0x101 c:/program files (x86)/gnu arm embedded toolchain/10 2021.10/bin/../lib/gcc/arm-none-eabi/10.3.1/../../../../arm-none-eabi/lib/thumb/v7-m/nofp\libc.a(lib_a-ctype_.o)
                0x0800cd68                _ctype_
 *(.glue_7 .glue_7t)
 .glue_7        0x0800ce69        0x0 linker stubs
 .glue_7t       0x0800ce69        0x0 linker stubs
                0x0800ce6c                . = ALIGN (0x4)
 *fill*         0x0800ce69        0x3 
                0x0800ce6c                _etext = .
                0x0800ce6c                _sidata = _etext

.vfp11_veneer   0x0800ce6c        0x0
 .vfp11_veneer  0x0800ce6c        0x0 linker stubs

.v4_bx          0x0800ce6c        0x0
 .v4_bx         0x0800ce6c        0x0 linker stubs

.iplt           0x0800ce6c        0x0
 .iplt          0x0800ce6c        0x0 OBJECTS/startup_stm32f10x_hd_mthomas.o

.rel.dyn        0x0800ce6c        0x0
 .rel.iplt      0x0800ce6c        0x0 OBJECTS/startup_stm32f10x_hd_mthomas.o

.data           0x20000000      0x648 load address 0x0800ce6c
                0x20000000                . = .
                0x20000000                . = ALIGN (0x4)
                0x20000000                _sdata = .
                0x20000000                . = ALIGN (0x80)
                0x00000000                _isr_vectorsram_offs = (. - 0x20000000)
 *(.isr_vectorsram)
 .isr_vectorsram
                0x20000000      0x130 OBJECTS/startup_stm32f10x_hd_mthomas.o
                0x20000000                g_pfnVectors
                0x20000130                . = ALIGN (0x4)
 *(.ramfunc*)
                0x20000130                . = ALIGN (0x4)
 *(.data .data.* .gnu.linkonce.d.*)
 .data.uxCriticalNesting
                0x20000130        0x4 OBJECTS/port.o
 .data.APBAHBPrescTable
                0x20000134       0x10 OBJECTS/stm32f10x_rcc.o
 .data.ADCPrescTable
                0x20000144        0x4 OBJECTS/stm32f10x_rcc.o
 .data.pxConfig
                0x20000148        0x4 OBJECTS/rtclock.o
                0x20000148                pxConfig
 .data.month_day_table
                0x2000014c        0xc OBJECTS/rtclock.o
                0x2000014c                month_day_table
 .data.ErrorsAmount
                0x20000158        0x2 OBJECTS/error.o
                0x20000158                ErrorsAmount
 .data.ErrorsMaxAmount
                0x2000015a        0x2 OBJECTS/error.o
                0x2000015a                ErrorsMaxAmount
 .data.Virtual_Com_Port_StringSerial
                0x2000015c       0x1a OBJECTS/usb_desc.o
                0x2000015c                Virtual_Com_Port_StringSerial
 *fill*         0x20000176        0x2 
 .data.pEpInt_IN
                0x20000178       0x1c OBJECTS/usb_istr.o
                0x20000178                pEpInt_IN
 .data.pEpInt_OUT
                0x20000194       0x1c OBJECTS/usb_istr.o
                0x20000194                pEpInt_OUT
 .data.linecoding
                0x200001b0        0x8 OBJECTS/usb_prop.o
                0x200001b0                linecoding
 .data.Device_Table
                0x200001b8        0x2 OBJECTS/usb_prop.o
                0x200001b8                Device_Table
 *fill*         0x200001ba        0x2 
 .data.Device_Property
                0x200001bc       0x30 OBJECTS/usb_prop.o
                0x200001bc                Device_Property
 .data.Device_Descriptor
                0x200001ec        0x8 OBJECTS/usb_prop.o
                0x200001ec                Device_Descriptor
 .data.Config_Descriptor
                0x200001f4        0x8 OBJECTS/usb_prop.o
                0x200001f4                Config_Descriptor
 .data.String_Descriptor
                0x200001fc       0x20 OBJECTS/usb_prop.o
                0x200001fc                String_Descriptor
 .data._impure_ptr
                0x2000021c        0x4 c:/program files (x86)/gnu arm embedded toolchain/10 2021.10/bin/../lib/gcc/arm-none-eabi/10.3.1/../../../../arm-none-eabi/lib/thumb/v7-m/nofp\libc.a(lib_a-impure.o)
                0x2000021c                _impure_ptr
 .data.impure_data
                0x20000220      0x428 c:/program files (x86)/gnu arm embedded toolchain/10 2021.10/bin/../lib/gcc/arm-none-eabi/10.3.1/../../../../arm-none-eabi/lib/thumb/v7-m/nofp\libc.a(lib_a-impure.o)
                0x20000648                . = ALIGN (0x4)
                0x20000648                _edata = .

.igot.plt       0x20000648        0x0 load address 0x0800d4b4
 .igot.plt      0x20000648        0x0 OBJECTS/startup_stm32f10x_hd_mthomas.o

.bss            0x20000648     0x7c0c load address 0x0800d4b8
                0x20000648                . = ALIGN (0x4)
                0x20000648                _sbss = .
 *(.bss .bss.*)
 .bss.HSEStartUpStatus
                0x20000648        0x1 OBJECTS/hwinit.o
                0x20000648                HSEStartUpStatus
 *fill*         0x20000649        0x3 
 .bss.pxCurrentTCB
                0x2000064c        0x4 OBJECTS/tasks.o
                0x2000064c                pxCurrentTCB
 .bss.pxReadyTasksLists
                0x20000650       0xc8 OBJECTS/tasks.o
 .bss.xDelayedTaskList1
                0x20000718       0x14 OBJECTS/tasks.o
 .bss.xDelayedTaskList2
                0x2000072c       0x14 OBJECTS/tasks.o
 .bss.pxDelayedTaskList
                0x20000740        0x4 OBJECTS/tasks.o
 .bss.pxOverflowDelayedTaskList
                0x20000744        0x4 OBJECTS/tasks.o
 .bss.xPendingReadyList
                0x20000748       0x14 OBJECTS/tasks.o
 .bss.xTasksWaitingTermination
                0x2000075c       0x14 OBJECTS/tasks.o
 .bss.uxTasksDeleted
                0x20000770        0x4 OBJECTS/tasks.o
 .bss.xSuspendedTaskList
                0x20000774       0x14 OBJECTS/tasks.o
 .bss.uxCurrentNumberOfTasks
                0x20000788        0x4 OBJECTS/tasks.o
 .bss.xTickCount
                0x2000078c        0x4 OBJECTS/tasks.o
 .bss.uxTopUsedPriority
                0x20000790        0x4 OBJECTS/tasks.o
 .bss.uxTopReadyPriority
                0x20000794        0x4 OBJECTS/tasks.o
 .bss.xSchedulerRunning
                0x20000798        0x4 OBJECTS/tasks.o
 .bss.uxSchedulerSuspended
                0x2000079c        0x4 OBJECTS/tasks.o
 .bss.uxMissedTicks
                0x200007a0        0x4 OBJECTS/tasks.o
 .bss.xMissedYield
                0x200007a4        0x4 OBJECTS/tasks.o
 .bss.xNumOfOverflows
                0x200007a8        0x4 OBJECTS/tasks.o
 .bss.uxTaskNumber
                0x200007ac        0x4 OBJECTS/tasks.o
 .bss.xHeap     0x200007b0     0x5000 OBJECTS/heap_2.o
 .bss.xStart    0x200057b0        0x8 OBJECTS/heap_2.o
 .bss.xEnd      0x200057b8        0x8 OBJECTS/heap_2.o
 .bss.xFreeBytesRemaining
                0x200057c0        0x4 OBJECTS/heap_2.o
 .bss.xHeapHasBeenInitialised.0
                0x200057c4        0x4 OBJECTS/heap_2.o
 .bss.u1Fifo    0x200057c8      0x84c OBJECTS/uart.o
                0x200057c8                u1Fifo
 .bss.pwmcVlue  0x20006014        0x8 OBJECTS/pwmcapture.o
                0x20006014                pwmcVlue
 .bss.led1.4    0x2000601c        0x4 OBJECTS/pwmcapture.o
 .bss.oldCC3.3  0x20006020        0x2 OBJECTS/pwmcapture.o
 *fill*         0x20006022        0x2 
 .bss.led2.2    0x20006024        0x4 OBJECTS/pwmcapture.o
 .bss.oldCC4.1  0x20006028        0x2 OBJECTS/pwmcapture.o
 .bss.oldP4.0   0x2000602a        0x2 OBJECTS/pwmcapture.o
 .bss.RTClock   0x2000602c       0x20 OBJECTS/rtclock.o
                0x2000602c                RTClock
 .bss.iFixLocal
                0x2000604c        0x1 OBJECTS/rtclock.o
                0x2000604c                iFixLocal
 *fill*         0x2000604d        0x3 
 .bss.atcTickCounter
                0x20006050        0x4 OBJECTS/rtclock.o
                0x20006050                atcTickCounter
 .bss.FlagGSMtime
                0x20006054        0x1 OBJECTS/rtclock.o
                0x20006054                FlagGSMtime
 .bss.FlagGPStime
                0x20006055        0x1 OBJECTS/rtclock.o
                0x20006055                FlagGPStime
 *fill*         0x20006056        0x2 
 .bss.data      0x20006058        0x7 OBJECTS/rtclock.o
                0x20006058                data
 *fill*         0x2000605f        0x1 
 .bss.dataoff   0x20006060        0x7 OBJECTS/rtclock.o
                0x20006060                dataoff
 *fill*         0x20006067        0x1 
 .bss.IsErrorInitialized
                0x20006068        0x4 OBJECTS/error.o
                0x20006068                IsErrorInitialized
 .bss.Errors    0x2000606c        0x4 OBJECTS/error.o
                0x2000606c                Errors
 .bss.MemManReadAccessError
                0x20006070        0x2 OBJECTS/memman.o
                0x20006070                MemManReadAccessError
 .bss.MemManWriteAccessError
                0x20006072        0x2 OBJECTS/memman.o
                0x20006072                MemManWriteAccessError
 .bss.memunit   0x20006074       0x78 OBJECTS/memman.o
                0x20006074                memunit
 .bss.initMK    0x200060ec        0x4 OBJECTS/main.o
                0x200060ec                initMK
 .bss.T1        0x200060f0        0x2 OBJECTS/main.o
                0x200060f0                T1
 *fill*         0x200060f2        0x2 
 .bss.counttick
                0x200060f4        0x4 OBJECTS/main.o
                0x200060f4                counttick
 .bss.GprsIdleMSecCSQ
                0x200060f8        0x4 OBJECTS/gprscon.o
                0x200060f8                GprsIdleMSecCSQ
 .bss.LedConnect
                0x200060fc        0x1 OBJECTS/led.o
                0x200060fc                LedConnect
 .bss.LedNoModem
                0x200060fd        0x1 OBJECTS/led.o
                0x200060fd                LedNoModem
 .bss.LedSIM    0x200060fe        0x1 OBJECTS/led.o
                0x200060fe                LedSIM
 .bss.JrnlTime  0x200060ff        0x1 OBJECTS/clock.o
                0x200060ff                JrnlTime
 .bss.ResetTime
                0x20006100        0x1 OBJECTS/clock.o
                0x20006100                ResetTime
 .bss.ResetTimeEnd
                0x20006101        0x1 OBJECTS/clock.o
                0x20006101                ResetTimeEnd
 *fill*         0x20006102        0x2 
 .bss.RAM       0x20006104      0x802 OBJECTS/usermemory.o
                0x20006104                RAM
 *fill*         0x20006906        0x2 
 .bss.tmpPointer
                0x20006908        0x4 OBJECTS/usermemory.o
                0x20006908                tmpPointer
 .bss.tmpLen    0x2000690c        0x4 OBJECTS/usermemory.o
                0x2000690c                tmpLen
 .bss.bigFlashBuff
                0x20006910      0x800 OBJECTS/usermemory.o
                0x20006910                bigFlashBuff
 .bss.DeviceID  0x20007110        0x4 OBJECTS/usermemory.o
                0x20007110                DeviceID
 .bss.u2Fifo    0x20007114      0x84c OBJECTS/usart2.o
                0x20007114                u2Fifo
 .bss.ReceivedMsg
                0x20007960      0x204 OBJECTS/usart2.o
                0x20007960                ReceivedMsg
 .bss.GprsIdleMSec
                0x20007b64        0x4 OBJECTS/modem.o
                0x20007b64                GprsIdleMSec
 .bss.sio_buf2  0x20007b68      0x400 OBJECTS/modem.o
                0x20007b68                sio_buf2
 .bss.bufsize2  0x20007f68        0x2 OBJECTS/modem.o
                0x20007f68                bufsize2
 .bss.jrnlLength
                0x20007f6a        0x2 OBJECTS/journal.o
                0x20007f6a                jrnlLength
 .bss.bPowerOn  0x20007f6c        0x1 OBJECTS/translator.o
                0x20007f6c                bPowerOn
 *fill*         0x20007f6d        0x3 
 .bss.ChanelDirect
                0x20007f70        0x8 OBJECTS/translator.o
                0x20007f70                ChanelDirect
 .bss.ChanelRepare
                0x20007f78        0x8 OBJECTS/translator.o
                0x20007f78                ChanelRepare
 .bss.ChanelChangeDirect
                0x20007f80        0x8 OBJECTS/translator.o
                0x20007f80                ChanelChangeDirect
 .bss.ChanelChangeRepare
                0x20007f88        0x8 OBJECTS/translator.o
                0x20007f88                ChanelChangeRepare
 .bss.prevLogicFlags
                0x20007f90        0x1 OBJECTS/translator.o
                0x20007f90                prevLogicFlags
 *fill*         0x20007f91        0x3 
 .bss.prevErrDiscretLogic
                0x20007f94        0x8 OBJECTS/translator.o
                0x20007f94                prevErrDiscretLogic
 .bss.CountReset
                0x20007f9c        0x2 OBJECTS/translator.o
                0x20007f9c                CountReset
 *fill*         0x20007f9e        0x2 
 .bss.manualwork
                0x20007fa0        0x4 OBJECTS/translator.o
                0x20007fa0                manualwork
 .bss.block     0x20007fa4       0x20 OBJECTS/translator.o
                0x20007fa4                block
 .bss.NeedWrite
                0x20007fc4        0x1 OBJECTS/translator.o
                0x20007fc4                NeedWrite
 *fill*         0x20007fc5        0x3 
 .bss.message   0x20007fc8       0x1e OBJECTS/translator.o
                0x20007fc8                message
 *fill*         0x20007fe6        0x2 
 .bss.minbuf    0x20007fe8       0x14 OBJECTS/translator.o
                0x20007fe8                minbuf
 .bss.buffer    0x20007ffc      0x100 OBJECTS/translator.o
                0x20007ffc                buffer
 .bss.EEPROM_ADDRESS
                0x200080fc        0x2 OBJECTS/i2c_ee.o
                0x200080fc                EEPROM_ADDRESS
 *fill*         0x200080fe        0x2 
 .bss.MIOS32_IIC_unexpected_event
                0x20008100        0x4 OBJECTS/mios32_iic.o
                0x20008100                MIOS32_IIC_unexpected_event
 .bss.iic_rec   0x20008104       0x24 OBJECTS/mios32_iic.o
 .bss.USB_Rx_Buffer
                0x20008128      0x100 OBJECTS/usb_endp.o
                0x20008128                USB_Rx_Buffer
 .bss.USB_Tx_Buffer
                0x20008228        0x4 OBJECTS/usb_endp.o
                0x20008228                USB_Tx_Buffer
 .bss.USB_Rx_Cnt
                0x2000822c        0x1 OBJECTS/usb_endp.o
                0x2000822c                USB_Rx_Cnt
 .bss.USB_Tx_Cnt
                0x2000822d        0x1 OBJECTS/usb_endp.o
                0x2000822d                USB_Tx_Cnt
 *fill*         0x2000822e        0x2 
 .bss.FrameCount.0
                0x20008230        0x4 OBJECTS/usb_endp.o
 .bss.wIstr     0x20008234        0x2 OBJECTS/usb_istr.o
                0x20008234                wIstr
 .bss.bIntPackSOF
                0x20008236        0x1 OBJECTS/usb_istr.o
                0x20008236                bIntPackSOF
 .bss.Request   0x20008237        0x1 OBJECTS/usb_prop.o
                0x20008237                Request
 .bss.bDeviceState
                0x20008238        0x4 OBJECTS/usb_pwr.o
                0x20008238                bDeviceState
 .bss.StatusInfo
                0x2000823c        0x2 OBJECTS/usb_core.o
                0x2000823c                StatusInfo
 .bss.Data_Mul_MaxPacketSize
                0x2000823e        0x1 OBJECTS/usb_core.o
                0x2000823e                Data_Mul_MaxPacketSize
 .bss.EPindex   0x2000823f        0x1 OBJECTS/usb_init.o
                0x2000823f                EPindex
 .bss.pInformation
                0x20008240        0x4 OBJECTS/usb_init.o
                0x20008240                pInformation
 .bss.pProperty
                0x20008244        0x4 OBJECTS/usb_init.o
                0x20008244                pProperty
 .bss.wInterrupt_Mask
                0x20008248        0x2 OBJECTS/usb_init.o
                0x20008248                wInterrupt_Mask
 *fill*         0x2000824a        0x2 
 .bss.pUser_Standard_Requests
                0x2000824c        0x4 OBJECTS/usb_init.o
                0x2000824c                pUser_Standard_Requests
 .bss.SaveRState
                0x20008250        0x2 OBJECTS/usb_int.o
                0x20008250                SaveRState
 .bss.SaveTState
                0x20008252        0x2 OBJECTS/usb_int.o
                0x20008252                SaveTState
 *(COMMON)
                0x20008254                . = ALIGN (0x4)
                0x20008254                _ebss = .
                0x20008254                PROVIDE (end = _ebss)
                [!provide]                PROVIDE (_end = _ebss)

._usrstack      0x20008254      0x100 load address 0x080150c4
                0x20008254                . = ALIGN (0x4)
                0x20008254                _susrstack = .
                0x20008354                . = (. + _Minimum_Stack_Size)
 *fill*         0x20008254      0x100 
                0x20008354                . = ALIGN (0x4)
                0x20008354                _eusrstack = .

.b1text
 *(.b1text)
 *(.b1rodata)
 *(.b1rodata*)

.eb0text
 *(.eb0text)
 *(.eb0rodata)
 *(.eb0rodata*)

.eb1text
 *(.eb1text)
 *(.eb1rodata)
 *(.eb1rodata*)

.eb2text
 *(.eb2text)
 *(.eb2rodata)
 *(.eb2rodata*)

.eb3text
 *(.eb3text)
 *(.eb3rodata)
 *(.eb3rodata*)

.stab
 *(.stab)

.stabstr
 *(.stabstr)

.stab.excl
 *(.stab.excl)

.stab.exclstr
 *(.stab.exclstr)

.stab.index
 *(.stab.index)

.stab.indexstr
 *(.stab.indexstr)

.comment        0x00000000       0x49
 *(.comment)
 .comment       0x00000000       0x49 OBJECTS/startup_stm32f10x_hd_mthomas.o
                                 0x4a (size before relaxing)
 .comment       0x00000049       0x4a OBJECTS/hwinit.o
 .comment       0x00000049       0x4a OBJECTS/tasks.o
 .comment       0x00000049       0x4a OBJECTS/queue.o
 .comment       0x00000049       0x4a OBJECTS/list.o
 .comment       0x00000049       0x4a OBJECTS/port.o
 .comment       0x00000049       0x4a OBJECTS/heap_2.o
 .comment       0x00000049       0x4a OBJECTS/stm32f10x_flash.o
 .comment       0x00000049       0x4a OBJECTS/stm32f10x_gpio.o
 .comment       0x00000049       0x4a OBJECTS/stm32f10x_rcc.o
 .comment       0x00000049       0x4a OBJECTS/stm32f10x_bkp.o
 .comment       0x00000049       0x4a OBJECTS/stm32f10x_pwr.o
 .comment       0x00000049       0x4a OBJECTS/stm32f10x_iwdg.o
 .comment       0x00000049       0x4a OBJECTS/stm32f10x_dma.o
 .comment       0x00000049       0x4a OBJECTS/stm32f10x_tim.o
 .comment       0x00000049       0x4a OBJECTS/stm32f10x_i2c.o
 .comment       0x00000049       0x4a OBJECTS/misc.o
 .comment       0x00000049       0x4a OBJECTS/uart.o
 .comment       0x00000049       0x4a OBJECTS/pwmcapture.o
 .comment       0x00000049       0x4a OBJECTS/rtclock.o
 .comment       0x00000049       0x4a OBJECTS/error.o
 .comment       0x00000049       0x4a OBJECTS/memman.o
 .comment       0x00000049       0x4a OBJECTS/crc.o
 .comment       0x00000049       0x4a OBJECTS/main.o
 .comment       0x00000049       0x4a OBJECTS/stm32f10x_it.o
 .comment       0x00000049       0x4a OBJECTS/gprscon.o
 .comment       0x00000049       0x4a OBJECTS/led.o
 .comment       0x00000049       0x4a OBJECTS/clock.o
 .comment       0x00000049       0x4a OBJECTS/logica.o
 .comment       0x00000049       0x4a OBJECTS/usermemory.o
 .comment       0x00000049       0x4a OBJECTS/usart2.o
 .comment       0x00000049       0x4a OBJECTS/modem.o
 .comment       0x00000049       0x4a OBJECTS/journal.o
 .comment       0x00000049       0x4a OBJECTS/translator.o
 .comment       0x00000049       0x4a OBJECTS/i2c_ee.o
 .comment       0x00000049       0x4a OBJECTS/mios32_iic.o
 .comment       0x00000049       0x4a OBJECTS/usb_desc.o
 .comment       0x00000049       0x4a OBJECTS/usb_endp.o
 .comment       0x00000049       0x4a OBJECTS/usb_istr.o
 .comment       0x00000049       0x4a OBJECTS/usb_prop.o
 .comment       0x00000049       0x4a OBJECTS/usb_pwr.o
 .comment       0x00000049       0x4a OBJECTS/hw_config.o
 .comment       0x00000049       0x4a OBJECTS/usb_core.o
 .comment       0x00000049       0x4a OBJECTS/usb_init.o
 .comment       0x00000049       0x4a OBJECTS/usb_int.o
 .comment       0x00000049       0x4a OBJECTS/usb_mem.o
 .comment       0x00000049       0x4a OBJECTS/usb_regs.o
 .comment       0x00000049       0x4a OBJECTS/usb_sil.o

.debug
 *(.debug)

.line
 *(.line)

.debug_srcinfo
 *(.debug_srcinfo)

.debug_sfnames
 *(.debug_sfnames)

.debug_aranges  0x00000000     0x1828
 *(.debug_aranges)
 .debug_aranges
                0x00000000       0x30 OBJECTS/startup_stm32f10x_hd_mthomas.o
 .debug_aranges
                0x00000030       0x30 OBJECTS/hwinit.o
 .debug_aranges
                0x00000060      0x118 OBJECTS/tasks.o
 .debug_aranges
                0x00000178       0x98 OBJECTS/queue.o
 .debug_aranges
                0x00000210       0x40 OBJECTS/list.o
 .debug_aranges
                0x00000250       0x70 OBJECTS/port.o
 .debug_aranges
                0x000002c0       0x38 OBJECTS/heap_2.o
 .debug_aranges
                0x000002f8       0xe0 OBJECTS/stm32f10x_flash.o
 .debug_aranges
                0x000003d8       0xa8 OBJECTS/stm32f10x_gpio.o
 .debug_aranges
                0x00000480      0x118 OBJECTS/stm32f10x_rcc.o
 .debug_aranges
                0x00000598       0x78 OBJECTS/stm32f10x_bkp.o
 .debug_aranges
                0x00000610       0x70 OBJECTS/stm32f10x_pwr.o
 .debug_aranges
                0x00000680       0x48 OBJECTS/stm32f10x_iwdg.o
 .debug_aranges
                0x000006c8       0x68 OBJECTS/stm32f10x_dma.o
 .debug_aranges
                0x00000730      0x2f0 OBJECTS/stm32f10x_tim.o
 .debug_aranges
                0x00000a20      0x118 OBJECTS/stm32f10x_i2c.o
 .debug_aranges
                0x00000b38       0x40 OBJECTS/misc.o
 .debug_aranges
                0x00000b78       0xb8 OBJECTS/uart.o
 .debug_aranges
                0x00000c30       0x30 OBJECTS/pwmcapture.o
 .debug_aranges
                0x00000c60       0xd0 OBJECTS/rtclock.o
 .debug_aranges
                0x00000d30       0x38 OBJECTS/error.o
 .debug_aranges
                0x00000d68       0x48 OBJECTS/memman.o
 .debug_aranges
                0x00000db0       0x28 OBJECTS/crc.o
 .debug_aranges
                0x00000dd8       0x48 OBJECTS/main.o
 .debug_aranges
                0x00000e20       0x78 OBJECTS/stm32f10x_it.o
 .debug_aranges
                0x00000e98       0x28 OBJECTS/gprscon.o
 .debug_aranges
                0x00000ec0       0x20 OBJECTS/led.o
 .debug_aranges
                0x00000ee0       0x20 OBJECTS/clock.o
 .debug_aranges
                0x00000f00       0x20 OBJECTS/logica.o
 .debug_aranges
                0x00000f20       0x70 OBJECTS/usermemory.o
 .debug_aranges
                0x00000f90       0xa8 OBJECTS/usart2.o
 .debug_aranges
                0x00001038      0x118 OBJECTS/modem.o
 .debug_aranges
                0x00001150       0x80 OBJECTS/journal.o
 .debug_aranges
                0x000011d0       0xa8 OBJECTS/translator.o
 .debug_aranges
                0x00001278       0x58 OBJECTS/i2c_ee.o
 .debug_aranges
                0x000012d0       0x78 OBJECTS/mios32_iic.o
 .debug_aranges
                0x00001348       0x18 OBJECTS/usb_desc.o
 .debug_aranges
                0x00001360       0x40 OBJECTS/usb_endp.o
 .debug_aranges
                0x000013a0       0x20 OBJECTS/usb_istr.o
 .debug_aranges
                0x000013c0       0x88 OBJECTS/usb_prop.o
 .debug_aranges
                0x00001448       0x40 OBJECTS/usb_pwr.o
 .debug_aranges
                0x00001488       0x60 OBJECTS/hw_config.o
 .debug_aranges
                0x000014e8       0xb0 OBJECTS/usb_core.o
 .debug_aranges
                0x00001598       0x20 OBJECTS/usb_init.o
 .debug_aranges
                0x000015b8       0x28 OBJECTS/usb_int.o
 .debug_aranges
                0x000015e0       0x28 OBJECTS/usb_mem.o
 .debug_aranges
                0x00001608      0x1f0 OBJECTS/usb_regs.o
 .debug_aranges
                0x000017f8       0x30 OBJECTS/usb_sil.o

.debug_pubnames
 *(.debug_pubnames)

.debug_info     0x00000000    0x1cfa0
 *(.debug_info .gnu.linkonce.wi.*)
 .debug_info    0x00000000      0x19b OBJECTS/startup_stm32f10x_hd_mthomas.o
 .debug_info    0x0000019b      0x65a OBJECTS/hwinit.o
 .debug_info    0x000007f5     0x12ab OBJECTS/tasks.o
 .debug_info    0x00001aa0      0xb9c OBJECTS/queue.o
 .debug_info    0x0000263c      0x2d1 OBJECTS/list.o
 .debug_info    0x0000290d      0x243 OBJECTS/port.o
 .debug_info    0x00002b50      0x324 OBJECTS/heap_2.o
 .debug_info    0x00002e74      0x95e OBJECTS/stm32f10x_flash.o
 .debug_info    0x000037d2      0x826 OBJECTS/stm32f10x_gpio.o
 .debug_info    0x00003ff8      0x9c7 OBJECTS/stm32f10x_rcc.o
 .debug_info    0x000049bf      0x939 OBJECTS/stm32f10x_bkp.o
 .debug_info    0x000052f8      0x340 OBJECTS/stm32f10x_pwr.o
 .debug_info    0x00005638      0x224 OBJECTS/stm32f10x_iwdg.o
 .debug_info    0x0000585c      0x4af OBJECTS/stm32f10x_dma.o
 .debug_info    0x00005d0b     0x219a OBJECTS/stm32f10x_tim.o
 .debug_info    0x00007ea5      0xc7b OBJECTS/stm32f10x_i2c.o
 .debug_info    0x00008b20      0x575 OBJECTS/misc.o
 .debug_info    0x00009095     0x118c OBJECTS/uart.o
 .debug_info    0x0000a221      0xa27 OBJECTS/pwmcapture.o
 .debug_info    0x0000ac48     0x1e0c OBJECTS/rtclock.o
 .debug_info    0x0000ca54      0x230 OBJECTS/error.o
 .debug_info    0x0000cc84      0x450 OBJECTS/memman.o
 .debug_info    0x0000d0d4       0xfd OBJECTS/crc.o
 .debug_info    0x0000d1d1      0x615 OBJECTS/main.o
 .debug_info    0x0000d7e6      0x3ef OBJECTS/stm32f10x_it.o
 .debug_info    0x0000dbd5      0x7a6 OBJECTS/gprscon.o
 .debug_info    0x0000e37b      0x417 OBJECTS/led.o
 .debug_info    0x0000e792      0x1d0 OBJECTS/clock.o
 .debug_info    0x0000e962      0x17b OBJECTS/logica.o
 .debug_info    0x0000eadd     0x167c OBJECTS/usermemory.o
 .debug_info    0x00010159     0x169d OBJECTS/usart2.o
 .debug_info    0x000117f6     0x2828 OBJECTS/modem.o
 .debug_info    0x0001401e      0xb78 OBJECTS/journal.o
 .debug_info    0x00014b96     0x215c OBJECTS/translator.o
 .debug_info    0x00016cf2      0xee9 OBJECTS/i2c_ee.o
 .debug_info    0x00017bdb      0xed3 OBJECTS/mios32_iic.o
 .debug_info    0x00018aae      0x1a2 OBJECTS/usb_desc.o
 .debug_info    0x00018c50      0x32c OBJECTS/usb_endp.o
 .debug_info    0x00018f7c      0x2d9 OBJECTS/usb_istr.o
 .debug_info    0x00019255      0xb3e OBJECTS/usb_prop.o
 .debug_info    0x00019d93      0x36c OBJECTS/usb_pwr.o
 .debug_info    0x0001a0ff      0x6f8 OBJECTS/hw_config.o
 .debug_info    0x0001a7f7      0xe3d OBJECTS/usb_core.o
 .debug_info    0x0001b634      0x511 OBJECTS/usb_init.o
 .debug_info    0x0001bb45      0x251 OBJECTS/usb_int.o
 .debug_info    0x0001bd96      0x1cc OBJECTS/usb_mem.o
 .debug_info    0x0001bf62      0xe2f OBJECTS/usb_regs.o
 .debug_info    0x0001cd91      0x20f OBJECTS/usb_sil.o

.debug_abbrev   0x00000000     0x51e7
 *(.debug_abbrev)
 .debug_abbrev  0x00000000       0xfd OBJECTS/startup_stm32f10x_hd_mthomas.o
 .debug_abbrev  0x000000fd      0x185 OBJECTS/hwinit.o
 .debug_abbrev  0x00000282      0x20f OBJECTS/tasks.o
 .debug_abbrev  0x00000491      0x197 OBJECTS/queue.o
 .debug_abbrev  0x00000628       0xcc OBJECTS/list.o
 .debug_abbrev  0x000006f4      0x13c OBJECTS/port.o
 .debug_abbrev  0x00000830      0x19c OBJECTS/heap_2.o
 .debug_abbrev  0x000009cc      0x228 OBJECTS/stm32f10x_flash.o
 .debug_abbrev  0x00000bf4      0x1c7 OBJECTS/stm32f10x_gpio.o
 .debug_abbrev  0x00000dbb      0x1c2 OBJECTS/stm32f10x_rcc.o
 .debug_abbrev  0x00000f7d      0x17b OBJECTS/stm32f10x_bkp.o
 .debug_abbrev  0x000010f8      0x165 OBJECTS/stm32f10x_pwr.o
 .debug_abbrev  0x0000125d      0x126 OBJECTS/stm32f10x_iwdg.o
 .debug_abbrev  0x00001383      0x184 OBJECTS/stm32f10x_dma.o
 .debug_abbrev  0x00001507      0x1a3 OBJECTS/stm32f10x_tim.o
 .debug_abbrev  0x000016aa      0x19a OBJECTS/stm32f10x_i2c.o
 .debug_abbrev  0x00001844      0x130 OBJECTS/misc.o
 .debug_abbrev  0x00001974      0x31e OBJECTS/uart.o
 .debug_abbrev  0x00001c92      0x1d7 OBJECTS/pwmcapture.o
 .debug_abbrev  0x00001e69      0x3a7 OBJECTS/rtclock.o
 .debug_abbrev  0x00002210      0x119 OBJECTS/error.o
 .debug_abbrev  0x00002329      0x1af OBJECTS/memman.o
 .debug_abbrev  0x000024d8       0xc1 OBJECTS/crc.o
 .debug_abbrev  0x00002599      0x1ec OBJECTS/main.o
 .debug_abbrev  0x00002785      0x158 OBJECTS/stm32f10x_it.o
 .debug_abbrev  0x000028dd      0x1f3 OBJECTS/gprscon.o
 .debug_abbrev  0x00002ad0      0x120 OBJECTS/led.o
 .debug_abbrev  0x00002bf0      0x101 OBJECTS/clock.o
 .debug_abbrev  0x00002cf1       0xcd OBJECTS/logica.o
 .debug_abbrev  0x00002dbe      0x290 OBJECTS/usermemory.o
 .debug_abbrev  0x0000304e      0x30e OBJECTS/usart2.o
 .debug_abbrev  0x0000335c      0x3df OBJECTS/modem.o
 .debug_abbrev  0x0000373b      0x227 OBJECTS/journal.o
 .debug_abbrev  0x00003962      0x32d OBJECTS/translator.o
 .debug_abbrev  0x00003c8f      0x21d OBJECTS/i2c_ee.o
 .debug_abbrev  0x00003eac      0x2e5 OBJECTS/mios32_iic.o
 .debug_abbrev  0x00004191       0x70 OBJECTS/usb_desc.o
 .debug_abbrev  0x00004201      0x152 OBJECTS/usb_endp.o
 .debug_abbrev  0x00004353      0x140 OBJECTS/usb_istr.o
 .debug_abbrev  0x00004493      0x220 OBJECTS/usb_prop.o
 .debug_abbrev  0x000046b3      0x143 OBJECTS/usb_pwr.o
 .debug_abbrev  0x000047f6      0x203 OBJECTS/hw_config.o
 .debug_abbrev  0x000049f9      0x2de OBJECTS/usb_core.o
 .debug_abbrev  0x00004cd7      0x120 OBJECTS/usb_init.o
 .debug_abbrev  0x00004df7       0xf0 OBJECTS/usb_int.o
 .debug_abbrev  0x00004ee7       0x93 OBJECTS/usb_mem.o
 .debug_abbrev  0x00004f7a      0x187 OBJECTS/usb_regs.o
 .debug_abbrev  0x00005101       0xe6 OBJECTS/usb_sil.o

.debug_line     0x00000000     0xfa61
 *(.debug_line)
 .debug_line    0x00000000       0xe0 OBJECTS/startup_stm32f10x_hd_mthomas.o
 .debug_line    0x000000e0      0x2e8 OBJECTS/hwinit.o
 .debug_line    0x000003c8      0xa7f OBJECTS/tasks.o
 .debug_line    0x00000e47      0x608 OBJECTS/queue.o
 .debug_line    0x0000144f      0x19a OBJECTS/list.o
 .debug_line    0x000015e9      0x1e0 OBJECTS/port.o
 .debug_line    0x000017c9      0x1fa OBJECTS/heap_2.o
 .debug_line    0x000019c3      0x6f7 OBJECTS/stm32f10x_flash.o
 .debug_line    0x000020ba      0x586 OBJECTS/stm32f10x_gpio.o
 .debug_line    0x00002640      0x726 OBJECTS/stm32f10x_rcc.o
 .debug_line    0x00002d66      0x30b OBJECTS/stm32f10x_bkp.o
 .debug_line    0x00003071      0x326 OBJECTS/stm32f10x_pwr.o
 .debug_line    0x00003397      0x212 OBJECTS/stm32f10x_iwdg.o
 .debug_line    0x000035a9      0x420 OBJECTS/stm32f10x_dma.o
 .debug_line    0x000039c9     0x1033 OBJECTS/stm32f10x_tim.o
 .debug_line    0x000049fc      0x6dd OBJECTS/stm32f10x_i2c.o
 .debug_line    0x000050d9      0x2aa OBJECTS/misc.o
 .debug_line    0x00005383      0x67c OBJECTS/uart.o
 .debug_line    0x000059ff      0x29b OBJECTS/pwmcapture.o
 .debug_line    0x00005c9a      0xf40 OBJECTS/rtclock.o
 .debug_line    0x00006bda      0x14b OBJECTS/error.o
 .debug_line    0x00006d25      0x231 OBJECTS/memman.o
 .debug_line    0x00006f56       0xab OBJECTS/crc.o
 .debug_line    0x00007001      0x354 OBJECTS/main.o
 .debug_line    0x00007355      0x261 OBJECTS/stm32f10x_it.o
 .debug_line    0x000075b6      0x46a OBJECTS/gprscon.o
 .debug_line    0x00007a20      0x292 OBJECTS/led.o
 .debug_line    0x00007cb2      0x1e1 OBJECTS/clock.o
 .debug_line    0x00007e93      0x1e0 OBJECTS/logica.o
 .debug_line    0x00008073      0x79b OBJECTS/usermemory.o
 .debug_line    0x0000880e      0x6b7 OBJECTS/usart2.o
 .debug_line    0x00008ec5     0x1b10 OBJECTS/modem.o
 .debug_line    0x0000a9d5      0x5fe OBJECTS/journal.o
 .debug_line    0x0000afd3     0x1075 OBJECTS/translator.o
 .debug_line    0x0000c048      0x7f8 OBJECTS/i2c_ee.o
 .debug_line    0x0000c840      0x66e OBJECTS/mios32_iic.o
 .debug_line    0x0000ceae      0x110 OBJECTS/usb_desc.o
 .debug_line    0x0000cfbe      0x2d1 OBJECTS/usb_endp.o
 .debug_line    0x0000d28f      0x1c4 OBJECTS/usb_istr.o
 .debug_line    0x0000d453      0x3c6 OBJECTS/usb_prop.o
 .debug_line    0x0000d819      0x2ba OBJECTS/usb_pwr.o
 .debug_line    0x0000dad3      0x345 OBJECTS/hw_config.o
 .debug_line    0x0000de18      0xa9f OBJECTS/usb_core.o
 .debug_line    0x0000e8b7      0x1a3 OBJECTS/usb_init.o
 .debug_line    0x0000ea5a      0x31c OBJECTS/usb_int.o
 .debug_line    0x0000ed76      0x204 OBJECTS/usb_mem.o
 .debug_line    0x0000ef7a      0x8fb OBJECTS/usb_regs.o
 .debug_line    0x0000f875      0x1ec OBJECTS/usb_sil.o

.debug_frame    0x00000000     0x603c
 *(.debug_frame)
 .debug_frame   0x00000000       0x74 OBJECTS/startup_stm32f10x_hd_mthomas.o
 .debug_frame   0x00000074       0x6c OBJECTS/hwinit.o
 .debug_frame   0x000000e0      0x498 OBJECTS/tasks.o
 .debug_frame   0x00000578      0x260 OBJECTS/queue.o
 .debug_frame   0x000007d8       0xd8 OBJECTS/list.o
 .debug_frame   0x000008b0      0x148 OBJECTS/port.o
 .debug_frame   0x000009f8       0x98 OBJECTS/heap_2.o
 .debug_frame   0x00000a90      0x3b0 OBJECTS/stm32f10x_flash.o
 .debug_frame   0x00000e40      0x2d0 OBJECTS/stm32f10x_gpio.o
 .debug_frame   0x00001110      0x4f4 OBJECTS/stm32f10x_rcc.o
 .debug_frame   0x00001604      0x1c4 OBJECTS/stm32f10x_bkp.o
 .debug_frame   0x000017c8      0x19c OBJECTS/stm32f10x_pwr.o
 .debug_frame   0x00001964       0xf0 OBJECTS/stm32f10x_iwdg.o
 .debug_frame   0x00001a54      0x1a0 OBJECTS/stm32f10x_dma.o
 .debug_frame   0x00001bf4      0xe40 OBJECTS/stm32f10x_tim.o
 .debug_frame   0x00002a34      0x508 OBJECTS/stm32f10x_i2c.o
 .debug_frame   0x00002f3c       0xd8 OBJECTS/misc.o
 .debug_frame   0x00003014      0x2ec OBJECTS/uart.o
 .debug_frame   0x00003300       0x80 OBJECTS/pwmcapture.o
 .debug_frame   0x00003380      0x364 OBJECTS/rtclock.o
 .debug_frame   0x000036e4       0xb0 OBJECTS/error.o
 .debug_frame   0x00003794       0xfc OBJECTS/memman.o
 .debug_frame   0x00003890       0x60 OBJECTS/crc.o
 .debug_frame   0x000038f0       0xcc OBJECTS/main.o
 .debug_frame   0x000039bc      0x16c OBJECTS/stm32f10x_it.o
 .debug_frame   0x00003b28       0x40 OBJECTS/gprscon.o
 .debug_frame   0x00003b68       0x30 OBJECTS/led.o
 .debug_frame   0x00003b98       0x30 OBJECTS/clock.o
 .debug_frame   0x00003bc8       0x30 OBJECTS/logica.o
 .debug_frame   0x00003bf8      0x1b0 OBJECTS/usermemory.o
 .debug_frame   0x00003da8      0x2a8 OBJECTS/usart2.o
 .debug_frame   0x00004050      0x484 OBJECTS/modem.o
 .debug_frame   0x000044d4      0x1e8 OBJECTS/journal.o
 .debug_frame   0x000046bc      0x2d8 OBJECTS/translator.o
 .debug_frame   0x00004994      0x134 OBJECTS/i2c_ee.o
 .debug_frame   0x00004ac8      0x1c0 OBJECTS/mios32_iic.o
 .debug_frame   0x00004c88       0xb0 OBJECTS/usb_endp.o
 .debug_frame   0x00004d38       0x2c OBJECTS/usb_istr.o
 .debug_frame   0x00004d64      0x200 OBJECTS/usb_prop.o
 .debug_frame   0x00004f64       0xbc OBJECTS/usb_pwr.o
 .debug_frame   0x00005020      0x148 OBJECTS/hw_config.o
 .debug_frame   0x00005168      0x2b8 OBJECTS/usb_core.o
 .debug_frame   0x00005420       0x2c OBJECTS/usb_init.o
 .debug_frame   0x0000544c       0x5c OBJECTS/usb_int.o
 .debug_frame   0x000054a8       0x60 OBJECTS/usb_mem.o
 .debug_frame   0x00005508      0x91c OBJECTS/usb_regs.o
 .debug_frame   0x00005e24       0x78 OBJECTS/usb_sil.o
 .debug_frame   0x00005e9c       0x30 c:/program files (x86)/gnu arm embedded toolchain/10 2021.10/bin/../lib/gcc/arm-none-eabi/10.3.1/../../../../arm-none-eabi/lib/thumb/v7-m/nofp\libc.a(lib_a-atoi.o)
 .debug_frame   0x00005ecc       0x20 c:/program files (x86)/gnu arm embedded toolchain/10 2021.10/bin/../lib/gcc/arm-none-eabi/10.3.1/../../../../arm-none-eabi/lib/thumb/v7-m/nofp\libc.a(lib_a-errno.o)
 .debug_frame   0x00005eec       0x2c c:/program files (x86)/gnu arm embedded toolchain/10 2021.10/bin/../lib/gcc/arm-none-eabi/10.3.1/../../../../arm-none-eabi/lib/thumb/v7-m/nofp\libc.a(lib_a-memset.o)
 .debug_frame   0x00005f18       0x28 c:/program files (x86)/gnu arm embedded toolchain/10 2021.10/bin/../lib/gcc/arm-none-eabi/10.3.1/../../../../arm-none-eabi/lib/thumb/v7-m/nofp\libc.a(lib_a-strcat.o)
 .debug_frame   0x00005f40       0x20 c:/program files (x86)/gnu arm embedded toolchain/10 2021.10/bin/../lib/gcc/arm-none-eabi/10.3.1/../../../../arm-none-eabi/lib/thumb/v7-m/nofp\libc.a(lib_a-strcpy.o)
 .debug_frame   0x00005f60       0x20 c:/program files (x86)/gnu arm embedded toolchain/10 2021.10/bin/../lib/gcc/arm-none-eabi/10.3.1/../../../../arm-none-eabi/lib/thumb/v7-m/nofp\libc.a(lib_a-strlen-stub.o)
 .debug_frame   0x00005f80       0x2c c:/program files (x86)/gnu arm embedded toolchain/10 2021.10/bin/../lib/gcc/arm-none-eabi/10.3.1/../../../../arm-none-eabi/lib/thumb/v7-m/nofp\libc.a(lib_a-strncpy.o)
 .debug_frame   0x00005fac       0x90 c:/program files (x86)/gnu arm embedded toolchain/10 2021.10/bin/../lib/gcc/arm-none-eabi/10.3.1/../../../../arm-none-eabi/lib/thumb/v7-m/nofp\libc.a(lib_a-strtol.o)

.debug_str      0x00000000     0x68b1
 *(.debug_str)
 .debug_str     0x00000000      0x18d OBJECTS/startup_stm32f10x_hd_mthomas.o
                                0x1ac (size before relaxing)
 .debug_str     0x0000018d      0x679 OBJECTS/hwinit.o
                                0x7ac (size before relaxing)
 .debug_str     0x00000806      0x835 OBJECTS/tasks.o
                                0x9ba (size before relaxing)
 .debug_str     0x0000103b      0x2dd OBJECTS/queue.o
                                0x669 (size before relaxing)
 .debug_str     0x00001318       0x5b OBJECTS/list.o
                                0x299 (size before relaxing)
 .debug_str     0x00001373       0xbc OBJECTS/port.o
                                0x2c5 (size before relaxing)
 .debug_str     0x0000142f      0x146 OBJECTS/heap_2.o
                                0x2e3 (size before relaxing)
 .debug_str     0x00001575      0x3c6 OBJECTS/stm32f10x_flash.o
                                0x5c2 (size before relaxing)
 .debug_str     0x0000193b      0x368 OBJECTS/stm32f10x_gpio.o
                                0x54f (size before relaxing)
 .debug_str     0x00001ca3      0x364 OBJECTS/stm32f10x_rcc.o
                                0x649 (size before relaxing)
 .debug_str     0x00002007      0x3fb OBJECTS/stm32f10x_bkp.o
                                0x5f7 (size before relaxing)
 .debug_str     0x00002402      0x11f OBJECTS/stm32f10x_pwr.o
                                0x2f6 (size before relaxing)
 .debug_str     0x00002521       0xdf OBJECTS/stm32f10x_iwdg.o
                                0x28b (size before relaxing)
 .debug_str     0x00002600      0x1f0 OBJECTS/stm32f10x_dma.o
                                0x3bb (size before relaxing)
 .debug_str     0x000027f0      0xb0c OBJECTS/stm32f10x_tim.o
                                0xe3a (size before relaxing)
 .debug_str     0x000032fc      0x3a5 OBJECTS/stm32f10x_i2c.o
                                0x696 (size before relaxing)
 .debug_str     0x000036a1      0x15b OBJECTS/misc.o
                                0x3e7 (size before relaxing)
 .debug_str     0x000037fc      0x312 OBJECTS/uart.o
                                0xbbb (size before relaxing)
 .debug_str     0x00003b0e       0x93 OBJECTS/pwmcapture.o
                                0xa3a (size before relaxing)
 .debug_str     0x00003ba1      0x590 OBJECTS/rtclock.o
                                0x8eb (size before relaxing)
 .debug_str     0x00004131       0xdb OBJECTS/error.o
                                0x21d (size before relaxing)
 .debug_str     0x0000420c      0x109 OBJECTS/memman.o
                                0x2fd (size before relaxing)
 .debug_str     0x00004315       0x3b OBJECTS/crc.o
                                0x127 (size before relaxing)
 .debug_str     0x00004350       0x84 OBJECTS/main.o
                                0x4de (size before relaxing)
 .debug_str     0x000043d4       0xfa OBJECTS/stm32f10x_it.o
                                0x2be (size before relaxing)
 .debug_str     0x000044ce      0x286 OBJECTS/gprscon.o
                                0x4db (size before relaxing)
 .debug_str     0x00004754       0x15 OBJECTS/led.o
                                0x267 (size before relaxing)
 .debug_str     0x00004769       0x19 OBJECTS/clock.o
                                0x215 (size before relaxing)
 .debug_str     0x00004782       0x25 OBJECTS/logica.o
                                0x1fd (size before relaxing)
 .debug_str     0x000047a7      0x17a OBJECTS/usermemory.o
                                0x8a6 (size before relaxing)
 .debug_str     0x00004921      0x161 OBJECTS/usart2.o
                                0xdd6 (size before relaxing)
 .debug_str     0x00004a82      0x399 OBJECTS/modem.o
                                0xaff (size before relaxing)
 .debug_str     0x00004e1b       0xca OBJECTS/journal.o
                                0x37d (size before relaxing)
 .debug_str     0x00004ee5      0x2df OBJECTS/translator.o
                                0x9ed (size before relaxing)
 .debug_str     0x000051c4       0xa0 OBJECTS/i2c_ee.o
                                0x62b (size before relaxing)
 .debug_str     0x00005264      0x2ed OBJECTS/mios32_iic.o
                                0xbdf (size before relaxing)
 .debug_str     0x00005551       0xcc OBJECTS/usb_desc.o
                                0x22e (size before relaxing)
 .debug_str     0x0000561d      0x150 OBJECTS/usb_endp.o
                                0x2fc (size before relaxing)
 .debug_str     0x0000576d      0x115 OBJECTS/usb_istr.o
                                0x30f (size before relaxing)
 .debug_str     0x00005882      0x58d OBJECTS/usb_prop.o
                                0xa16 (size before relaxing)
 .debug_str     0x00005e0f      0x104 OBJECTS/usb_pwr.o
                                0x37e (size before relaxing)
 .debug_str     0x00005f13       0x84 OBJECTS/hw_config.o
                                0x8be (size before relaxing)
 .debug_str     0x00005f97      0x46d OBJECTS/usb_core.o
                                0xb09 (size before relaxing)
 .debug_str     0x00006404       0x56 OBJECTS/usb_init.o
                                0x55c (size before relaxing)
 .debug_str     0x0000645a       0x48 OBJECTS/usb_int.o
                                0x243 (size before relaxing)
 .debug_str     0x000064a2       0x6a OBJECTS/usb_mem.o
                                0x21c (size before relaxing)
 .debug_str     0x0000650c      0x32f OBJECTS/usb_regs.o
                                0x5a4 (size before relaxing)
 .debug_str     0x0000683b       0x76 OBJECTS/usb_sil.o
                                0x284 (size before relaxing)

.debug_loc      0x00000000     0xc972
 *(.debug_loc)
 .debug_loc     0x00000000       0xc0 OBJECTS/startup_stm32f10x_hd_mthomas.o
 .debug_loc     0x000000c0       0xa8 OBJECTS/hwinit.o
 .debug_loc     0x00000168      0x9d0 OBJECTS/tasks.o
 .debug_loc     0x00000b38      0x524 OBJECTS/queue.o
 .debug_loc     0x0000105c      0x1cc OBJECTS/list.o
 .debug_loc     0x00001228      0x22c OBJECTS/port.o
 .debug_loc     0x00001454      0x128 OBJECTS/heap_2.o
 .debug_loc     0x0000157c      0x824 OBJECTS/stm32f10x_flash.o