Archive member included to satisfy reference by file (symbol)

c:/program files (x86)/gnu arm embedded toolchain/10 2021.10/bin/../lib/gcc/arm-none-eabi/10.3.1/../../../../arm-none-eabi/lib/thumb/v7-m/nofp\libc.a(lib_a-atof.o)
                              OBJECTS/rs485.o (atof)
c:/program files (x86)/gnu arm embedded toolchain/10 2021.10/bin/../lib/gcc/arm-none-eabi/10.3.1/../../../../arm-none-eabi/lib/thumb/v7-m/nofp\libc.a(lib_a-atoi.o)
                              OBJECTS/rtclock.o (atoi)
c:/program files (x86)/gnu arm embedded toolchain/10 2021.10/bin/../lib/gcc/arm-none-eabi/10.3.1/../../../../arm-none-eabi/lib/thumb/v7-m/nofp\libc.a(lib_a-errno.o)
                              OBJECTS/syscalls.o (__errno)
c:/program files (x86)/gnu arm embedded toolchain/10 2021.10/bin/../lib/gcc/arm-none-eabi/10.3.1/../../../../arm-none-eabi/lib/thumb/v7-m/nofp\libc.a(lib_a-impure.o)
                              c:/program files (x86)/gnu arm embedded toolchain/10 2021.10/bin/../lib/gcc/arm-none-eabi/10.3.1/../../../../arm-none-eabi/lib/thumb/v7-m/nofp\libc.a(lib_a-errno.o) (_impure_ptr)
c:/program files (x86)/gnu arm embedded toolchain/10 2021.10/bin/../lib/gcc/arm-none-eabi/10.3.1/../../../../arm-none-eabi/lib/thumb/v7-m/nofp\libc.a(lib_a-itoa.o)
                              OBJECTS/rtclock.o (itoa)
c:/program files (x86)/gnu arm embedded toolchain/10 2021.10/bin/../lib/gcc/arm-none-eabi/10.3.1/../../../../arm-none-eabi/lib/thumb/v7-m/nofp\libc.a(lib_a-memcpy.o)
                              OBJECTS/queue.o (memcpy)
c:/program files (x86)/gnu arm embedded toolchain/10 2021.10/bin/../lib/gcc/arm-none-eabi/10.3.1/../../../../arm-none-eabi/lib/thumb/v7-m/nofp\libc.a(lib_a-memset.o)
                              OBJECTS/syscalls.o (memset)
c:/program files (x86)/gnu arm embedded toolchain/10 2021.10/bin/../lib/gcc/arm-none-eabi/10.3.1/../../../../arm-none-eabi/lib/thumb/v7-m/nofp\libc.a(lib_a-strcat.o)
                              OBJECTS/rtclock.o (strcat)
c:/program files (x86)/gnu arm embedded toolchain/10 2021.10/bin/../lib/gcc/arm-none-eabi/10.3.1/../../../../arm-none-eabi/lib/thumb/v7-m/nofp\libc.a(lib_a-strcmp.o)
                              OBJECTS/modem.o (strcmp)
c:/program files (x86)/gnu arm embedded toolchain/10 2021.10/bin/../lib/gcc/arm-none-eabi/10.3.1/../../../../arm-none-eabi/lib/thumb/v7-m/nofp\libc.a(lib_a-strcpy.o)
                              OBJECTS/smp_protocol.o (strcpy)
c:/program files (x86)/gnu arm embedded toolchain/10 2021.10/bin/../lib/gcc/arm-none-eabi/10.3.1/../../../../arm-none-eabi/lib/thumb/v7-m/nofp\libc.a(lib_a-strlen-stub.o)
                              OBJECTS/rtclock.o (strlen)
c:/program files (x86)/gnu arm embedded toolchain/10 2021.10/bin/../lib/gcc/arm-none-eabi/10.3.1/../../../../arm-none-eabi/lib/thumb/v7-m/nofp\libc.a(lib_a-strncpy.o)
                              OBJECTS/tasks.o (strncpy)
c:/program files (x86)/gnu arm embedded toolchain/10 2021.10/bin/../lib/gcc/arm-none-eabi/10.3.1/../../../../arm-none-eabi/lib/thumb/v7-m/nofp\libc.a(lib_a-strtod.o)
                              c:/program files (x86)/gnu arm embedded toolchain/10 2021.10/bin/../lib/gcc/arm-none-eabi/10.3.1/../../../../arm-none-eabi/lib/thumb/v7-m/nofp\libc.a(lib_a-atof.o) (strtod)
c:/program files (x86)/gnu arm embedded toolchain/10 2021.10/bin/../lib/gcc/arm-none-eabi/10.3.1/../../../../arm-none-eabi/lib/thumb/v7-m/nofp\libc.a(lib_a-strtol.o)
                              c:/program files (x86)/gnu arm embedded toolchain/10 2021.10/bin/../lib/gcc/arm-none-eabi/10.3.1/../../../../arm-none-eabi/lib/thumb/v7-m/nofp\libc.a(lib_a-atoi.o) (_strtol_r)
c:/program files (x86)/gnu arm embedded toolchain/10 2021.10/bin/../lib/gcc/arm-none-eabi/10.3.1/../../../../arm-none-eabi/lib/thumb/v7-m/nofp\libc.a(lib_a-utoa.o)
                              c:/program files (x86)/gnu arm embedded toolchain/10 2021.10/bin/../lib/gcc/arm-none-eabi/10.3.1/../../../../arm-none-eabi/lib/thumb/v7-m/nofp\libc.a(lib_a-itoa.o) (__utoa)
c:/program files (x86)/gnu arm embedded toolchain/10 2021.10/bin/../lib/gcc/arm-none-eabi/10.3.1/../../../../arm-none-eabi/lib/thumb/v7-m/nofp\libc.a(lib_a-ctype_.o)
                              c:/program files (x86)/gnu arm embedded toolchain/10 2021.10/bin/../lib/gcc/arm-none-eabi/10.3.1/../../../../arm-none-eabi/lib/thumb/v7-m/nofp\libc.a(lib_a-strtol.o) (_ctype_)
c:/program files (x86)/gnu arm embedded toolchain/10 2021.10/bin/../lib/gcc/arm-none-eabi/10.3.1/../../../../arm-none-eabi/lib/thumb/v7-m/nofp\libc.a(lib_a-gdtoa-gethex.o)
                              c:/program files (x86)/gnu arm embedded toolchain/10 2021.10/bin/../lib/gcc/arm-none-eabi/10.3.1/../../../../arm-none-eabi/lib/thumb/v7-m/nofp\libc.a(lib_a-strtod.o) (__gethex)
c:/program files (x86)/gnu arm embedded toolchain/10 2021.10/bin/../lib/gcc/arm-none-eabi/10.3.1/../../../../arm-none-eabi/lib/thumb/v7-m/nofp\libc.a(lib_a-gdtoa-hexnan.o)
[...]
Memory Configuration

Name             Origin             Length             Attributes
RAM              0x20000000         0x0000c000         xrw
EXTSRAM          0x68000000         0x00000000         xrw
FLASH            0x08000000         0x0003f800         xr
EEMUL            0x0803f800         0x00000800         xrw
FLASHB1          0x00000000         0x00000000         xr
EXTMEMB0         0x00000000         0x00000000         xr
EXTMEMB1         0x00000000         0x00000000         xr
EXTMEMB2         0x00000000         0x00000000         xr
EXTMEMB3         0x00000000         0x00000000         xr
*default*        0x00000000         0xffffffff

Linker script and memory map

LOAD OBJECTS/core_cm3.o
LOAD OBJECTS/startup_stm32f10x_hd_mthomas.o
LOAD OBJECTS/syscalls.o
LOAD OBJECTS/hwinit.o
LOAD OBJECTS/tasks.o
LOAD OBJECTS/queue.o
LOAD OBJECTS/list.o
LOAD OBJECTS/port.o
LOAD OBJECTS/heap_2.o
LOAD OBJECTS/stm32f10x_adc.o
LOAD OBJECTS/stm32f10x_usart.o
LOAD OBJECTS/stm32f10x_flash.o
LOAD OBJECTS/stm32f10x_gpio.o
LOAD OBJECTS/stm32f10x_rcc.o
LOAD OBJECTS/stm32f10x_spi.o
LOAD OBJECTS/stm32f10x_rtc.o
LOAD OBJECTS/stm32f10x_bkp.o
LOAD OBJECTS/stm32f10x_pwr.o
LOAD OBJECTS/stm32f10x_iwdg.o
LOAD OBJECTS/stm32f10x_dma.o
LOAD OBJECTS/stm32f10x_tim.o
LOAD OBJECTS/stm32f10x_i2c.o
LOAD OBJECTS/misc.o
LOAD OBJECTS/adc.o
LOAD OBJECTS/uart.o
LOAD OBJECTS/pwmcapture.o
LOAD OBJECTS/rtclock.o
LOAD OBJECTS/rvnet.o
LOAD OBJECTS/error.o
LOAD OBJECTS/rvnettcp.o
LOAD OBJECTS/memman.o
LOAD OBJECTS/crc.o
LOAD OBJECTS/main.o
LOAD OBJECTS/stm32f10x_it.o
LOAD OBJECTS/gprscon.o
LOAD OBJECTS/led.o
LOAD OBJECTS/clock.o
LOAD OBJECTS/logica.o
LOAD OBJECTS/rs485.o
LOAD OBJECTS/usbtask.o
LOAD OBJECTS/reletest.o
LOAD OBJECTS/iec61107.o
LOAD OBJECTS/smp_protocol.o
LOAD OBJECTS/usermemory.o
LOAD OBJECTS/diskrets.o
LOAD OBJECTS/relay.o
LOAD OBJECTS/usart2.o
LOAD OBJECTS/modem.o
LOAD OBJECTS/journal.o
LOAD OBJECTS/translator.o
LOAD OBJECTS/i2c_ee.o
LOAD OBJECTS/mios32_iic.o
LOAD OBJECTS/mios32_irq.o
LOAD OBJECTS/usb_desc.o
LOAD OBJECTS/usb_endp.o
LOAD OBJECTS/usb_istr.o
LOAD OBJECTS/usb_prop.o
LOAD OBJECTS/usb_pwr.o
LOAD OBJECTS/hw_config.o
LOAD OBJECTS/usb_core.o
LOAD OBJECTS/usb_init.o
LOAD OBJECTS/usb_int.o
LOAD OBJECTS/usb_mem.o
LOAD OBJECTS/usb_regs.o
LOAD OBJECTS/usb_sil.o
LOAD c:/program files (x86)/gnu arm embedded toolchain/10 2021.10/bin/../lib/gcc/arm-none-eabi/10.3.1/../../../../arm-none-eabi/lib/thumb/v7-m/nofp\libc.a
LOAD c:/program files (x86)/gnu arm embedded toolchain/10 2021.10/bin/../lib/gcc/arm-none-eabi/10.3.1/../../../../arm-none-eabi/lib/thumb/v7-m/nofp\libm.a
LOAD c:/program files (x86)/gnu arm embedded toolchain/10 2021.10/bin/../lib/gcc/arm-none-eabi/10.3.1/../../../../arm-none-eabi/lib/thumb/v7-m/nofp\libc.a
LOAD c:/program files (x86)/gnu arm embedded toolchain/10 2021.10/bin/../lib/gcc/arm-none-eabi/10.3.1/thumb/v7-m/nofp\libgcc.a
START GROUP
LOAD c:/program files (x86)/gnu arm embedded toolchain/10 2021.10/bin/../lib/gcc/arm-none-eabi/10.3.1/thumb/v7-m/nofp\libgcc.a
LOAD c:/program files (x86)/gnu arm embedded toolchain/10 2021.10/bin/../lib/gcc/arm-none-eabi/10.3.1/../../../../arm-none-eabi/lib/thumb/v7-m/nofp\libg.a
LOAD c:/program files (x86)/gnu arm embedded toolchain/10 2021.10/bin/../lib/gcc/arm-none-eabi/10.3.1/../../../../arm-none-eabi/lib/thumb/v7-m/nofp\libc.a
END GROUP
                0x2000c000                _estack = (ORIGIN (RAM) + LENGTH (RAM))
                0x0803f800                _seemul = ORIGIN (EEMUL)
                0x00000100                _Minimum_Stack_Size = 0x100
                0x00000001                ASSERT ((ORIGIN (FLASH) == ALIGN (ORIGIN (FLASH), 0x80)), Start of memory region flash not aligned for startup vector table)

.text           0x08000000    0x15930
                0x08000000                . = ALIGN (0x80)
                0x00000000                _isr_vectorsflash_offs = (. - 0x8000000)
 *(.isr_vectorsflash)
 .isr_vectorsflash
                0x08000000        0x8 OBJECTS/startup_stm32f10x_hd_mthomas.o
                0x08000000                g_pfnVectorsStartup
                0x08000008                . = ALIGN (0x4)
 *(.text)
 .text          0x08000008       0xec c:/program files (x86)/gnu arm embedded toolchain/10 2021.10/bin/../lib/gcc/arm-none-eabi/10.3.1/../../../../arm-none-eabi/lib/thumb/v7-m/nofp\libc.a(lib_a-memcpy.o)
                0x08000008                memcpy
 .text          0x080000f4      0x1bc c:/program files (x86)/gnu arm embedded toolchain/10 2021.10/bin/../lib/gcc/arm-none-eabi/10.3.1/../../../../arm-none-eabi/lib/thumb/v7-m/nofp\libc.a(lib_a-strcmp.o)
                0x080000f4                strcmp
 .text          0x080002b0      0x168 c:/program files (x86)/gnu arm embedded toolchain/10 2021.10/bin/../lib/gcc/arm-none-eabi/10.3.1/thumb/v7-m/nofp\libgcc.a(_arm_mulsf3.o)
                0x080002b0                __aeabi_fmul
                0x080002b0                __mulsf3
 .text          0x08000418      0x378 c:/program files (x86)/gnu arm embedded toolchain/10 2021.10/bin/../lib/gcc/arm-none-eabi/10.3.1/thumb/v7-m/nofp\libgcc.a(_arm_addsubdf3.o)
                0x08000418                __aeabi_drsub
                0x08000420                __aeabi_dsub
                0x08000420                __subdf3
                0x08000424                __aeabi_dadd
                0x08000424                __adddf3
                0x0800069c                __floatunsidf
                0x0800069c                __aeabi_ui2d
                0x080006bc                __floatsidf
                0x080006bc                __aeabi_i2d
                0x080006e0                __aeabi_f2d
                0x080006e0                __extendsfdf2
                0x08000724                __floatundidf
                0x08000724                __aeabi_ul2d
                0x08000734                __floatdidf
                0x08000734                __aeabi_l2d
 .text          0x08000790      0x424 c:/program files (x86)/gnu arm embedded toolchain/10 2021.10/bin/../lib/gcc/arm-none-eabi/10.3.1/thumb/v7-m/nofp\libgcc.a(_arm_muldivdf3.o)
                0x08000790                __aeabi_dmul
                0x08000790                __muldf3
                0x080009e4                __divdf3
                0x080009e4                __aeabi_ddiv
 .text          0x08000bb4      0x110 c:/program files (x86)/gnu arm embedded toolchain/10 2021.10/bin/../lib/gcc/arm-none-eabi/10.3.1/thumb/v7-m/nofp\libgcc.a(_arm_cmpdf2.o)
                0x08000bb4                __gtdf2
                0x08000bb4                __gedf2
                0x08000bbc                __ltdf2
                0x08000bbc                __ledf2
                0x08000bc4                __nedf2
                0x08000bc4                __eqdf2
                0x08000bc4                __cmpdf2
                0x08000c40                __aeabi_cdrcmple
                0x08000c50                __aeabi_cdcmpeq
                0x08000c50                __aeabi_cdcmple
                0x08000c60                __aeabi_dcmpeq
                0x08000c74                __aeabi_dcmplt
                0x08000c88                __aeabi_dcmple
                0x08000c9c                __aeabi_dcmpge
                0x08000cb0                __aeabi_dcmpgt
 .text          0x08000cc4       0x40 c:/program files (x86)/gnu arm embedded toolchain/10 2021.10/bin/../lib/gcc/arm-none-eabi/10.3.1/thumb/v7-m/nofp\libgcc.a(_arm_fixunsdfsi.o)
                0x08000cc4                __aeabi_d2uiz
                0x08000cc4                __fixunsdfsi
 .text          0x08000d04       0xa0 c:/program files (x86)/gnu arm embedded toolchain/10 2021.10/bin/../lib/gcc/arm-none-eabi/10.3.1/thumb/v7-m/nofp\libgcc.a(_arm_truncdfsf2.o)
                0x08000d04                __truncdfsf2
                0x08000d04                __aeabi_d2f
 .text          0x08000da4      0x21c c:/program files (x86)/gnu arm embedded toolchain/10 2021.10/bin/../lib/gcc/arm-none-eabi/10.3.1/thumb/v7-m/nofp\libgcc.a(_arm_addsubsf3.o)
                0x08000da4                __aeabi_frsub
                0x08000dac                __subsf3
                0x08000dac                __aeabi_fsub
                0x08000db0                __aeabi_fadd
                0x08000db0                __addsf3
                0x08000f10                __aeabi_ui2f
                0x08000f10                __floatunsisf
                0x08000f18                __aeabi_i2f
                0x08000f18                __floatsisf
                0x08000f34                __aeabi_ul2f
                0x08000f34                __floatundisf
                0x08000f44                __aeabi_l2f
                0x08000f44                __floatdisf
 .text          0x08000fc0       0xec c:/program files (x86)/gnu arm embedded toolchain/10 2021.10/bin/../lib/gcc/arm-none-eabi/10.3.1/thumb/v7-m/nofp\libgcc.a(_arm_cmpsf2.o)
                0x08000fc0                __gesf2
                0x08000fc0                __gtsf2
                0x08000fc8                __lesf2
                0x08000fc8                __ltsf2
                0x08000fd0                __nesf2
                0x08000fd0                __eqsf2
                0x08000fd0                __cmpsf2
                0x08001030                __aeabi_cfrcmple
                0x08001038                __aeabi_cfcmpeq
                0x08001038                __aeabi_cfcmple
                0x08001048                __aeabi_fcmpeq
                0x0800105c                __aeabi_fcmplt
                0x08001070                __aeabi_fcmple
                0x08001084                __aeabi_fcmpge
                0x08001098                __aeabi_fcmpgt
 .text          0x080010ac       0x4c c:/program files (x86)/gnu arm embedded toolchain/10 2021.10/bin/../lib/gcc/arm-none-eabi/10.3.1/thumb/v7-m/nofp\libgcc.a(_arm_fixsfsi.o)
                0x080010ac                __aeabi_f2iz
                0x080010ac                __fixsfsi
 *(.text.*)
 .text.Reset_Handler
                0x080010f8       0x38 OBJECTS/startup_stm32f10x_hd_mthomas.o
                0x080010f8                Reset_Handler
 .text.__Init_Data
                0x08001130       0x68 OBJECTS/startup_stm32f10x_hd_mthomas.o
                0x08001130                __Init_Data
 .text.Default_Handler
                0x08001198        0x6 OBJECTS/startup_stm32f10x_hd_mthomas.o
                0x08001198                EXTI2_IRQHandler
                0x08001198                TIM8_TRG_COM_IRQHandler
                0x08001198                TIM1_CC_IRQHandler
                0x08001198                TIM6_IRQHandler
                0x08001198                PVD_IRQHandler
                0x08001198                SDIO_IRQHandler
                0x08001198                EXTI3_IRQHandler
                0x08001198                EXTI0_IRQHandler
                0x08001198                I2C2_EV_IRQHandler
                0x08001198                ADC1_2_IRQHandler
                0x08001198                SPI1_IRQHandler
                0x08001198                TAMPER_IRQHandler
                0x08001198                TIM8_UP_IRQHandler
                0x08001198                DMA2_Channel2_IRQHandler
                0x08001198                USART3_IRQHandler
                0x08001198                RTC_IRQHandler
                0x08001198                CAN1_RX1_IRQHandler
                0x08001198                UART5_IRQHandler
                0x08001198                ADC3_IRQHandler
                0x08001198                TIM4_IRQHandler
                0x08001198                DMA2_Channel1_IRQHandler
                0x08001198                UART4_IRQHandler
                0x08001198                TIM3_IRQHandler
                0x08001198                RCC_IRQHandler
                0x08001198                TIM1_TRG_COM_IRQHandler
                0x08001198                DMA1_Channel1_IRQHandler
                0x08001198                Default_Handler
                0x08001198                EXTI15_10_IRQHandler
                0x08001198                TIM7_IRQHandler
                0x08001198                EXTI9_5_IRQHandler
                0x08001198                SPI2_IRQHandler
                0x08001198                EXTI4_IRQHandler
                0x08001198                USB_HP_CAN1_TX_IRQHandler
                0x08001198                FSMC_IRQHandler
                0x08001198                TIM1_UP_IRQHandler
                0x08001198                WWDG_IRQHandler
                0x08001198                TIM2_IRQHandler
                0x08001198                TIM1_BRK_IRQHandler
                0x08001198                EXTI1_IRQHandler
                0x08001198                RTCAlarm_IRQHandler
                0x08001198                DMA2_Channel4_5_IRQHandler
                0x08001198                USART2_IRQHandler
                0x08001198                I2C2_ER_IRQHandler
                0x08001198                TIM8_BRK_IRQHandler
                0x08001198                CAN1_SCE_IRQHandler
                0x08001198                FLASH_IRQHandler
                0x08001198                USART1_IRQHandler
                0x08001198                SPI3_IRQHandler
                0x08001198                MMI_Handler
                0x08001198                USBWakeUp_IRQHandler
                0x08001198                DMA2_Channel3_IRQHandler
 *fill*         0x0800119e        0x2 
 .text.RCC_Configuration
                0x080011a0       0xd4 OBJECTS/hwinit.o
                0x080011a0                RCC_Configuration
 .text.NVIC_Configuration
                0x08001274      0x124 OBJECTS/hwinit.o
                0x08001274                NVIC_Configuration
 .text.hwInit   0x08001398       0x28 OBJECTS/hwinit.o
                0x08001398                hwInit
 .text.xTaskGenericCreate
                0x080013c0      0x168 OBJECTS/tasks.o
                0x080013c0                xTaskGenericCreate
 .text.vTaskDelay
                0x08001528       0xa0 OBJECTS/tasks.o
                0x08001528                vTaskDelay
 .text.vTaskStartScheduler
                0x080015c8       0x64 OBJECTS/tasks.o
                0x080015c8                vTaskStartScheduler
 .text.vTaskSuspendAll
                0x0800162c       0x1c OBJECTS/tasks.o
                0x0800162c                vTaskSuspendAll
 .text.xTaskResumeAll
                0x08001648      0x118 OBJECTS/tasks.o
                0x08001648                xTaskResumeAll
 .text.vTaskIncrementTick
                0x08001760       0xfc OBJECTS/tasks.o
                0x08001760                vTaskIncrementTick
 .text.vTaskSwitchContext
                0x0800185c       0x90 OBJECTS/tasks.o
                0x0800185c                vTaskSwitchContext
 .text.vTaskPlaceOnEventList
                0x080018ec       0xa8 OBJECTS/tasks.o
                0x080018ec                vTaskPlaceOnEventList
 .text.xTaskRemoveFromEventList
                0x08001994       0xb4 OBJECTS/tasks.o
                0x08001994                xTaskRemoveFromEventList
 .text.vTaskSetTimeOutState
                0x08001a48       0x2c OBJECTS/tasks.o
                0x08001a48                vTaskSetTimeOutState
 .text.xTaskCheckForTimeOut
                0x08001a74       0x94 OBJECTS/tasks.o
                0x08001a74                xTaskCheckForTimeOut
 .text.vTaskMissedYield
                0x08001b08       0x18 OBJECTS/tasks.o
                0x08001b08                vTaskMissedYield
 .text.prvIdleTask
                0x08001b20       0x30 OBJECTS/tasks.o
 .text.prvInitialiseTCBVariables
                0x08001b50       0x74 OBJECTS/tasks.o
 .text.prvInitialiseTaskLists
                0x08001bc4       0x84 OBJECTS/tasks.o
 .text.prvCheckTasksWaitingTermination
                0x08001c48       0x9c OBJECTS/tasks.o
 .text.prvAllocateTCBAndStack
                0x08001ce4       0x64 OBJECTS/tasks.o
 .text.prvDeleteTCB
                0x08001d48       0x24 OBJECTS/tasks.o
 .text.xTaskGetCurrentTaskHandle
                0x08001d6c       0x1c OBJECTS/tasks.o
                0x08001d6c                xTaskGetCurrentTaskHandle
 .text.vTaskPriorityInherit
                0x08001d88       0xac OBJECTS/tasks.o
                0x08001d88                vTaskPriorityInherit
 .text.vTaskPriorityDisinherit
                0x08001e34       0x84 OBJECTS/tasks.o
                0x08001e34                vTaskPriorityDisinherit
 .text.xQueueGenericSend
                0x08001eb8      0x138 OBJECTS/queue.o
                0x08001eb8                xQueueGenericSend
 .text.xQueueGenericReceive
                0x08001ff0      0x1a0 OBJECTS/queue.o
                0x08001ff0                xQueueGenericReceive
 .text.prvCopyDataToQueue
                0x08002190       0xc0 OBJECTS/queue.o
 .text.prvCopyDataFromQueue
                0x08002250       0x50 OBJECTS/queue.o
 .text.prvUnlockQueue
                0x080022a0       0xa8 OBJECTS/queue.o
 .text.prvIsQueueEmpty
                0x08002348       0x34 OBJECTS/queue.o
 .text.prvIsQueueFull
                0x0800237c       0x38 OBJECTS/queue.o
 .text.vListInitialise
                0x080023b4       0x3e OBJECTS/list.o
                0x080023b4                vListInitialise
 .text.vListInitialiseItem
                0x080023f2       0x18 OBJECTS/list.o
                0x080023f2                vListInitialiseItem
 .text.vListInsertEnd
                0x0800240a       0x4e OBJECTS/list.o
                0x0800240a                vListInsertEnd
 .text.vListInsert
                0x08002458       0x70 OBJECTS/list.o
                0x08002458                vListInsert
 .text.vListRemove
                0x080024c8       0x4e OBJECTS/list.o
                0x080024c8                vListRemove
 .text.pxPortInitialiseStack
                0x08002516       0x50 OBJECTS/port.o
                0x08002516                pxPortInitialiseStack
 *fill*         0x08002566        0x2 
 .text.vPortSVCHandler
                0x08002568       0x24 OBJECTS/port.o
                0x08002568                vPortSVCHandler
 .text.vPortStartFirstTask
                0x0800258c       0x14 OBJECTS/port.o
                0x0800258c                vPortStartFirstTask
 .text.xPortStartScheduler
                0x080025a0       0x40 OBJECTS/port.o
                0x080025a0                xPortStartScheduler
 .text.vPortYieldFromISR
                0x080025e0       0x18 OBJECTS/port.o
                0x080025e0                vPortYieldFromISR
 .text.vPortEnterCritical
                0x080025f8       0x24 OBJECTS/port.o
                0x080025f8                vPortEnterCritical
 .text.vPortExitCritical
                0x0800261c       0x2c OBJECTS/port.o
                0x0800261c                vPortExitCritical
 .text.xPortPendSVHandler
                0x08002648       0x40 OBJECTS/port.o
                0x08002648                xPortPendSVHandler
 .text.xPortSysTickHandler
                0x08002688       0x38 OBJECTS/port.o
                0x08002688                xPortSysTickHandler
 .text.prvSetupTimerInterrupt
                0x080026c0       0x24 OBJECTS/port.o
 .text.pvPortMalloc
                0x080026e4      0x154 OBJECTS/heap_2.o
                0x080026e4                pvPortMalloc
 .text.vPortFree
                0x08002838       0x7c OBJECTS/heap_2.o
                0x08002838                vPortFree
 .text.xPortGetFreeHeapSize
                0x080028b4       0x14 OBJECTS/heap_2.o
                0x080028b4                xPortGetFreeHeapSize
 .text.USART_DeInit
                0x080028c8       0xc0 OBJECTS/stm32f10x_usart.o
                0x080028c8                USART_DeInit
 .text.USART_Init
                0x08002988       0xf0 OBJECTS/stm32f10x_usart.o
                0x08002988                USART_Init
 .text.USART_Cmd
                0x08002a78       0x3e OBJECTS/stm32f10x_usart.o
                0x08002a78                USART_Cmd
 .text.USART_DMACmd
                0x08002ab6       0x46 OBJECTS/stm32f10x_usart.o
                0x08002ab6                USART_DMACmd
 .text.USART_ClearFlag
                0x08002afc       0x20 OBJECTS/stm32f10x_usart.o
                0x08002afc                USART_ClearFlag
 .text.FLASH_SetLatency
                0x08002b1c       0x38 OBJECTS/stm32f10x_flash.o
                0x08002b1c                FLASH_SetLatency
 .text.FLASH_PrefetchBufferCmd
                0x08002b54       0x30 OBJECTS/stm32f10x_flash.o
                0x08002b54                FLASH_PrefetchBufferCmd
 .text.FLASH_Unlock
                0x08002b84       0x24 OBJECTS/stm32f10x_flash.o
                0x08002b84                FLASH_Unlock
 .text.FLASH_Lock
                0x08002ba8       0x1c OBJECTS/stm32f10x_flash.o
                0x08002ba8                FLASH_Lock
 .text.FLASH_ErasePage
                0x08002bc4       0x70 OBJECTS/stm32f10x_flash.o
                0x08002bc4                FLASH_ErasePage
 .text.FLASH_ClearFlag
                0x08002c34       0x20 OBJECTS/stm32f10x_flash.o
                0x08002c34                FLASH_ClearFlag
 .text.FLASH_GetStatus
                0x08002c54       0x54 OBJECTS/stm32f10x_flash.o
                0x08002c54                FLASH_GetStatus
 .text.FLASH_WaitForLastOperation
                0x08002ca8       0x50 OBJECTS/stm32f10x_flash.o
                0x08002ca8                FLASH_WaitForLastOperation
 .text.delay    0x08002cf8       0x28 OBJECTS/stm32f10x_flash.o
 .text.WriteFlash
                0x08002d20       0x7c OBJECTS/stm32f10x_flash.o
                0x08002d20                WriteFlash
 .text.GPIO_Init
                0x08002d9c      0x178 OBJECTS/stm32f10x_gpio.o
                0x08002d9c                GPIO_Init
 .text.GPIO_StructInit
                0x08002f14       0x26 OBJECTS/stm32f10x_gpio.o
                0x08002f14                GPIO_StructInit
 .text.GPIO_ReadInputDataBit
                0x08002f3a       0x32 OBJECTS/stm32f10x_gpio.o
                0x08002f3a                GPIO_ReadInputDataBit
 .text.GPIO_SetBits
                0x08002f6c       0x1c OBJECTS/stm32f10x_gpio.o
                0x08002f6c                GPIO_SetBits
 .text.GPIO_ResetBits
                0x08002f88       0x1c OBJECTS/stm32f10x_gpio.o
                0x08002f88                GPIO_ResetBits
 .text.GPIO_PinRemapConfig
                0x08002fa4       0xc4 OBJECTS/stm32f10x_gpio.o
                0x08002fa4                GPIO_PinRemapConfig
 .text.RCC_DeInit
                0x08003068       0x5c OBJECTS/stm32f10x_rcc.o
                0x08003068                RCC_DeInit
 .text.RCC_HSEConfig
                0x080030c4       0x5c OBJECTS/stm32f10x_rcc.o
                0x080030c4                RCC_HSEConfig
 .text.RCC_WaitForHSEStartUp
                0x08003120       0x58 OBJECTS/stm32f10x_rcc.o
                0x08003120                RCC_WaitForHSEStartUp
 .text.RCC_PLLConfig
                0x08003178       0x3c OBJECTS/stm32f10x_rcc.o
                0x08003178                RCC_PLLConfig
 .text.RCC_PLLCmd
                0x080031b4       0x20 OBJECTS/stm32f10x_rcc.o
                0x080031b4                RCC_PLLCmd
 .text.RCC_SYSCLKConfig
                0x080031d4       0x38 OBJECTS/stm32f10x_rcc.o
                0x080031d4                RCC_SYSCLKConfig
 .text.RCC_GetSYSCLKSource
                0x0800320c       0x1c OBJECTS/stm32f10x_rcc.o
                0x0800320c                RCC_GetSYSCLKSource
 .text.RCC_HCLKConfig
                0x08003228       0x38 OBJECTS/stm32f10x_rcc.o
                0x08003228                RCC_HCLKConfig
 .text.RCC_PCLK1Config
                0x08003260       0x38 OBJECTS/stm32f10x_rcc.o
                0x08003260                RCC_PCLK1Config
 .text.RCC_PCLK2Config
                0x08003298       0x38 OBJECTS/stm32f10x_rcc.o
                0x08003298                RCC_PCLK2Config
 .text.RCC_LSEConfig
                0x080032d0       0x40 OBJECTS/stm32f10x_rcc.o
                0x080032d0                RCC_LSEConfig
 .text.RCC_GetClocksFreq
                0x08003310      0x170 OBJECTS/stm32f10x_rcc.o
                0x08003310                RCC_GetClocksFreq
 .text.RCC_AHBPeriphClockCmd
                0x08003480       0x3c OBJECTS/stm32f10x_rcc.o
                0x08003480                RCC_AHBPeriphClockCmd
 .text.RCC_APB2PeriphClockCmd
                0x080034bc       0x3c OBJECTS/stm32f10x_rcc.o
                0x080034bc                RCC_APB2PeriphClockCmd
 .text.RCC_APB1PeriphClockCmd
                0x080034f8       0x3c OBJECTS/stm32f10x_rcc.o
                0x080034f8                RCC_APB1PeriphClockCmd
 .text.RCC_APB2PeriphResetCmd
                0x08003534       0x3c OBJECTS/stm32f10x_rcc.o
                0x08003534                RCC_APB2PeriphResetCmd
 .text.RCC_APB1PeriphResetCmd
                0x08003570       0x3c OBJECTS/stm32f10x_rcc.o
                0x08003570                RCC_APB1PeriphResetCmd
 .text.RCC_GetFlagStatus
                0x080035ac       0x74 OBJECTS/stm32f10x_rcc.o
                0x080035ac                RCC_GetFlagStatus
 .text.BKP_WriteBackupRegister
                0x08003620       0x38 OBJECTS/stm32f10x_bkp.o
                0x08003620                BKP_WriteBackupRegister
 .text.BKP_ReadBackupRegister
                0x08003658       0x30 OBJECTS/stm32f10x_bkp.o
                0x08003658                BKP_ReadBackupRegister
 .text.PWR_BackupAccessCmd
                0x08003688       0x20 OBJECTS/stm32f10x_pwr.o
                0x08003688                PWR_BackupAccessCmd
 .text.IWDG_WriteAccessCmd
                0x080036a8       0x20 OBJECTS/stm32f10x_iwdg.o
                0x080036a8                IWDG_WriteAccessCmd
 .text.IWDG_SetPrescaler
                0x080036c8       0x20 OBJECTS/stm32f10x_iwdg.o
                0x080036c8                IWDG_SetPrescaler
 .text.IWDG_SetReload
                0x080036e8       0x20 OBJECTS/stm32f10x_iwdg.o
                0x080036e8                IWDG_SetReload
 .text.IWDG_ReloadCounter
                0x08003708       0x18 OBJECTS/stm32f10x_iwdg.o
                0x08003708                IWDG_ReloadCounter
 .text.IWDG_Enable
                0x08003720       0x18 OBJECTS/stm32f10x_iwdg.o
                0x08003720                IWDG_Enable
 .text.DMA_DeInit
                0x08003738      0x174 OBJECTS/stm32f10x_dma.o
                0x08003738                DMA_DeInit
 .text.DMA_Init
                0x080038ac       0x7c OBJECTS/stm32f10x_dma.o
                0x080038ac                DMA_Init
 .text.DMA_Cmd  0x08003928       0x36 OBJECTS/stm32f10x_dma.o
                0x08003928                DMA_Cmd
 .text.DMA_ITConfig
                0x0800395e       0x3a OBJECTS/stm32f10x_dma.o
                0x0800395e                DMA_ITConfig
 .text.DMA_GetCurrDataCounter
                0x08003998       0x18 OBJECTS/stm32f10x_dma.o
                0x08003998                DMA_GetCurrDataCounter
 .text.DMA_ClearFlag
                0x080039b0       0x34 OBJECTS/stm32f10x_dma.o
                0x080039b0                DMA_ClearFlag
 .text.DMA_ClearITPendingBit
                0x080039e4       0x34 OBJECTS/stm32f10x_dma.o
                0x080039e4                DMA_ClearITPendingBit
 .text.TIM_TimeBaseInit
                0x08003a18       0x78 OBJECTS/stm32f10x_tim.o
                0x08003a18                TIM_TimeBaseInit
 .text.TIM_Cmd  0x08003a90       0x40 OBJECTS/stm32f10x_tim.o
                0x08003a90                TIM_Cmd
 .text.TIM_ITConfig
                0x08003ad0       0x46 OBJECTS/stm32f10x_tim.o
                0x08003ad0                TIM_ITConfig
 .text.TIM_ARRPreloadConfig
                0x08003b16       0x40 OBJECTS/stm32f10x_tim.o
                0x08003b16                TIM_ARRPreloadConfig
 .text.TIM_GetCapture3
                0x08003b56       0x18 OBJECTS/stm32f10x_tim.o
                0x08003b56                TIM_GetCapture3
 .text.TIM_GetCapture4
                0x08003b6e       0x1a OBJECTS/stm32f10x_tim.o
                0x08003b6e                TIM_GetCapture4
 .text.TIM_ClearFlag
                0x08003b88       0x20 OBJECTS/stm32f10x_tim.o
                0x08003b88                TIM_ClearFlag
 .text.TIM_GetITStatus
                0x08003ba8       0x52 OBJECTS/stm32f10x_tim.o
                0x08003ba8                TIM_GetITStatus
 .text.TIM_ClearITPendingBit
                0x08003bfa       0x20 OBJECTS/stm32f10x_tim.o
                0x08003bfa                TIM_ClearITPendingBit
 *fill*         0x08003c1a        0x2 
 .text.I2C_Init
                0x08003c1c      0x188 OBJECTS/stm32f10x_i2c.o
                0x08003c1c                I2C_Init
 .text.I2C_Cmd  0x08003da4       0x3e OBJECTS/stm32f10x_i2c.o
                0x08003da4                I2C_Cmd
 .text.I2C_GenerateSTART
                0x08003de2       0x3e OBJECTS/stm32f10x_i2c.o
                0x08003de2                I2C_GenerateSTART
 .text.I2C_GenerateSTOP
                0x08003e20       0x3e OBJECTS/stm32f10x_i2c.o
                0x08003e20                I2C_GenerateSTOP
 .text.I2C_AcknowledgeConfig
                0x08003e5e       0x3e OBJECTS/stm32f10x_i2c.o
                0x08003e5e                I2C_AcknowledgeConfig
 .text.I2C_ITConfig
                0x08003e9c       0x46 OBJECTS/stm32f10x_i2c.o
                0x08003e9c                I2C_ITConfig
 .text.I2C_SendData
                0x08003ee2       0x1e OBJECTS/stm32f10x_i2c.o
                0x08003ee2                I2C_SendData
 .text.I2C_ReceiveData
                0x08003f00       0x1a OBJECTS/stm32f10x_i2c.o
                0x08003f00                I2C_ReceiveData
 .text.I2C_Send7bitAddress
                0x08003f1a       0x3a OBJECTS/stm32f10x_i2c.o
                0x08003f1a                I2C_Send7bitAddress
 .text.I2C_ReadRegister
                0x08003f54       0x2c OBJECTS/stm32f10x_i2c.o
                0x08003f54                I2C_ReadRegister
 .text.I2C_GetLastEvent
                0x08003f80       0x42 OBJECTS/stm32f10x_i2c.o
                0x08003f80                I2C_GetLastEvent
 .text.I2C_CheckEvent
                0x08003fc2       0x5a OBJECTS/stm32f10x_i2c.o
                0x08003fc2                I2C_CheckEvent
 .text.I2C_GetFlagStatus
                0x0800401c       0x64 OBJECTS/stm32f10x_i2c.o
                0x0800401c                I2C_GetFlagStatus
 .text.I2C_ClearFlag
                0x08004080       0x2c OBJECTS/stm32f10x_i2c.o
                0x08004080                I2C_ClearFlag
 .text.I2C_ClearITPendingBit
                0x080040ac       0x2c OBJECTS/stm32f10x_i2c.o
                0x080040ac                I2C_ClearITPendingBit
 .text.NVIC_PriorityGroupConfig
                0x080040d8       0x24 OBJECTS/misc.o
                0x080040d8                NVIC_PriorityGroupConfig
 .text.NVIC_Init
                0x080040fc       0xc4 OBJECTS/misc.o
                0x080040fc                NVIC_Init
 .text.NVIC_SetVectorTable
                0x080041c0       0x2c OBJECTS/misc.o
                0x080041c0                NVIC_SetVectorTable
 .text.NVIC_EnableIRQ
                0x080041ec       0x30 OBJECTS/uart.o
 .text.NVIC_SetPriority
                0x0800421c       0x54 OBJECTS/uart.o
 .text.uartTxDMAConfiguration
                0x08004270       0x74 OBJECTS/uart.o
                0x08004270                uartTxDMAConfiguration
 .text.uartRxDMAConfiguration
                0x080042e4       0x6c OBJECTS/uart.o
                0x080042e4                uartRxDMAConfiguration
 .text.uart1Init
                0x08004350       0xd4 OBJECTS/uart.o
                0x08004350                uart1Init
 .text.uart1GetChar
                0x08004424       0x5c OBJECTS/uart.o
                0x08004424                uart1GetChar
 .text.uart1PutChar
                0x08004480       0x64 OBJECTS/uart.o
                0x08004480                uart1PutChar
 .text.uart1TxTask
                0x080044e4       0xb8 OBJECTS/uart.o
                0x080044e4                uart1TxTask
 .text.uart1Read
                0x0800459c       0x5c OBJECTS/uart.o
                0x0800459c                uart1Read
 .text.uart1Write
                0x080045f8       0x4c OBJECTS/uart.o
                0x080045f8                uart1Write
 .text.DMA1_Channel4_IRQHandler
                0x08004644       0x2c OBJECTS/uart.o
                0x08004644                DMA1_Channel4_IRQHandler
 .text.DMA1_Channel5_IRQHandler
                0x08004670       0x38 OBJECTS/uart.o
                0x08004670                DMA1_Channel5_IRQHandler
 .text.uart2Init
                0x080046a8       0xc4 OBJECTS/uart.o
                0x080046a8                uart2Init
 .text.uart2GetChar
                0x0800476c       0x5c OBJECTS/uart.o
                0x0800476c                uart2GetChar
 .text.uart2PutChar
                0x080047c8       0x64 OBJECTS/uart.o
                0x080047c8                uart2PutChar
 .text.uart2TxTask
                0x0800482c       0xb8 OBJECTS/uart.o
                0x0800482c                uart2TxTask
 .text.uart2Read
                0x080048e4       0x5c OBJECTS/uart.o
                0x080048e4                uart2Read
 .text.uart2Write
                0x08004940       0x4c OBJECTS/uart.o
                0x08004940                uart2Write
 .text.DMA1_Channel7_IRQHandler
                0x0800498c       0x38 OBJECTS/uart.o
                0x0800498c                DMA1_Channel7_IRQHandler
 .text.DMA1_Channel6_IRQHandler
                0x080049c4       0x38 OBJECTS/uart.o
                0x080049c4                DMA1_Channel6_IRQHandler
 .text.uart3Init
                0x080049fc       0xe8 OBJECTS/uart.o
                0x080049fc                uart3Init
 .text.uart3GetChar
                0x08004ae4       0x64 OBJECTS/uart.o
                0x08004ae4                uart3GetChar
 .text.uart3PutChar
                0x08004b48       0x64 OBJECTS/uart.o
                0x08004b48                uart3PutChar
 .text.uart3TxTask
                0x08004bac       0xc4 OBJECTS/uart.o
                0x08004bac                uart3TxTask
 .text.uart3Read
                0x08004c70       0x5c OBJECTS/uart.o
                0x08004c70                uart3Read
 .text.uart3Write
                0x08004ccc       0x6c OBJECTS/uart.o
                0x08004ccc                uart3Write
 .text.DMA1_Channel2_IRQHandler
                0x08004d38       0x34 OBJECTS/uart.o
                0x08004d38                DMA1_Channel2_IRQHandler
 .text.DMA1_Channel3_IRQHandler
                0x08004d6c       0x38 OBJECTS/uart.o
                0x08004d6c                DMA1_Channel3_IRQHandler
 .text.TIM8_CC_IRQHandler
                0x08004da4      0x114 OBJECTS/pwmcapture.o
                0x08004da4                TIM8_CC_IRQHandler
 .text.leap_year
                0x08004eb8       0x54 OBJECTS/rtclock.o
                0x08004eb8                leap_year
 .text.at91_bcd_int
                0x08004f0c       0x2c OBJECTS/rtclock.o
                0x08004f0c                at91_bcd_int
 .text.GetDayOfWeek
                0x08004f38       0xb8 OBJECTS/rtclock.o
                0x08004f38                GetDayOfWeek
 .text.at91_int_bcd
                0x08004ff0       0x68 OBJECTS/rtclock.o
                0x08004ff0                at91_int_bcd
 .text.UpdateTime
                0x08005058      0x1d0 OBJECTS/rtclock.o
                0x08005058                UpdateTime
 .text.rtcInit  0x08005228      0x1c8 OBJECTS/rtclock.o
                0x08005228                rtcInit
 .text.rtcGetDataTimeOff
                0x080053f0       0x9c OBJECTS/rtclock.o
                0x080053f0                rtcGetDataTimeOff
 .text.rtcGetDataTime
                0x0800548c       0x58 OBJECTS/rtclock.o
                0x0800548c                rtcGetDataTime
 .text.rtcSetDataTime
                0x080054e4      0x1ec OBJECTS/rtclock.o
                0x080054e4                rtcSetDataTime
 .text.rtcSetLocalDataTime
                0x080056d0      0x20c OBJECTS/rtclock.o
                0x080056d0                rtcSetLocalDataTime
 .text.itoaFix  0x080058dc       0x70 OBJECTS/rtclock.o
                0x080058dc                itoaFix
 .text.rtcGetiFixDateTime
                0x0800594c      0x12c OBJECTS/rtclock.o
                0x0800594c                rtcGetiFixDateTime
 .text.rtcSetiFixDateTime
                0x08005a78      0x13c OBJECTS/rtclock.o
                0x08005a78                rtcSetiFixDateTime
 .text.I2C_Time_BufferRead
                0x08005bb4      0x500 OBJECTS/rtclock.o
                0x08005bb4                I2C_Time_BufferRead
 .text.I2C_Time_BufferWrite
                0x080060b4      0x2f0 OBJECTS/rtclock.o
                0x080060b4                I2C_Time_BufferWrite
 .text.atcIncrementCounter
                0x080063a4       0x1c OBJECTS/rtclock.o
                0x080063a4                atcIncrementCounter
 .text.atcResetCounter
                0x080063c0       0x24 OBJECTS/rtclock.o
                0x080063c0                atcResetCounter
 .text.atcGetCounter
                0x080063e4       0x14 OBJECTS/rtclock.o
                0x080063e4                atcGetCounter
 .text.SwapBuffer
                0x080063f8       0x40 OBJECTS/rvnet.o
                0x080063f8                SwapBuffer
 .text.RVnetSlaveProcess
                0x08006438      0x140 OBJECTS/rvnet.o
                0x08006438                RVnetSlaveProcess
 .text.ReadDeviceID
                0x08006578       0x44 OBJECTS/rvnet.o
                0x08006578                ReadDeviceID
 .text.ReadNWords
                0x080065bc       0xc0 OBJECTS/rvnet.o
                0x080065bc                ReadNWords
 .text.WriteNWords
                0x0800667c       0xb4 OBJECTS/rvnet.o
                0x0800667c                WriteNWords
 .text.ReadNBits
                0x08006730       0xc0 OBJECTS/rvnet.o
                0x08006730                ReadNBits
 .text.WriteBit
                0x080067f0       0xfc OBJECTS/rvnet.o
                0x080067f0                WriteBit
 .text.ErrorAddress
                0x080068ec       0x26 OBJECTS/rvnet.o
                0x080068ec                ErrorAddress
 *fill*         0x08006912        0x2 
 .text.ErrorCreate
                0x08006914       0xac OBJECTS/error.o
                0x08006914                ErrorCreate
 .text.RVnetTcpSlaveProcess
                0x080069c0      0x144 OBJECTS/rvnettcp.o
                0x080069c0                RVnetTcpSlaveProcess
 .text.MemManInit
                0x08006b04       0x88 OBJECTS/memman.o
                0x08006b04                MemManInit
 .text.CopyDataBytes
                0x08006b8c       0x36 OBJECTS/memman.o
                0x08006b8c                CopyDataBytes
 .text.GetDefaultHandler
                0x08006bc2       0x1c OBJECTS/memman.o
                0x08006bc2                GetDefaultHandler
 .text.SetDefaultHandler
                0x08006bde       0x1c OBJECTS/memman.o
                0x08006bde                SetDefaultHandler
 *fill*         0x08006bfa        0x2 
 .text.MemGetWords
                0x08006bfc       0xa4 OBJECTS/memman.o
                0x08006bfc                MemGetWords
 .text.MemSetWords
                0x08006ca0       0xa4 OBJECTS/memman.o
                0x08006ca0                MemSetWords
 .text.CheckCRC
                0x08006d44       0x58 OBJECTS/crc.o
                0x08006d44                CheckCRC
 .text.SetCRC   0x08006d9c       0x60 OBJECTS/crc.o
                0x08006d9c                SetCRC
 .text.main     0x08006dfc      0x1a0 OBJECTS/main.o
                0x08006dfc                main
 .text.vApplicationIdleHook
                0x08006f9c        0xc OBJECTS/main.o
                0x08006f9c                vApplicationIdleHook
 .text.vApplicationTickHook
                0x08006fa8       0x28 OBJECTS/main.o
                0x08006fa8                vApplicationTickHook
 .text.GPIO_Configuration
                0x08006fd0      0x158 OBJECTS/main.o
                0x08006fd0                GPIO_Configuration
 .text.IWD_Start
                0x08007128       0x3c OBJECTS/main.o
                0x08007128                IWD_Start
 .text.__DSB    0x08007164       0x10 OBJECTS/stm32f10x_it.o
 .text.NVIC_SystemReset
                0x08007174       0x28 OBJECTS/stm32f10x_it.o
 .text.NMI_Handler
                0x0800719c        0xc OBJECTS/stm32f10x_it.o
                0x0800719c                NMI_Handler
 .text.HardFault_Handler
                0x080071a8       0x10 OBJECTS/stm32f10x_it.o
                0x080071a8                HardFault_Handler
 .text.USB_LP_CAN1_RX0_IRQHandler
                0x080071b8       0x10 OBJECTS/stm32f10x_it.o
                0x080071b8                USB_LP_CAN1_RX0_IRQHandler
 .text.MemManage_Handler
                0x080071c8        0x6 OBJECTS/stm32f10x_it.o
                0x080071c8                MemManage_Handler
 .text.BusFault_Handler
                0x080071ce        0x6 OBJECTS/stm32f10x_it.o
                0x080071ce                BusFault_Handler
 .text.UsageFault_Handler
                0x080071d4        0x6 OBJECTS/stm32f10x_it.o
                0x080071d4                UsageFault_Handler
 .text.DebugMon_Handler
                0x080071da        0xc OBJECTS/stm32f10x_it.o
                0x080071da                DebugMon_Handler
 *fill*         0x080071e6        0x2 
 .text.GprsIdleIncMSec
                0x080071e8       0x28 OBJECTS/gprscon.o
                0x080071e8                GprsIdleIncMSec
 .text.vGprsConTask
                0x08007210      0x4a4 OBJECTS/gprscon.o
                0x08007210                vGprsConTask
 .text.vLedTask
                0x080076b4      0x228 OBJECTS/led.o
                0x080076b4                vLedTask
 .text.vClockTask
                0x080078dc       0x84 OBJECTS/clock.o
                0x080078dc                vClockTask
 .text.vLogicaTask
                0x08007960       0x50 OBJECTS/logica.o
                0x08007960                vLogicaTask
 .text.ClearUIPData
                0x080079b0       0x60 OBJECTS/rs485.o
                0x080079b0                ClearUIPData
 .text.new_atof
                0x08007a10      0x1d4 OBJECTS/rs485.o
                0x08007a10                new_atof
 *fill*         0x08007be4        0x4 
 .text.MakeiFixUIP
                0x08007be8      0x344 OBJECTS/rs485.o
                0x08007be8                MakeiFixUIP
 .text.processBuffer7to8
                0x08007f2c       0x42 OBJECTS/rs485.o
                0x08007f2c                processBuffer7to8
 .text.processBuffer8to7
                0x08007f6e       0xe6 OBJECTS/rs485.o
                0x08007f6e                processBuffer8to7
 .text.SendReseive
                0x08008054       0xd8 OBJECTS/rs485.o
                0x08008054                SendReseive
 .text.AskParam
                0x0800812c       0x6c OBJECTS/rs485.o
                0x0800812c                AskParam
 .text.ParseAnswer
                0x08008198       0x58 OBJECTS/rs485.o
                0x08008198                ParseAnswer
 .text.AskConunter
                0x080081f0      0x320 OBJECTS/rs485.o
                0x080081f0                AskConunter
 .text.SendReseive318
                0x08008510       0xa0 OBJECTS/rs485.o
                0x08008510                SendReseive318
 .text.AskConunter318
                0x080085b0      0x324 OBJECTS/rs485.o
                0x080085b0                AskConunter318
 .text.vRs485Task
                0x080088d4      0x2b4 OBJECTS/rs485.o
                0x080088d4                vRs485Task
 .text.vUSBTask
                0x08008b88       0xf0 OBJECTS/usbtask.o
                0x08008b88                vUSBTask
 .text.vReletestTask
                0x08008c78      0x204 OBJECTS/reletest.o
                0x08008c78                vReletestTask
 .text.iecClaculateBCC
                0x08008e7c       0x40 OBJECTS/iec61107.o
                0x08008e7c                iecClaculateBCC
 .text.iecProcReqPacket
                0x08008ebc       0x92 OBJECTS/iec61107.o
                0x08008ebc                iecProcReqPacket
 .text.iecIndProc
                0x08008f4e       0xa8 OBJECTS/iec61107.o
                0x08008f4e                iecIndProc
 .text.iecOptionsAckPacket
                0x08008ff6       0x68 OBJECTS/iec61107.o
                0x08008ff6                iecOptionsAckPacket
 *fill*         0x0800905e        0x2 
 .text.iecProcAddrAnswer
                0x08009060       0xfc OBJECTS/iec61107.o
                0x08009060                iecProcAddrAnswer
 .text.iecProcVarReqPacket
                0x0800915c       0xcc OBJECTS/iec61107.o
                0x0800915c                iecProcVarReqPacket
 .text.iecProcVarAnswerPacket
                0x08009228       0x94 OBJECTS/iec61107.o
                0x08009228                iecProcVarAnswerPacket
 .text.iecProcExitPacket
                0x080092bc       0x4a OBJECTS/iec61107.o
                0x080092bc                iecProcExitPacket
 *fill*         0x08009306        0x2 
 .text.SetCRC16
                0x08009308       0x68 OBJECTS/smp_protocol.o
                0x08009308                SetCRC16
 .text.AskVoltA
                0x08009370      0x1b0 OBJECTS/smp_protocol.o
                0x08009370                AskVoltA
 .text.AskVoltB
                0x08009520      0x1b0 OBJECTS/smp_protocol.o
                0x08009520                AskVoltB
 .text.AskVoltC
                0x080096d0      0x1b0 OBJECTS/smp_protocol.o
                0x080096d0                AskVoltC
 .text.AskCurA  0x08009880      0x1b0 OBJECTS/smp_protocol.o
                0x08009880                AskCurA
 .text.AskCurB  0x08009a30      0x1b0 OBJECTS/smp_protocol.o
                0x08009a30                AskCurB
 .text.AskCurC  0x08009be0      0x1b0 OBJECTS/smp_protocol.o
                0x08009be0                AskCurC
 .text.AskPowA  0x08009d90      0x1b0 OBJECTS/smp_protocol.o
                0x08009d90                AskPowA
 .text.AskPowB  0x08009f40      0x1b0 OBJECTS/smp_protocol.o
                0x08009f40                AskPowB
 .text.AskPowC  0x0800a0f0      0x1b0 OBJECTS/smp_protocol.o
                0x0800a0f0                AskPowC
 .text.AskEnerge
                0x0800a2a0      0x1cc OBJECTS/smp_protocol.o
                0x0800a2a0                AskEnerge
 .text.AskTime  0x0800a46c      0x198 OBJECTS/smp_protocol.o
                0x0800a46c                AskTime
 .text.new_stof
                0x0800a604       0xf0 OBJECTS/smp_protocol.o
                0x0800a604                new_stof
 .text.TimeString
                0x0800a6f4       0xcc OBJECTS/smp_protocol.o
                0x0800a6f4                TimeString
 .text.DateString
                0x0800a7c0      0x104 OBJECTS/smp_protocol.o
                0x0800a7c0                DateString
 .text.ParseAnswerData
                0x0800a8c4      0x24c OBJECTS/smp_protocol.o
                0x0800a8c4                ParseAnswerData
 .text.ParseAnswerVolt
                0x0800ab10      0x114 OBJECTS/smp_protocol.o
                0x0800ab10                ParseAnswerVolt
 *fill*         0x0800ac24        0x4 
 .text.ParseAnswerCur
                0x0800ac28      0x114 OBJECTS/smp_protocol.o
                0x0800ac28                ParseAnswerCur
 *fill*         0x0800ad3c        0x4 
 .text.ParseAnswerPow
                0x0800ad40      0x114 OBJECTS/smp_protocol.o
                0x0800ad40                ParseAnswerPow
 *fill*         0x0800ae54        0x4 
 .text.ParseAnswerEnerge
                0x0800ae58       0xe8 OBJECTS/smp_protocol.o
                0x0800ae58                ParseAnswerEnerge
 .text.MemInit  0x0800af40      0x108 OBJECTS/usermemory.o
                0x0800af40                MemInit
 .text.GetRam   0x0800b048       0x54 OBJECTS/usermemory.o
                0x0800b048                GetRam
 .text.SetRam   0x0800b09c       0x54 OBJECTS/usermemory.o
                0x0800b09c                SetRam
 .text.GetSignature
                0x0800b0f0       0xf4 OBJECTS/usermemory.o
                0x0800b0f0                GetSignature
 .text.GetEeprom
                0x0800b1e4      0x100 OBJECTS/usermemory.o
                0x0800b1e4                GetEeprom
 .text.SetEeprom
                0x0800b2e4      0x170 OBJECTS/usermemory.o
                0x0800b2e4                SetEeprom
 .text.GetRtc   0x0800b454      0x1f4 OBJECTS/usermemory.o
                0x0800b454                GetRtc
 .text.SetRtc   0x0800b648      0x118 OBJECTS/usermemory.o
                0x0800b648                SetRtc
 .text.GetFlash
                0x0800b760       0x54 OBJECTS/usermemory.o
                0x0800b760                GetFlash
 .text.SetFlash
                0x0800b7b4      0x2a4 OBJECTS/usermemory.o
                0x0800b7b4                SetFlash
 .text.Buffercmp
                0x0800ba58       0x4c OBJECTS/usermemory.o
                0x0800ba58                Buffercmp
 .text.DiskretSet
                0x0800baa4       0x3c OBJECTS/diskrets.o
                0x0800baa4                DiskretSet
 .text.DiskretsProcessWave
                0x0800bae0      0x134 OBJECTS/diskrets.o
                0x0800bae0                DiskretsProcessWave
 .text.DiskretsProcess
                0x0800bc14       0x80 OBJECTS/diskrets.o
                0x0800bc14                DiskretsProcess
 .text.USART2TIMConfigure
                0x0800bc94       0x8c OBJECTS/usart2.o
                0x0800bc94                USART2TIMConfigure
 .text.TIM5_IRQHandler
                0x0800bd20       0x60 OBJECTS/usart2.o
                0x0800bd20                TIM5_IRQHandler
 .text.IsLiteral
                0x0800bd80       0x26 OBJECTS/modem.o
                0x0800bd80                IsLiteral
 *fill*         0x0800bda6        0x2 
 .text.InitSioBuf
                0x0800bda8       0x20 OBJECTS/modem.o
                0x0800bda8                InitSioBuf
 .text.PopFromBuf
                0x0800bdc8       0x4c OBJECTS/modem.o
                0x0800bdc8                PopFromBuf
 .text.FillBuf  0x0800be14       0xa4 OBJECTS/modem.o
                0x0800be14                FillBuf
 .text.ReadString
                0x0800beb8       0xa0 OBJECTS/modem.o
                0x0800beb8                ReadString
 .text.GetModemAnswer
                0x0800bf58       0x5c OBJECTS/modem.o
                0x0800bf58                GetModemAnswer
 .text.ReadModem
                0x0800bfb4       0x38 OBJECTS/modem.o
                0x0800bfb4                ReadModem
 .text.ModemWrite
                0x0800bfec       0x44 OBJECTS/modem.o
                0x0800bfec                ModemWrite
 .text.WaitAnsver
                0x0800c030       0x3c OBJECTS/modem.o
                0x0800c030                WaitAnsver
 .text.WaitOk   0x0800c06c       0x30 OBJECTS/modem.o
                0x0800c06c                WaitOk
 .text.WaitAtd  0x0800c09c       0x30 OBJECTS/modem.o
                0x0800c09c                WaitAtd
 .text.WaitAtd1
                0x0800c0cc       0x30 OBJECTS/modem.o
                0x0800c0cc                WaitAtd1
 .text.CSQ      0x0800c0fc       0xf0 OBJECTS/modem.o
                0x0800c0fc                CSQ
 .text.GSM_clock
                0x0800c1ec      0x234 OBJECTS/modem.o
                0x0800c1ec                GSM_clock
 .text.ATCPIN   0x0800c420      0x130 OBJECTS/modem.o
                0x0800c420                ATCPIN
 .text.ATCREG   0x0800c550       0xec OBJECTS/modem.o
                0x0800c550                ATCREG
 .text.ATOPEN   0x0800c63c      0x214 OBJECTS/modem.o
                0x0800c63c                ATOPEN
 .text.WaitClose
                0x0800c850       0xa4 OBJECTS/modem.o
                0x0800c850                WaitClose
 .text.WaitCloseServer
                0x0800c8f4       0x30 OBJECTS/modem.o
                0x0800c8f4                WaitCloseServer
 .text.WaitGprsConnectUC20
                0x0800c924      0x238 OBJECTS/modem.o
                0x0800c924                WaitGprsConnectUC20
 .text.WaitGprsConnectUC15
                0x0800cb5c      0x33c OBJECTS/modem.o
                0x0800cb5c                WaitGprsConnectUC15
 .text.WaitGprsConnectM66
                0x0800ce98      0x3e0 OBJECTS/modem.o
                0x0800ce98                WaitGprsConnectM66
 .text.WaitGprsConnectN715
                0x0800d278      0x4c0 OBJECTS/modem.o
                0x0800d278                WaitGprsConnectN715
 .text.SelectModem
                0x0800d738      0x234 OBJECTS/modem.o
                0x0800d738                SelectModem
 .text.ModemInit
                0x0800d96c      0x248 OBJECTS/modem.o
                0x0800d96c                ModemInit
 .text.ModemReceiveData
                0x0800dbb4      0xa20 OBJECTS/modem.o
                0x0800dbb4                ModemReceiveData
 .text.ModemSendData
                0x0800e5d4      0x24c OBJECTS/modem.o
                0x0800e5d4                ModemSendData
 .text.reverse  0x0800e820       0x74 OBJECTS/journal.o
                0x0800e820                reverse
 .text.itoa1    0x0800e894       0x9c OBJECTS/journal.o
                0x0800e894                itoa1
 .text.itoa_n   0x0800e930       0xb4 OBJECTS/journal.o
                0x0800e930                itoa_n
 .text.atoi1    0x0800e9e4       0x44 OBJECTS/journal.o
                0x0800e9e4                atoi1
 .text.GetTimeString
                0x0800ea28       0xb8 OBJECTS/journal.o
                0x0800ea28                GetTimeString
 .text.GetDateString
                0x0800eae0       0xbc OBJECTS/journal.o
                0x0800eae0                GetDateString
 .text.GetTimeStringOff
                0x0800eb9c       0xb8 OBJECTS/journal.o
                0x0800eb9c                GetTimeStringOff
 .text.GetDateStringOff
                0x0800ec54       0xbc OBJECTS/journal.o
                0x0800ec54                GetDateStringOff
 .text.JrnlClear
                0x0800ed10       0xa4 OBJECTS/journal.o
                0x0800ed10                JrnlClear
 .text.JrnlWrite
                0x0800edb4      0x1f0 OBJECTS/journal.o
                0x0800edb4                JrnlWrite
 .text.JrnlWriteOff
                0x0800efa4      0x1cc OBJECTS/journal.o
                0x0800efa4                JrnlWriteOff
 .text.GetJrnlLength
                0x0800f170       0x30 OBJECTS/journal.o
                0x0800f170                GetJrnlLength
 .text.JournalConf
                0x0800f1a0       0xb8 OBJECTS/journal.o
                0x0800f1a0                JournalConf
 .text.Reset    0x0800f258       0x78 OBJECTS/translator.o
                0x0800f258                Reset
 .text.GetChannelBitSignal
                0x0800f2d0       0x4c OBJECTS/translator.o
                0x0800f2d0                GetChannelBitSignal
 .text.GetChannelBitRepare
                0x0800f31c       0x4e OBJECTS/translator.o
                0x0800f31c                GetChannelBitRepare
 .text.GetChannelBitDirect
                0x0800f36a       0x4e OBJECTS/translator.o
                0x0800f36a                GetChannelBitDirect
 .text.GetChannelBitReserv
                0x0800f3b8       0x4e OBJECTS/translator.o
                0x0800f3b8                GetChannelBitReserv
 .text.SetChannelBitSignal
                0x0800f406       0xae OBJECTS/translator.o
                0x0800f406                SetChannelBitSignal
 .text.SetChannelBitRepare
                0x0800f4b4       0xcc OBJECTS/translator.o
                0x0800f4b4                SetChannelBitRepare
 .text.SetChannelBitDirect
                0x0800f580       0xb2 OBJECTS/translator.o
                0x0800f580                SetChannelBitDirect
 .text.SetChannelBitReserv
                0x0800f632       0xb2 OBJECTS/translator.o
                0x0800f632                SetChannelBitReserv
 .text.GetDiskretFromRam
                0x0800f6e4       0x58 OBJECTS/translator.o
                0x0800f6e4                GetDiskretFromRam
 .text.SetRelayToRam
                0x0800f73c       0xac OBJECTS/translator.o
                0x0800f73c                SetRelayToRam
 .text.CheckDiscretMask
                0x0800f7e8      0x12c OBJECTS/translator.o
                0x0800f7e8                CheckDiscretMask
 .text.CheckDiscretMaskNegative
                0x0800f914      0x104 OBJECTS/translator.o
                0x0800f914                CheckDiscretMaskNegative
 .text.CheckCUSignal
                0x0800fa18      0x13c OBJECTS/translator.o
                0x0800fa18                CheckCUSignal
 .text.CheckErrors
                0x0800fb54      0x224 OBJECTS/translator.o
                0x0800fb54                CheckErrors
 .text.CheckDiscretsErrors
                0x0800fd78      0x1dc OBJECTS/translator.o
                0x0800fd78                CheckDiscretsErrors
 .text.CheckPowerOn
                0x0800ff54      0x174 OBJECTS/translator.o
                0x0800ff54                CheckPowerOn
 .text.DoProgram
                0x080100c8     0x1554 OBJECTS/translator.o
                0x080100c8                DoProgram
 .text.I2C_Configuration
                0x0801161c       0x74 OBJECTS/i2c_ee.o
                0x0801161c                I2C_Configuration
 .text.I2C_EE_BufferWrite
                0x08011690      0x158 OBJECTS/i2c_ee.o
                0x08011690                I2C_EE_BufferWrite
 .text.I2C_EE_PageWrite
                0x080117e8      0x2ec OBJECTS/i2c_ee.o
                0x080117e8                I2C_EE_PageWrite
 .text.I2C_EE_BufferRead
                0x08011ad4      0x46c OBJECTS/i2c_ee.o
                0x08011ad4                I2C_EE_BufferRead
 .text.I2C_EE_WaitEepromStandbyState
                0x08011f40      0x170 OBJECTS/i2c_ee.o
                0x08011f40                I2C_EE_WaitEepromStandbyState
 .text.I2C_EE_Relaunch
                0x080120b0      0x12c OBJECTS/i2c_ee.o
                0x080120b0                I2C_EE_Relaunch
 .text.EV_IRQHandler
                0x080121dc      0x2f0 OBJECTS/mios32_iic.o
 .text.ER_IRQHandler
                0x080124cc       0xc4 OBJECTS/mios32_iic.o
 .text.I2C1_EV_IRQHandler
                0x08012590       0x18 OBJECTS/mios32_iic.o
                0x08012590                I2C1_EV_IRQHandler
 .text.I2C1_ER_IRQHandler
                0x080125a8       0x18 OBJECTS/mios32_iic.o
                0x080125a8                I2C1_ER_IRQHandler
 .text.EP1_IN_Callback
                0x080125c0       0x8c OBJECTS/usb_endp.o
                0x080125c0                EP1_IN_Callback
 .text.EP3_OUT_Callback
                0x0801264c       0x50 OBJECTS/usb_endp.o
                0x0801264c                EP3_OUT_Callback
 .text.SOF_Callback
                0x0801269c       0x34 OBJECTS/usb_endp.o
                0x0801269c                SOF_Callback
 .text.USB_Istr
                0x080126d0       0x98 OBJECTS/usb_istr.o
                0x080126d0                USB_Istr
 .text.Virtual_Com_Port_init
                0x08012768       0x38 OBJECTS/usb_prop.o
                0x08012768                Virtual_Com_Port_init
 .text.Virtual_Com_Port_Reset
                0x080127a0      0x11c OBJECTS/usb_prop.o
                0x080127a0                Virtual_Com_Port_Reset
 .text.Virtual_Com_Port_Status_In
                0x080128bc       0x20 OBJECTS/usb_prop.o
                0x080128bc                Virtual_Com_Port_Status_In
 .text.Virtual_Com_Port_Status_Out
                0x080128dc        0xc OBJECTS/usb_prop.o
                0x080128dc                Virtual_Com_Port_Status_Out
 .text.Virtual_Com_Port_Data_Setup
                0x080128e8       0x80 OBJECTS/usb_prop.o
                0x080128e8                Virtual_Com_Port_Data_Setup
 .text.Virtual_Com_Port_NoData_Setup
                0x08012968       0x3c OBJECTS/usb_prop.o
                0x08012968                Virtual_Com_Port_NoData_Setup
 .text.Virtual_Com_Port_GetDeviceDescriptor
                0x080129a4       0x28 OBJECTS/usb_prop.o
                0x080129a4                Virtual_Com_Port_GetDeviceDescriptor
 .text.Virtual_Com_Port_GetConfigDescriptor
                0x080129cc       0x28 OBJECTS/usb_prop.o
                0x080129cc                Virtual_Com_Port_GetConfigDescriptor
 .text.Virtual_Com_Port_GetStringDescriptor
                0x080129f4       0x44 OBJECTS/usb_prop.o
                0x080129f4                Virtual_Com_Port_GetStringDescriptor
 .text.Virtual_Com_Port_Get_Interface_Setting
                0x08012a38       0x30 OBJECTS/usb_prop.o
                0x08012a38                Virtual_Com_Port_Get_Interface_Setting
 .text.Virtual_Com_Port_GetLineCoding
                0x08012a68       0x30 OBJECTS/usb_prop.o
                0x08012a68                Virtual_Com_Port_GetLineCoding
 .text.Virtual_Com_Port_SetLineCoding
                0x08012a98       0x30 OBJECTS/usb_prop.o
                0x08012a98                Virtual_Com_Port_SetLineCoding
 .text.PowerOn  0x08012ac8       0x54 OBJECTS/usb_pwr.o
                0x08012ac8                PowerOn
 .text.USB_Cable_Config
                0x08012b1c       0x14 OBJECTS/hw_config.o
                0x08012b1c                USB_Cable_Config
 .text.Handle_USBAsynchXfer
                0x08012b30       0x20 OBJECTS/hw_config.o
                0x08012b30                Handle_USBAsynchXfer
 .text.Get_SerialNum
                0x08012b50       0x5c OBJECTS/hw_config.o
                0x08012b50                Get_SerialNum
 .text.IntToUnicode
                0x08012bac       0x7c OBJECTS/hw_config.o
 .text.Standard_GetConfiguration
                0x08012c28       0x3c OBJECTS/usb_core.o
                0x08012c28                Standard_GetConfiguration
 .text.Standard_SetConfiguration
                0x08012c64       0x50 OBJECTS/usb_core.o
                0x08012c64                Standard_SetConfiguration
 .text.Standard_GetInterface
                0x08012cb4       0x3c OBJECTS/usb_core.o
                0x08012cb4                Standard_GetInterface
 .text.Standard_SetInterface
                0x08012cf0       0x88 OBJECTS/usb_core.o
                0x08012cf0                Standard_SetInterface
 .text.Standard_GetStatus
                0x08012d78      0x138 OBJECTS/usb_core.o
                0x08012d78                Standard_GetStatus
 .text.Standard_ClearFeature
                0x08012eb0      0x1e8 OBJECTS/usb_core.o
                0x08012eb0                Standard_ClearFeature
 .text.Standard_SetEndPointFeature
                0x08013098      0x114 OBJECTS/usb_core.o
                0x08013098                Standard_SetEndPointFeature
 .text.Standard_SetDeviceFeature
                0x080131ac       0x2c OBJECTS/usb_core.o
                0x080131ac                Standard_SetDeviceFeature
 .text.Standard_GetDescriptorData
                0x080131d8       0x48 OBJECTS/usb_core.o
                0x080131d8                Standard_GetDescriptorData
 .text.DataStageOut
                0x08013220      0x110 OBJECTS/usb_core.o
 .text.DataStageIn
                0x08013330      0x118 OBJECTS/usb_core.o
 .text.NoData_Setup0
                0x08013448      0x1b4 OBJECTS/usb_core.o
 .text.Data_Setup0
                0x080135fc      0x330 OBJECTS/usb_core.o
 .text.Setup0_Process
                0x0801392c       0xe8 OBJECTS/usb_core.o
                0x0801392c                Setup0_Process
 .text.In0_Process
                0x08013a14       0x9c OBJECTS/usb_core.o
                0x08013a14                In0_Process
 .text.Out0_Process
                0x08013ab0       0x7c OBJECTS/usb_core.o
                0x08013ab0                Out0_Process
 .text.Post0_Process
                0x08013b2c       0x54 OBJECTS/usb_core.o
                0x08013b2c                Post0_Process
 .text.SetDeviceAddress
                0x08013b80       0x7c OBJECTS/usb_core.o
                0x08013b80                SetDeviceAddress
 .text.NOP_Process
                0x08013bfc        0xc OBJECTS/usb_core.o
                0x08013bfc                NOP_Process
 .text.CTR_LP   0x08013c08      0x30c OBJECTS/usb_int.o
                0x08013c08                CTR_LP
 .text.UserToPMABufferCopy
                0x08013f14       0x76 OBJECTS/usb_mem.o
                0x08013f14                UserToPMABufferCopy
 .text.PMAToUserBufferCopy
                0x08013f8a       0x5c OBJECTS/usb_mem.o
                0x08013f8a                PMAToUserBufferCopy
 *fill*         0x08013fe6        0x2 
 .text.SetBTABLE
                0x08013fe8       0x24 OBJECTS/usb_regs.o
                0x08013fe8                SetBTABLE
 .text.SetEPType
                0x0801400c       0x4c OBJECTS/usb_regs.o
                0x0801400c                SetEPType
 .text.SetEPTxStatus
                0x08014058       0x70 OBJECTS/usb_regs.o
                0x08014058                SetEPTxStatus
 .text.SetEPRxStatus
                0x080140c8       0x70 OBJECTS/usb_regs.o
                0x080140c8                SetEPRxStatus
 .text.SetEPTxValid
                0x08014138       0x54 OBJECTS/usb_regs.o
                0x08014138                SetEPTxValid
 .text.SetEPRxValid
                0x0801418c       0x54 OBJECTS/usb_regs.o
                0x0801418c                SetEPRxValid
 .text.Clear_Status_Out
                0x080141e0       0x48 OBJECTS/usb_regs.o
                0x080141e0                Clear_Status_Out
 .text.ClearDTOG_RX
                0x08014228       0x5a OBJECTS/usb_regs.o
                0x08014228                ClearDTOG_RX
 .text.ClearDTOG_TX
                0x08014282       0x5a OBJECTS/usb_regs.o
                0x08014282                ClearDTOG_TX
 .text.SetEPTxAddr
                0x080142dc       0x40 OBJECTS/usb_regs.o
                0x080142dc                SetEPTxAddr
 .text.SetEPRxAddr
                0x0801431c       0x44 OBJECTS/usb_regs.o
                0x0801431c                SetEPRxAddr
 .text.GetEPTxAddr
                0x08014360       0x34 OBJECTS/usb_regs.o
                0x08014360                GetEPTxAddr
 .text.GetEPRxAddr
                0x08014394       0x34 OBJECTS/usb_regs.o
                0x08014394                GetEPRxAddr
 .text.SetEPTxCount
                0x080143c8       0x3c OBJECTS/usb_regs.o
                0x080143c8                SetEPTxCount
 .text.SetEPRxCount
                0x08014404       0x84 OBJECTS/usb_regs.o
                0x08014404                SetEPRxCount
 .text.GetEPRxCount
                0x08014488       0x3c OBJECTS/usb_regs.o
                0x08014488                GetEPRxCount
 .text.ByteSwap
                0x080144c4       0x2e OBJECTS/usb_regs.o
                0x080144c4                ByteSwap
 *fill*         0x080144f2        0x2 
 .text.USB_SIL_Init
                0x080144f4       0x30 OBJECTS/usb_sil.o
                0x080144f4                USB_SIL_Init
 .text.USB_SIL_Read
                0x08014524       0x58 OBJECTS/usb_sil.o
                0x08014524                USB_SIL_Read
 .text.atoi     0x0801457c        0x8 c:/program files (x86)/gnu arm embedded toolchain/10 2021.10/bin/../lib/gcc/arm-none-eabi/10.3.1/../../../../arm-none-eabi/lib/thumb/v7-m/nofp\libc.a(lib_a-atoi.o)
                0x0801457c                atoi
 .text.__errno  0x08014584        0xc c:/program files (x86)/gnu arm embedded toolchain/10 2021.10/bin/../lib/gcc/arm-none-eabi/10.3.1/../../../../arm-none-eabi/lib/thumb/v7-m/nofp\libc.a(lib_a-errno.o)
                0x08014584                __errno
 .text.memset   0x08014590       0xa4 c:/program files (x86)/gnu arm embedded toolchain/10 2021.10/bin/../lib/gcc/arm-none-eabi/10.3.1/../../../../arm-none-eabi/lib/thumb/v7-m/nofp\libc.a(lib_a-memset.o)
                0x08014590                memset
 .text.strcat   0x08014634       0x40 c:/program files (x86)/gnu arm embedded toolchain/10 2021.10/bin/../lib/gcc/arm-none-eabi/10.3.1/../../../../arm-none-eabi/lib/thumb/v7-m/nofp\libc.a(lib_a-strcat.o)
                0x08014634                strcat
 .text.strcpy   0x08014674       0xbc c:/program files (x86)/gnu arm embedded toolchain/10 2021.10/bin/../lib/gcc/arm-none-eabi/10.3.1/../../../../arm-none-eabi/lib/thumb/v7-m/nofp\libc.a(lib_a-strcpy.o)
                0x08014674                strcpy
 .text.strlen   0x08014730       0x5c c:/program files (x86)/gnu arm embedded toolchain/10 2021.10/bin/../lib/gcc/arm-none-eabi/10.3.1/../../../../arm-none-eabi/lib/thumb/v7-m/nofp\libc.a(lib_a-strlen-stub.o)
                0x08014730                strlen
 .text.strncpy  0x0801478c       0x68 c:/program files (x86)/gnu arm embedded toolchain/10 2021.10/bin/../lib/gcc/arm-none-eabi/10.3.1/../../../../arm-none-eabi/lib/thumb/v7-m/nofp\libc.a(lib_a-strncpy.o)
                0x0801478c                strncpy
 .text._strtol_l.part.0
                0x080147f4      0x120 c:/program files (x86)/gnu arm embedded toolchain/10 2021.10/bin/../lib/gcc/arm-none-eabi/10.3.1/../../../../arm-none-eabi/lib/thumb/v7-m/nofp\libc.a(lib_a-strtol.o)
 .text.strtol   0x08014914       0x2c c:/program files (x86)/gnu arm embedded toolchain/10 2021.10/bin/../lib/gcc/arm-none-eabi/10.3.1/../../../../arm-none-eabi/lib/thumb/v7-m/nofp\libc.a(lib_a-strtol.o)
                0x08014914                strtol
 *(.stub .gnu.linkonce.t.*)
 *(.rodata .rodata.* .gnu.linkonce.r.*)
 .rodata        0x08014940        0x5 OBJECTS/tasks.o
 *fill*         0x08014945        0x3 
 .rodata        0x08014948       0x12 OBJECTS/rtclock.o
 *fill*         0x0801495a        0x2 
 .rodata        0x0801495c       0x1f OBJECTS/memman.o
 *fill*         0x0801497b        0x1 
 .rodata.crc16_table
                0x0801497c      0x400 OBJECTS/crc.o
                0x0801497c                crc16_table
 .rodata        0x08014d7c       0x32 OBJECTS/main.o
 *fill*         0x08014dae        0x2 
 .rodata        0x08014db0       0x40 OBJECTS/gprscon.o
 .rodata        0x08014df0        0xf OBJECTS/clock.o
 *fill*         0x08014dff        0x1 
 .rodata        0x08014e00       0x42 OBJECTS/rs485.o
 *fill*         0x08014e42        0x2 
 .rodata.Crc16Tabl
                0x08014e44      0x200 OBJECTS/smp_protocol.o
                0x08014e44                Crc16Tabl
 .rodata        0x08015044        0x6 OBJECTS/smp_protocol.o
 *fill*         0x0801504a        0x2 
 .rodata        0x0801504c       0x6b OBJECTS/usermemory.o
 *fill*         0x080150b7        0x1 
 .rodata        0x080150b8      0x3da OBJECTS/modem.o
 *fill*         0x08015492        0x2 
 .rodata.atset  0x08015494       0x60 OBJECTS/modem.o
                0x08015494                atset
 .rodata        0x080154f4       0xdf OBJECTS/journal.o
 *fill*         0x080155d3        0x1 
 .rodata        0x080155d4      0x19d OBJECTS/translator.o
 *fill*         0x08015771        0x3 
 .rodata.Virtual_Com_Port_DeviceDescriptor
                0x08015774       0x12 OBJECTS/usb_desc.o
                0x08015774                Virtual_Com_Port_DeviceDescriptor
 *fill*         0x08015786        0x2 
 .rodata.Virtual_Com_Port_ConfigDescriptor
                0x08015788       0x43 OBJECTS/usb_desc.o
                0x08015788                Virtual_Com_Port_ConfigDescriptor
 *fill*         0x080157cb        0x1 
 .rodata.Virtual_Com_Port_StringLangID
                0x080157cc        0x4 OBJECTS/usb_desc.o
                0x080157cc                Virtual_Com_Port_StringLangID
 .rodata.Virtual_Com_Port_StringVendor
                0x080157d0       0x26 OBJECTS/usb_desc.o
                0x080157d0                Virtual_Com_Port_StringVendor
 *fill*         0x080157f6        0x2 
 .rodata.Virtual_Com_Port_StringProduct
                0x080157f8       0x32 OBJECTS/usb_desc.o
                0x080157f8                Virtual_Com_Port_StringProduct
 *fill*         0x0801582a        0x2 
 .rodata._ctype_
                0x0801582c      0x101 c:/program files (x86)/gnu arm embedded toolchain/10 2021.10/bin/../lib/gcc/arm-none-eabi/10.3.1/../../../../arm-none-eabi/lib/thumb/v7-m/nofp\libc.a(lib_a-ctype_.o)
                0x0801582c                _ctype_
 *(.glue_7 .glue_7t)
 .glue_7        0x0801592d        0x0 linker stubs
 .glue_7t       0x0801592d        0x0 linker stubs
                0x08015930                . = ALIGN (0x4)
 *fill*         0x0801592d        0x3 
                0x08015930                _etext = .
                0x08015930                _sidata = _etext

.vfp11_veneer   0x08015930        0x0
 .vfp11_veneer  0x08015930        0x0 linker stubs

.v4_bx          0x08015930        0x0
 .v4_bx         0x08015930        0x0 linker stubs

.iplt           0x08015930        0x0
 .iplt          0x08015930        0x0 OBJECTS/startup_stm32f10x_hd_mthomas.o

.rel.dyn        0x08015930        0x0
 .rel.iplt      0x08015930        0x0 OBJECTS/startup_stm32f10x_hd_mthomas.o

.data           0x20000000      0x658 load address 0x08015930
                0x20000000                . = .
                0x20000000                . = ALIGN (0x4)
                0x20000000                _sdata = .
                0x20000000                . = ALIGN (0x80)
                0x00000000                _isr_vectorsram_offs = (. - 0x20000000)
 *(.isr_vectorsram)
 .isr_vectorsram
                0x20000000      0x130 OBJECTS/startup_stm32f10x_hd_mthomas.o
                0x20000000                g_pfnVectors
                0x20000130                . = ALIGN (0x4)
 *(.ramfunc*)
                0x20000130                . = ALIGN (0x4)
 *(.data .data.* .gnu.linkonce.d.*)
 .data.uxCriticalNesting
                0x20000130        0x4 OBJECTS/port.o
 .data.APBAHBPrescTable
                0x20000134       0x10 OBJECTS/stm32f10x_rcc.o
 .data.ADCPrescTable
                0x20000144        0x4 OBJECTS/stm32f10x_rcc.o
 .data.pxConfig
                0x20000148        0x4 OBJECTS/rtclock.o
                0x20000148                pxConfig
 .data.month_day_table
                0x2000014c        0xc OBJECTS/rtclock.o
                0x2000014c                month_day_table
 .data.ErrorsAmount
                0x20000158        0x2 OBJECTS/error.o
                0x20000158                ErrorsAmount
 .data.ErrorsMaxAmount
                0x2000015a        0x2 OBJECTS/error.o
                0x2000015a                ErrorsMaxAmount
 .data.month_day_table2
                0x2000015c        0xc OBJECTS/smp_protocol.o
                0x2000015c                month_day_table2
 .data.Virtual_Com_Port_StringSerial
                0x20000168       0x1a OBJECTS/usb_desc.o
                0x20000168                Virtual_Com_Port_StringSerial
 *fill*         0x20000182        0x2 
 .data.pEpInt_IN
                0x20000184       0x1c OBJECTS/usb_istr.o
                0x20000184                pEpInt_IN
 .data.pEpInt_OUT
                0x200001a0       0x1c OBJECTS/usb_istr.o
                0x200001a0                pEpInt_OUT
 .data.linecoding
                0x200001bc        0x8 OBJECTS/usb_prop.o
                0x200001bc                linecoding
 .data.Device_Table
                0x200001c4        0x2 OBJECTS/usb_prop.o
                0x200001c4                Device_Table
 *fill*         0x200001c6        0x2 
 .data.Device_Property
                0x200001c8       0x30 OBJECTS/usb_prop.o
                0x200001c8                Device_Property
 .data.Device_Descriptor
                0x200001f8        0x8 OBJECTS/usb_prop.o
                0x200001f8                Device_Descriptor
 .data.Config_Descriptor
                0x20000200        0x8 OBJECTS/usb_prop.o
                0x20000200                Config_Descriptor
 .data.String_Descriptor
                0x20000208       0x20 OBJECTS/usb_prop.o
                0x20000208                String_Descriptor
 .data._impure_ptr
                0x20000228        0x4 c:/program files (x86)/gnu arm embedded toolchain/10 2021.10/bin/../lib/gcc/arm-none-eabi/10.3.1/../../../../arm-none-eabi/lib/thumb/v7-m/nofp\libc.a(lib_a-impure.o)
                0x20000228                _impure_ptr
 *fill*         0x2000022c        0x4 
 .data.impure_data
                0x20000230      0x428 c:/program files (x86)/gnu arm embedded toolchain/10 2021.10/bin/../lib/gcc/arm-none-eabi/10.3.1/../../../../arm-none-eabi/lib/thumb/v7-m/nofp\libc.a(lib_a-impure.o)
                0x20000658                . = ALIGN (0x4)
                0x20000658                _edata = .

.igot.plt       0x20000658        0x0 load address 0x08015f88
 .igot.plt      0x20000658        0x0 OBJECTS/startup_stm32f10x_hd_mthomas.o

.bss            0x20000658     0x908c load address 0x08015f88
                0x20000658                . = ALIGN (0x4)
                0x20000658                _sbss = .
 *(.bss .bss.*)
 .bss.HSEStartUpStatus
                0x20000658        0x1 OBJECTS/hwinit.o
                0x20000658                HSEStartUpStatus
 *fill*         0x20000659        0x3 
 .bss.pxCurrentTCB
                0x2000065c        0x4 OBJECTS/tasks.o
                0x2000065c                pxCurrentTCB
 .bss.pxReadyTasksLists
                0x20000660       0xc8 OBJECTS/tasks.o
 .bss.xDelayedTaskList1
                0x20000728       0x14 OBJECTS/tasks.o
 .bss.xDelayedTaskList2
                0x2000073c       0x14 OBJECTS/tasks.o
 .bss.pxDelayedTaskList
                0x20000750        0x4 OBJECTS/tasks.o
 .bss.pxOverflowDelayedTaskList
                0x20000754        0x4 OBJECTS/tasks.o
 .bss.xPendingReadyList
                0x20000758       0x14 OBJECTS/tasks.o
 .bss.xTasksWaitingTermination
                0x2000076c       0x14 OBJECTS/tasks.o
 .bss.uxTasksDeleted
                0x20000780        0x4 OBJECTS/tasks.o
 .bss.xSuspendedTaskList
                0x20000784       0x14 OBJECTS/tasks.o
 .bss.uxCurrentNumberOfTasks
                0x20000798        0x4 OBJECTS/tasks.o
 .bss.xTickCount
                0x2000079c        0x4 OBJECTS/tasks.o
 .bss.uxTopUsedPriority
                0x200007a0        0x4 OBJECTS/tasks.o
 .bss.uxTopReadyPriority
                0x200007a4        0x4 OBJECTS/tasks.o
 .bss.xSchedulerRunning
                0x200007a8        0x4 OBJECTS/tasks.o
 .bss.uxSchedulerSuspended
                0x200007ac        0x4 OBJECTS/tasks.o
 .bss.uxMissedTicks
                0x200007b0        0x4 OBJECTS/tasks.o
 .bss.xMissedYield
                0x200007b4        0x4 OBJECTS/tasks.o
 .bss.xNumOfOverflows
                0x200007b8        0x4 OBJECTS/tasks.o
 .bss.uxTaskNumber
                0x200007bc        0x4 OBJECTS/tasks.o
 .bss.xHeap     0x200007c0     0x5000 OBJECTS/heap_2.o
 .bss.xStart    0x200057c0        0x8 OBJECTS/heap_2.o
 .bss.xEnd      0x200057c8        0x8 OBJECTS/heap_2.o
 .bss.xFreeBytesRemaining
                0x200057d0        0x4 OBJECTS/heap_2.o
 .bss.xHeapHasBeenInitialised.0
                0x200057d4        0x4 OBJECTS/heap_2.o
 .bss.u1Fifo    0x200057d8      0x84c OBJECTS/uart.o
                0x200057d8                u1Fifo
 .bss.u2Fifo    0x20006024      0x84c OBJECTS/uart.o
                0x20006024                u2Fifo
 .bss.u3Fifo    0x20006870      0x84c OBJECTS/uart.o
                0x20006870                u3Fifo
 .bss.pwmcVlue  0x200070bc        0x8 OBJECTS/pwmcapture.o
                0x200070bc                pwmcVlue
 .bss.led1.4    0x200070c4        0x4 OBJECTS/pwmcapture.o
 .bss.oldCC3.3  0x200070c8        0x2 OBJECTS/pwmcapture.o
 *fill*         0x200070ca        0x2 
 .bss.led2.2    0x200070cc        0x4 OBJECTS/pwmcapture.o
 .bss.oldCC4.1  0x200070d0        0x2 OBJECTS/pwmcapture.o
 .bss.oldP4.0   0x200070d2        0x2 OBJECTS/pwmcapture.o
 .bss.RTClock   0x200070d4       0x20 OBJECTS/rtclock.o
                0x200070d4                RTClock
 .bss.iFixLocal
                0x200070f4        0x1 OBJECTS/rtclock.o
                0x200070f4                iFixLocal
 *fill*         0x200070f5        0x3 
 .bss.atcTickCounter
                0x200070f8        0x4 OBJECTS/rtclock.o
                0x200070f8                atcTickCounter
 .bss.FlagGSMtime
                0x200070fc        0x1 OBJECTS/rtclock.o
                0x200070fc                FlagGSMtime
 .bss.FlagGPStime
                0x200070fd        0x1 OBJECTS/rtclock.o
                0x200070fd                FlagGPStime
 *fill*         0x200070fe        0x2 
 .bss.data      0x20007100        0x7 OBJECTS/rtclock.o
                0x20007100                data
 *fill*         0x20007107        0x1 
 .bss.dataoff   0x20007108        0x7 OBJECTS/rtclock.o
                0x20007108                dataoff
 *fill*         0x2000710f        0x1 
 .bss.IsErrorInitialized
                0x20007110        0x4 OBJECTS/error.o
                0x20007110                IsErrorInitialized
 .bss.Errors    0x20007114        0x4 OBJECTS/error.o
                0x20007114                Errors
 .bss.MemManReadAccessError
                0x20007118        0x2 OBJECTS/memman.o
                0x20007118                MemManReadAccessError
 .bss.MemManWriteAccessError
                0x2000711a        0x2 OBJECTS/memman.o
                0x2000711a                MemManWriteAccessError
 .bss.memunit   0x2000711c       0x78 OBJECTS/memman.o
                0x2000711c                memunit
 .bss.initMK    0x20007194        0x4 OBJECTS/main.o
                0x20007194                initMK
 .bss.T1        0x20007198        0x2 OBJECTS/main.o
                0x20007198                T1
 *fill*         0x2000719a        0x2 
 .bss.counttick
                0x2000719c        0x4 OBJECTS/main.o
                0x2000719c                counttick
 .bss.GprsIdleMSecCSQ
                0x200071a0        0x4 OBJECTS/gprscon.o
                0x200071a0                GprsIdleMSecCSQ
 .bss.GprsConnectionsAttempt
                0x200071a4        0x4 OBJECTS/gprscon.o
                0x200071a4                GprsConnectionsAttempt
 .bss.gprssize  0x200071a8        0x4 OBJECTS/gprscon.o
                0x200071a8                gprssize
 .bss.restart   0x200071ac        0x1 OBJECTS/gprscon.o
                0x200071ac                restart
 *fill*         0x200071ad        0x3 
 .bss.FlagNoModem_Journal
                0x200071b0        0x4 OBJECTS/gprscon.o
                0x200071b0                FlagNoModem_Journal
 .bss.gprsbuf   0x200071b4      0x100 OBJECTS/gprscon.o
                0x200071b4                gprsbuf
 .bss.LedReg    0x200072b4        0x1 OBJECTS/led.o
                0x200072b4                LedReg
 .bss.LedConnect
                0x200072b5        0x1 OBJECTS/led.o
                0x200072b5                LedConnect
 .bss.LedReceive
                0x200072b6        0x1 OBJECTS/led.o
                0x200072b6                LedReceive
 .bss.LedSend   0x200072b7        0x1 OBJECTS/led.o
                0x200072b7                LedSend
 .bss.LedNoModem
                0x200072b8        0x1 OBJECTS/led.o
                0x200072b8                LedNoModem
 .bss.LedSIM    0x200072b9        0x1 OBJECTS/led.o
                0x200072b9                LedSIM
 .bss.LedAPN    0x200072ba        0x1 OBJECTS/led.o
                0x200072ba                LedAPN
 .bss.JrnlTime  0x200072bb        0x1 OBJECTS/clock.o
                0x200072bb                JrnlTime
 .bss.ResetTime
                0x200072bc        0x1 OBJECTS/clock.o
                0x200072bc                ResetTime
 .bss.ResetTimeEnd
                0x200072bd        0x1 OBJECTS/clock.o
                0x200072bd                ResetTimeEnd
 *fill*         0x200072be        0x2 
 .bss.rs485buf  0x200072c0      0x100 OBJECTS/rs485.o
                0x200072c0                rs485buf
 .bss.tmpbuff   0x200073c0       0x80 OBJECTS/rs485.o
                0x200073c0                tmpbuff
 .bss.rs485size
                0x20007440        0x1 OBJECTS/rs485.o
                0x20007440                rs485size
 *fill*         0x20007441        0x3 
 .bss.id        0x20007444       0x14 OBJECTS/rs485.o
                0x20007444                id
 .bss.MeterNumber
                0x20007458        0x4 OBJECTS/rs485.o
                0x20007458                MeterNumber
 .bss.RAM       0x2000745c      0x802 OBJECTS/usermemory.o
                0x2000745c                RAM
 *fill*         0x20007c5e        0x2 
 .bss.tmpPointer
                0x20007c60        0x4 OBJECTS/usermemory.o
                0x20007c60                tmpPointer
 .bss.tmpLen    0x20007c64        0x4 OBJECTS/usermemory.o
                0x20007c64                tmpLen
 .bss.bigFlashBuff
                0x20007c68      0x800 OBJECTS/usermemory.o
                0x20007c68                bigFlashBuff
 .bss.DeviceID  0x20008468        0x4 OBJECTS/usermemory.o
                0x20008468                DeviceID
 .bss.DiskretsWave
                0x2000846c        0xb OBJECTS/diskrets.o
                0x2000846c                DiskretsWave
 *fill*         0x20008477        0x1 
 .bss.DiskretsWaveOld
                0x20008478        0xb OBJECTS/diskrets.o
                0x20008478                DiskretsWaveOld
 *fill*         0x20008483        0x1 
 .bss.DiskretsWaveFiltered
                0x20008484        0xb OBJECTS/diskrets.o
                0x20008484                DiskretsWaveFiltered
 *fill*         0x2000848f        0x1 
 .bss.DiskretsChangesCounter
                0x20008490       0x16 OBJECTS/diskrets.o
                0x20008490                DiskretsChangesCounter
 *fill*         0x200084a6        0x2 
 .bss.DiskretsChangesTimer
                0x200084a8       0x16 OBJECTS/diskrets.o
                0x200084a8                DiskretsChangesTimer
 *fill*         0x200084be        0x2 
 .bss.DiskretsWaveStateCount
                0x200084c0       0x16 OBJECTS/diskrets.o
                0x200084c0                DiskretsWaveStateCount
 *fill*         0x200084d6        0x2 
 .bss.ReceivedMsg
                0x200084d8      0x204 OBJECTS/usart2.o
                0x200084d8                ReceivedMsg
 .bss.GprsIdleMSec
                0x200086dc        0x4 OBJECTS/modem.o
                0x200086dc                GprsIdleMSec
 .bss.sio_buf   0x200086e0      0x400 OBJECTS/modem.o
                0x200086e0                sio_buf
 .bss.sio_buf2  0x20008ae0      0x400 OBJECTS/modem.o
                0x20008ae0                sio_buf2
 .bss.sio_buf4  0x20008ee0      0x400 OBJECTS/modem.o
                0x20008ee0                sio_buf4
 .bss.bufpoint  0x200092e0        0x4 OBJECTS/modem.o
                0x200092e0                bufpoint
 .bss.bufsize   0x200092e4        0x2 OBJECTS/modem.o
                0x200092e4                bufsize
 .bss.bufsize2  0x200092e6        0x2 OBJECTS/modem.o
                0x200092e6                bufsize2
 .bss.bufsize4  0x200092e8        0x2 OBJECTS/modem.o
                0x200092e8                bufsize4
 *fill*         0x200092ea        0x2 
 .bss.numRD     0x200092ec        0x4 OBJECTS/modem.o
                0x200092ec                numRD
 .bss.i_OPEN    0x200092f0        0x4 OBJECTS/modem.o
                0x200092f0                i_OPEN
 .bss.i_Select  0x200092f4        0x4 OBJECTS/modem.o
                0x200092f4                i_Select
 .bss.LedNoModem_Journal
                0x200092f8        0x1 OBJECTS/modem.o
                0x200092f8                LedNoModem_Journal
 .bss.LedSIM_Journal
                0x200092f9        0x1 OBJECTS/modem.o
                0x200092f9                LedSIM_Journal
 .bss.LedAPN_Journal
                0x200092fa        0x1 OBJECTS/modem.o
                0x200092fa                LedAPN_Journal
 *fill*         0x200092fb        0x1 
 .bss.strbuf    0x200092fc      0x100 OBJECTS/modem.o
                0x200092fc                strbuf
 .bss.jrnlLength
                0x200093fc        0x2 OBJECTS/journal.o
                0x200093fc                jrnlLength
 .bss.bPowerOn  0x200093fe        0x1 OBJECTS/translator.o
                0x200093fe                bPowerOn
 *fill*         0x200093ff        0x1 
 .bss.ChanelDirect
                0x20009400        0x8 OBJECTS/translator.o
                0x20009400                ChanelDirect
 .bss.ChanelRepare
                0x20009408        0x8 OBJECTS/translator.o
                0x20009408                ChanelRepare
 .bss.ChanelChangeDirect
                0x20009410        0x8 OBJECTS/translator.o
                0x20009410                ChanelChangeDirect
 .bss.ChanelChangeRepare
                0x20009418        0x8 OBJECTS/translator.o
                0x20009418                ChanelChangeRepare
 .bss.prevLogicFlags
                0x20009420        0x1 OBJECTS/translator.o
                0x20009420                prevLogicFlags
 *fill*         0x20009421        0x3 
 .bss.prevErrDiscretLogic
                0x20009424        0x8 OBJECTS/translator.o
                0x20009424                prevErrDiscretLogic
 .bss.CountReset
                0x2000942c        0x2 OBJECTS/translator.o
                0x2000942c                CountReset
 *fill*         0x2000942e        0x2 
 .bss.manualwork
                0x20009430        0x4 OBJECTS/translator.o
                0x20009430                manualwork
 .bss.block     0x20009434       0x20 OBJECTS/translator.o
                0x20009434                block
 .bss.NeedWrite
                0x20009454        0x1 OBJECTS/translator.o
                0x20009454                NeedWrite
 *fill*         0x20009455        0x3 
 .bss.message   0x20009458       0x1e OBJECTS/translator.o
                0x20009458                message
 *fill*         0x20009476        0x2 
 .bss.minbuf    0x20009478       0x14 OBJECTS/translator.o
                0x20009478                minbuf
 .bss.buffer    0x2000948c      0x100 OBJECTS/translator.o
                0x2000948c                buffer
 .bss.EEPROM_ADDRESS
                0x2000958c        0x2 OBJECTS/i2c_ee.o
                0x2000958c                EEPROM_ADDRESS
 *fill*         0x2000958e        0x2 
 .bss.MIOS32_IIC_unexpected_event
                0x20009590        0x4 OBJECTS/mios32_iic.o
                0x20009590                MIOS32_IIC_unexpected_event
 .bss.iic_rec   0x20009594       0x24 OBJECTS/mios32_iic.o
 .bss.USB_Rx_Buffer
                0x200095b8      0x100 OBJECTS/usb_endp.o
                0x200095b8                USB_Rx_Buffer
 .bss.USB_Tx_Buffer
                0x200096b8        0x4 OBJECTS/usb_endp.o
                0x200096b8                USB_Tx_Buffer
 .bss.USB_Rx_Cnt
                0x200096bc        0x1 OBJECTS/usb_endp.o
                0x200096bc                USB_Rx_Cnt
 .bss.USB_Tx_Cnt
                0x200096bd        0x1 OBJECTS/usb_endp.o
                0x200096bd                USB_Tx_Cnt
 *fill*         0x200096be        0x2 
 .bss.FrameCount.0
                0x200096c0        0x4 OBJECTS/usb_endp.o
 .bss.wIstr     0x200096c4        0x2 OBJECTS/usb_istr.o
                0x200096c4                wIstr
 .bss.bIntPackSOF
                0x200096c6        0x1 OBJECTS/usb_istr.o
                0x200096c6                bIntPackSOF
 .bss.Request   0x200096c7        0x1 OBJECTS/usb_prop.o
                0x200096c7                Request
 .bss.bDeviceState
                0x200096c8        0x4 OBJECTS/usb_pwr.o
                0x200096c8                bDeviceState
 .bss.StatusInfo
                0x200096cc        0x2 OBJECTS/usb_core.o
                0x200096cc                StatusInfo
 .bss.Data_Mul_MaxPacketSize
                0x200096ce        0x1 OBJECTS/usb_core.o
                0x200096ce                Data_Mul_MaxPacketSize
 .bss.EPindex   0x200096cf        0x1 OBJECTS/usb_init.o
                0x200096cf                EPindex
 .bss.pInformation
                0x200096d0        0x4 OBJECTS/usb_init.o
                0x200096d0                pInformation
 .bss.pProperty
                0x200096d4        0x4 OBJECTS/usb_init.o
                0x200096d4                pProperty
 .bss.wInterrupt_Mask
                0x200096d8        0x2 OBJECTS/usb_init.o
                0x200096d8                wInterrupt_Mask
 *fill*         0x200096da        0x2 
 .bss.pUser_Standard_Requests
                0x200096dc        0x4 OBJECTS/usb_init.o
                0x200096dc                pUser_Standard_Requests
 .bss.SaveRState
                0x200096e0        0x2 OBJECTS/usb_int.o
                0x200096e0                SaveRState
 .bss.SaveTState
                0x200096e2        0x2 OBJECTS/usb_int.o
                0x200096e2                SaveTState
 *(COMMON)
                0x200096e4                . = ALIGN (0x4)
                0x200096e4                _ebss = .
                0x200096e4                PROVIDE (end = _ebss)
                [!provide]                PROVIDE (_end = _ebss)

._usrstack      0x200096e4      0x100 load address 0x0801f014
                0x200096e4                . = ALIGN (0x4)
                0x200096e4                _susrstack = .
                0x200097e4                . = (. + _Minimum_Stack_Size)
 *fill*         0x200096e4      0x100 
                0x200097e4                . = ALIGN (0x4)
                0x200097e4                _eusrstack = .

.b1text
 *(.b1text)
 *(.b1rodata)
 *(.b1rodata*)

.eb0text
 *(.eb0text)
 *(.eb0rodata)
 *(.eb0rodata*)

.eb1text
 *(.eb1text)
 *(.eb1rodata)
 *(.eb1rodata*)

.eb2text
 *(.eb2text)
 *(.eb2rodata)
 *(.eb2rodata*)

.eb3text
 *(.eb3text)
 *(.eb3rodata)
 *(.eb3rodata*)

.stab
 *(.stab)

.stabstr
 *(.stabstr)

.stab.excl
 *(.stab.excl)

.stab.exclstr
 *(.stab.exclstr)

.stab.index
 *(.stab.index)

.stab.indexstr
 *(.stab.indexstr)

.comment        0x00000000       0x49
 *(.comment)
 .comment       0x00000000       0x49 OBJECTS/startup_stm32f10x_hd_mthomas.o
                                 0x4a (size before relaxing)
 .comment       0x00000049       0x4a OBJECTS/hwinit.o
 .comment       0x00000049       0x4a OBJECTS/tasks.o
 .comment       0x00000049       0x4a OBJECTS/queue.o
 .comment       0x00000049       0x4a OBJECTS/list.o
 .comment       0x00000049       0x4a OBJECTS/port.o
 .comment       0x00000049       0x4a OBJECTS/heap_2.o
 .comment       0x00000049       0x4a OBJECTS/stm32f10x_usart.o
 .comment       0x00000049       0x4a OBJECTS/stm32f10x_flash.o
 .comment       0x00000049       0x4a OBJECTS/stm32f10x_gpio.o
 .comment       0x00000049       0x4a OBJECTS/stm32f10x_rcc.o
 .comment       0x00000049       0x4a OBJECTS/stm32f10x_bkp.o